Archive member included to satisfy reference by file (symbol)

.\CortexM3\ARM_GCC_541\Debug\Scale.a(UART_1.o)
                              .\CortexM3\ARM_GCC_541\Debug\main.o (UART_1_Start)
.\CortexM3\ARM_GCC_541\Debug\Scale.a(isr_uart_rx.o)
                              .\CortexM3\ARM_GCC_541\Debug\main.o (isr_uart_rx_StartEx)
.\CortexM3\ARM_GCC_541\Debug\Scale.a(ADC_SAR_1.o)
                              .\CortexM3\ARM_GCC_541\Debug\main.o (ADC_SAR_1_Start)
.\CortexM3\ARM_GCC_541\Debug\Scale.a(ADC_SAR_1_INT.o)
                              .\CortexM3\ARM_GCC_541\Debug\Scale.a(ADC_SAR_1.o) (ADC_SAR_1_ISR)
.\CortexM3\ARM_GCC_541\Debug\Scale.a(UART_1_IntClock.o)
                              .\CortexM3\ARM_GCC_541\Debug\Scale.a(UART_1.o) (UART_1_IntClock_Start)
.\CortexM3\ARM_GCC_541\Debug\Scale.a(ADC_SAR_1_theACLK.o)
                              .\CortexM3\ARM_GCC_541\Debug\Scale.a(ADC_SAR_1.o) (ADC_SAR_1_theACLK_SetModeRegister)
.\CortexM3\ARM_GCC_541\Debug\Scale.a(CyLib.o)
                              .\CortexM3\ARM_GCC_541\Debug\Cm3Start.o (CyHalt)
.\CortexM3\ARM_GCC_541\Debug\Scale.a(cyPm.o)
                              .\CortexM3\ARM_GCC_541\Debug\Scale.a(CyLib.o) (CyPmReadStatus)
.\CortexM3\ARM_GCC_541\Debug\Scale.a(I2COLED.o)
                              .\CortexM3\ARM_GCC_541\Debug\main.o (I2COLED_Start)
.\CortexM3\ARM_GCC_541\Debug\Scale.a(I2COLED_INT.o)
                              .\CortexM3\ARM_GCC_541\Debug\Scale.a(I2COLED.o) (I2COLED_ISR)
.\CortexM3\ARM_GCC_541\Debug\Scale.a(I2COLED_PM.o)
                              .\CortexM3\ARM_GCC_541\Debug\Scale.a(I2COLED.o) (I2COLED_backup)
.\CortexM3\ARM_GCC_541\Debug\Scale.a(I2COLED_MASTER.o)
                              .\CortexM3\ARM_GCC_541\Debug\Scale.a(I2COLED.o) (I2COLED_mstrStatus)
.\CortexM3\ARM_GCC_541\Debug\Scale.a(CyBootAsmGnu.o)
                              .\CortexM3\ARM_GCC_541\Debug\cyfitter_cfg.o (CyDelayCycles)
.\CortexM3\ARM_GCC_541\Debug\Scale.a(CyFlash.o)
                              .\CortexM3\ARM_GCC_541\Debug\Scale.a(cyPm.o) (CyFlash_SetWaitCycles)
.\CortexM3\ARM_GCC_541\Debug\Scale.a(CySpc.o)
                              .\CortexM3\ARM_GCC_541\Debug\Scale.a(CyFlash.o) (CySpcStart)
c:/program files (x86)/cypress/psoc creator/4.4/psoc creator/import/gnu/arm/5.4.1/bin/../lib/gcc/arm-none-eabi/5.4.1/armv7-m\libgcc.a(_arm_addsubdf3.o)
                              .\CortexM3\ARM_GCC_541\Debug\main.o (__aeabi_f2d)
c:/program files (x86)/cypress/psoc creator/4.4/psoc creator/import/gnu/arm/5.4.1/bin/../lib/gcc/arm-none-eabi/5.4.1/armv7-m\libgcc.a(_arm_addsubsf3.o)
                              .\CortexM3\ARM_GCC_541\Debug\Scale.a(ADC_SAR_1.o) (__aeabi_i2f)
c:/program files (x86)/cypress/psoc creator/4.4/psoc creator/import/gnu/arm/5.4.1/bin/../lib/gcc/arm-none-eabi/5.4.1/armv7-m\libgcc.a(_arm_muldivsf3.o)
                              .\CortexM3\ARM_GCC_541\Debug\Scale.a(ADC_SAR_1.o) (__aeabi_fmul)
c:/program files (x86)/cypress/psoc creator/4.4/psoc creator/import/gnu/arm/5.4.1/bin/../lib/gcc/arm-none-eabi/5.4.1/armv7-m\libgcc.a(_aeabi_ldivmod.o)
                              .\CortexM3\ARM_GCC_541\Debug\Scale.a(ADC_SAR_1.o) (__aeabi_ldivmod)
c:/program files (x86)/cypress/psoc creator/4.4/psoc creator/import/gnu/arm/5.4.1/bin/../lib/gcc/arm-none-eabi/5.4.1/armv7-m\libgcc.a(_udivmoddi4.o)
                              c:/program files (x86)/cypress/psoc creator/4.4/psoc creator/import/gnu/arm/5.4.1/bin/../lib/gcc/arm-none-eabi/5.4.1/armv7-m\libgcc.a(_aeabi_ldivmod.o) (__udivmoddi4)
c:/program files (x86)/cypress/psoc creator/4.4/psoc creator/import/gnu/arm/5.4.1/bin/../lib/gcc/arm-none-eabi/5.4.1/armv7-m\libgcc.a(_dvmd_tls.o)
                              c:/program files (x86)/cypress/psoc creator/4.4/psoc creator/import/gnu/arm/5.4.1/bin/../lib/gcc/arm-none-eabi/5.4.1/armv7-m\libgcc.a(_aeabi_ldivmod.o) (__aeabi_ldiv0)
c:/program files (x86)/cypress/psoc creator/4.4/psoc creator/import/gnu/arm/5.4.1/bin/../lib/gcc/arm-none-eabi/5.4.1/../../../../arm-none-eabi/lib/armv7-m\libg_nano.a(lib_a-errno.o)
                              .\CortexM3\ARM_GCC_541\Debug\Cm3Start.o (__errno)
c:/program files (x86)/cypress/psoc creator/4.4/psoc creator/import/gnu/arm/5.4.1/bin/../lib/gcc/arm-none-eabi/5.4.1/../../../../arm-none-eabi/lib/armv7-m\libg_nano.a(lib_a-exit.o)
                              c:/program files (x86)/cypress/psoc creator/4.4/psoc creator/import/gnu/arm/5.4.1/bin/../lib/gcc/arm-none-eabi/5.4.1/../../../../arm-none-eabi/lib/armv7-m/crt0.o (exit)
c:/program files (x86)/cypress/psoc creator/4.4/psoc creator/import/gnu/arm/5.4.1/bin/../lib/gcc/arm-none-eabi/5.4.1/../../../../arm-none-eabi/lib/armv7-m\libg_nano.a(lib_a-impure.o)
                              c:/program files (x86)/cypress/psoc creator/4.4/psoc creator/import/gnu/arm/5.4.1/bin/../lib/gcc/arm-none-eabi/5.4.1/../../../../arm-none-eabi/lib/armv7-m\libg_nano.a(lib_a-exit.o) (_global_impure_ptr)
[...]
Memory Configuration

Name             Origin             Length             Attributes
rom              0x00000000         0x00040000         xr
ram              0x1fff8000         0x00010000         xrw
*default*        0x00000000         0xffffffff

Linker script and memory map

LOAD c:/program files (x86)/cypress/psoc creator/4.4/psoc creator/import/gnu/arm/5.4.1/bin/../lib/gcc/arm-none-eabi/5.4.1/armv7-m/crti.o
LOAD c:/program files (x86)/cypress/psoc creator/4.4/psoc creator/import/gnu/arm/5.4.1/bin/../lib/gcc/arm-none-eabi/5.4.1/armv7-m/crtbegin.o
LOAD c:/program files (x86)/cypress/psoc creator/4.4/psoc creator/import/gnu/arm/5.4.1/bin/../lib/gcc/arm-none-eabi/5.4.1/../../../../arm-none-eabi/lib/armv7-m/crt0.o
START GROUP
LOAD .\CortexM3\ARM_GCC_541\Debug\main.o
LOAD .\CortexM3\ARM_GCC_541\Debug\ssd1306.o
LOAD .\CortexM3\ARM_GCC_541\Debug\cyfitter_cfg.o
LOAD .\CortexM3\ARM_GCC_541\Debug\cymetadata.o
LOAD .\CortexM3\ARM_GCC_541\Debug\Cm3Start.o
LOAD .\CortexM3\ARM_GCC_541\Debug\Scale.a
LOAD C:\Program Files (x86)\Cypress\PSoC Creator\4.4\PSoC Creator\psoc\content\cycomponentlibrary\CyComponentLibrary.cylib\CortexM3\ARM_GCC_541\Debug\CyComponentLibrary.a
END GROUP
START GROUP
LOAD c:/program files (x86)/cypress/psoc creator/4.4/psoc creator/import/gnu/arm/5.4.1/bin/../lib/gcc/arm-none-eabi/5.4.1/armv7-m\libgcc.a
LOAD c:/program files (x86)/cypress/psoc creator/4.4/psoc creator/import/gnu/arm/5.4.1/bin/../lib/gcc/arm-none-eabi/5.4.1/../../../../arm-none-eabi/lib/armv7-m\libg_nano.a
LOAD c:/program files (x86)/cypress/psoc creator/4.4/psoc creator/import/gnu/arm/5.4.1/bin/../lib/gcc/arm-none-eabi/5.4.1/../../../../arm-none-eabi/lib/armv7-m\libc_nano.a
END GROUP
START GROUP
LOAD c:/program files (x86)/cypress/psoc creator/4.4/psoc creator/import/gnu/arm/5.4.1/bin/../lib/gcc/arm-none-eabi/5.4.1/armv7-m\libgcc.a
LOAD c:/program files (x86)/cypress/psoc creator/4.4/psoc creator/import/gnu/arm/5.4.1/bin/../lib/gcc/arm-none-eabi/5.4.1/../../../../arm-none-eabi/lib/armv7-m\libc_nano.a
END GROUP
LOAD c:/program files (x86)/cypress/psoc creator/4.4/psoc creator/import/gnu/arm/5.4.1/bin/../lib/gcc/arm-none-eabi/5.4.1/armv7-m/crtend.o
LOAD c:/program files (x86)/cypress/psoc creator/4.4/psoc creator/import/gnu/arm/5.4.1/bin/../lib/gcc/arm-none-eabi/5.4.1/armv7-m/crtn.o
START GROUP
LOAD c:/program files (x86)/cypress/psoc creator/4.4/psoc creator/import/gnu/arm/5.4.1/bin/../lib/gcc/arm-none-eabi/5.4.1/armv7-m\libgcc.a
LOAD c:/program files (x86)/cypress/psoc creator/4.4/psoc creator/import/gnu/arm/5.4.1/bin/../lib/gcc/arm-none-eabi/5.4.1/../../../../arm-none-eabi/lib/armv7-m\libc.a
LOAD c:/program files (x86)/cypress/psoc creator/4.4/psoc creator/import/gnu/arm/5.4.1/bin/../lib/gcc/arm-none-eabi/5.4.1/../../../../arm-none-eabi/lib/armv7-m\libnosys.a
END GROUP
                0x00000000                CY_APPL_ORIGIN = 0x0
                0x00000100                CY_FLASH_ROW_SIZE = 0x100
                0x00000020                CY_ECC_ROW_SIZE = 0x20
                0x00000000                CY_EE_IN_BTLDR = 0x0
                0x00000000                CY_APPL_LOADABLE = 0x0
                0x00000800                CY_EE_SIZE = 0x800
                0x00000001                CY_APPL_NUM = 0x1
                0x00000001                CY_APPL_MAX = 0x1
                0x00000040                CY_METADATA_SIZE = 0x40
                0x00000000                CY_APPL_LOADABLE = 0x0
                0x00000000                CY_CHECKSUM_EXCLUDE_SIZE = ALIGN (0x0, CY_FLASH_ROW_SIZE)
                [!provide]                PROVIDE (__cy_heap_start, _end)
                0x00000001                PROVIDE (__cy_region_num, ((__cy_regions_end - __cy_regions) / 0x10))
                0x20008000                PROVIDE (__cy_stack, (ORIGIN (ram) + LENGTH (ram)))
                [!provide]                PROVIDE (__cy_heap_end, (__cy_stack - 0x800))

.cybootloader   0x00000000        0x0
 *(.cybootloader)
                0x00000000                appl1_start = CY_APPL_ORIGIN?CY_APPL_ORIGIN:ALIGN (CY_FLASH_ROW_SIZE)
                0x0001ff00                appl2_start = (appl1_start + ALIGN ((((LENGTH (rom) - appl1_start) - (0x2 * CY_FLASH_ROW_SIZE)) / 0x2), CY_FLASH_ROW_SIZE))
                0x00000000                appl_start = (CY_APPL_NUM == 0x1)?appl1_start:appl2_start
                0x00000000                ecc_offset = ((appl_start / CY_FLASH_ROW_SIZE) * CY_ECC_ROW_SIZE)
                0x00000000                ee_offset = (CY_APPL_LOADABLE && ! (CY_EE_IN_BTLDR))?((CY_EE_SIZE / CY_APPL_MAX) * (CY_APPL_NUM - 0x1)):0x0
                0x00000800                ee_size = (CY_APPL_LOADABLE && ! (CY_EE_IN_BTLDR))?(CY_EE_SIZE / CY_APPL_MAX):CY_EE_SIZE
                [!provide]                PROVIDE (CY_ECC_OFFSET, ecc_offset)

.text           0x00000000     0x3f20
 CREATE_OBJECT_SYMBOLS
                0x00000000                PROVIDE (__cy_interrupt_vector, RomVectors)
 *(.romvectors)
 .romvectors    0x00000000       0x10 .\CortexM3\ARM_GCC_541\Debug\Cm3Start.o
                0x00000000                RomVectors
                0x00000001                ASSERT ((. != __cy_interrupt_vector), No interrupt vector)
                0x00000001                ASSERT (CY_APPL_ORIGIN?(SIZEOF (.cybootloader) <= CY_APPL_ORIGIN):0x1, Wrong image location)
                0x00000010                PROVIDE (__cy_reset, Reset)
 *(.text.Reset)
 .text.Reset    0x00000010       0x18 .\CortexM3\ARM_GCC_541\Debug\Cm3Start.o
                0x00000010                Reset
                0x00000001                ASSERT ((. != __cy_reset), No reset code)
 *(.dma_init)
                0x00000001                ASSERT ((((appl_start + .) <= 0x10000) || 0x1), DMA Init must be within the first 64k of flash)
 *(.text .text.* .gnu.linkonce.t.*)
 .text          0x00000028       0x5c c:/program files (x86)/cypress/psoc creator/4.4/psoc creator/import/gnu/arm/5.4.1/bin/../lib/gcc/arm-none-eabi/5.4.1/armv7-m/crtbegin.o
 .text.ISR_UART_rx_handler
                0x00000084       0x1c .\CortexM3\ARM_GCC_541\Debug\main.o
                0x00000084                ISR_UART_rx_handler
 .text.initProject
                0x000000a0       0x28 .\CortexM3\ARM_GCC_541\Debug\main.o
                0x000000a0                initProject
 .text.convertV2F
                0x000000c8       0x1c .\CortexM3\ARM_GCC_541\Debug\main.o
                0x000000c8                convertV2F
 .text.printTerminal
                0x000000e4       0x28 .\CortexM3\ARM_GCC_541\Debug\main.o
                0x000000e4                printTerminal
 .text.printOLED
                0x0000010c       0x90 .\CortexM3\ARM_GCC_541\Debug\main.o
                0x0000010c                printOLED
 .text.main     0x0000019c       0x28 .\CortexM3\ARM_GCC_541\Debug\main.o
                0x0000019c                main
 .text.display_setPixel
                0x000001c4       0x88 .\CortexM3\ARM_GCC_541\Debug\ssd1306.o
 .text.display_line
                0x0000024c      0x134 .\CortexM3\ARM_GCC_541\Debug\ssd1306.o
 .text.gfx_rotation_adjust
                0x00000380       0x68 .\CortexM3\ARM_GCC_541\Debug\ssd1306.o
 .text.gfx_hvLine
                0x000003e8      0x114 .\CortexM3\ARM_GCC_541\Debug\ssd1306.o
 .text.display_write_buf
                0x000004fc       0x30 .\CortexM3\ARM_GCC_541\Debug\ssd1306.o
 .text.display_clear
                0x0000052c       0x1c .\CortexM3\ARM_GCC_541\Debug\ssd1306.o
                0x0000052c                display_clear
 .text.display_update
                0x00000548       0x38 .\CortexM3\ARM_GCC_541\Debug\ssd1306.o
                0x00000548                display_update
 .text.gfx_init
                0x00000580       0x40 .\CortexM3\ARM_GCC_541\Debug\ssd1306.o
                0x00000580                gfx_init
 .text.display_init
                0x000005c0       0x40 .\CortexM3\ARM_GCC_541\Debug\ssd1306.o
                0x000005c0                display_init
 .text.gfx_setCursor
                0x00000600        0xc .\CortexM3\ARM_GCC_541\Debug\ssd1306.o
                0x00000600                gfx_setCursor
 .text.gfx_setTextSize
                0x0000060c       0x10 .\CortexM3\ARM_GCC_541\Debug\ssd1306.o
                0x0000060c                gfx_setTextSize
 .text.gfx_setTextColor
                0x0000061c        0xc .\CortexM3\ARM_GCC_541\Debug\ssd1306.o
                0x0000061c                gfx_setTextColor
 .text.gfx_drawPixel
                0x00000628       0x4c .\CortexM3\ARM_GCC_541\Debug\ssd1306.o
                0x00000628                gfx_drawPixel
 .text.gfx_drawLine
                0x00000674       0xd8 .\CortexM3\ARM_GCC_541\Debug\ssd1306.o
                0x00000674                gfx_drawLine
 .text.gfx_fillRect
                0x0000074c       0x68 .\CortexM3\ARM_GCC_541\Debug\ssd1306.o
                0x0000074c                gfx_fillRect
 .text.gfx_drawChar
                0x000007b4       0xf0 .\CortexM3\ARM_GCC_541\Debug\ssd1306.o
                0x000007b4                gfx_drawChar
 .text.gfx_write
                0x000008a4       0x78 .\CortexM3\ARM_GCC_541\Debug\ssd1306.o
                0x000008a4                gfx_write
 .text.gfx_print
                0x0000091c       0x1c .\CortexM3\ARM_GCC_541\Debug\ssd1306.o
                0x0000091c                gfx_print
 .text.CyClockStartupError
                0x00000938        0x4 .\CortexM3\ARM_GCC_541\Debug\cyfitter_cfg.o
 .text.cfg_write_bytes32
                0x0000093c       0x34 .\CortexM3\ARM_GCC_541\Debug\cyfitter_cfg.o
 .text.AnalogSetDefault
                0x00000970       0x48 .\CortexM3\ARM_GCC_541\Debug\cyfitter_cfg.o
 .text.CYMEMZERO
                0x000009b8        0xc .\CortexM3\ARM_GCC_541\Debug\cyfitter_cfg.o
 .text.ClockSetup
                0x000009c4       0xc8 .\CortexM3\ARM_GCC_541\Debug\cyfitter_cfg.o
 .text.CYCONFIGCPY
                0x00000a8c        0x8 .\CortexM3\ARM_GCC_541\Debug\cyfitter_cfg.o
 .text.cyfitter_cfg
                0x00000a94      0x110 .\CortexM3\ARM_GCC_541\Debug\cyfitter_cfg.o
                0x00000a94                cyfitter_cfg
 .text.IntDefaultHandler
                0x00000ba4       0x10 .\CortexM3\ARM_GCC_541\Debug\Cm3Start.o
                0x00000ba4                IntDefaultHandler
 .text._sbrk    0x00000bb4       0x30 .\CortexM3\ARM_GCC_541\Debug\Cm3Start.o
                0x00000bb4                _sbrk
 .text.Start_c  0x00000be4       0x4c .\CortexM3\ARM_GCC_541\Debug\Cm3Start.o
                0x00000be4                Start_c
 .text.initialize_psoc
                0x00000c30       0x68 .\CortexM3\ARM_GCC_541\Debug\Cm3Start.o
                0x00000c30                initialize_psoc
 .text.UART_1_Init
                0x00000c98       0x28 .\CortexM3\ARM_GCC_541\Debug\Scale.a(UART_1.o)
                0x00000c98                UART_1_Init
 .text.UART_1_Enable
                0x00000cc0       0x3c .\CortexM3\ARM_GCC_541\Debug\Scale.a(UART_1.o)
                0x00000cc0                UART_1_Enable
 .text.UART_1_Start
                0x00000cfc       0x1c .\CortexM3\ARM_GCC_541\Debug\Scale.a(UART_1.o)
                0x00000cfc                UART_1_Start
 .text.UART_1_ReadRxData
                0x00000d18        0xc .\CortexM3\ARM_GCC_541\Debug\Scale.a(UART_1.o)
                0x00000d18                UART_1_ReadRxData
 .text.UART_1_GetRxBufferSize
                0x00000d24       0x18 .\CortexM3\ARM_GCC_541\Debug\Scale.a(UART_1.o)
                0x00000d24                UART_1_GetRxBufferSize
 .text.UART_1_WriteTxData
                0x00000d3c       0x14 .\CortexM3\ARM_GCC_541\Debug\Scale.a(UART_1.o)
                0x00000d3c                UART_1_WriteTxData
 .text.UART_1_PutChar
                0x00000d50       0x18 .\CortexM3\ARM_GCC_541\Debug\Scale.a(UART_1.o)
                0x00000d50                UART_1_PutChar
 .text.UART_1_PutString
                0x00000d68       0x24 .\CortexM3\ARM_GCC_541\Debug\Scale.a(UART_1.o)
                0x00000d68                UART_1_PutString
 .text.isr_uart_rx_SetVector
                0x00000d8c        0xc .\CortexM3\ARM_GCC_541\Debug\Scale.a(isr_uart_rx.o)
                0x00000d8c                isr_uart_rx_SetVector
 .text.isr_uart_rx_SetPriority
                0x00000d98       0x10 .\CortexM3\ARM_GCC_541\Debug\Scale.a(isr_uart_rx.o)
                0x00000d98                isr_uart_rx_SetPriority
 .text.isr_uart_rx_Enable
                0x00000da8        0xc .\CortexM3\ARM_GCC_541\Debug\Scale.a(isr_uart_rx.o)
                0x00000da8                isr_uart_rx_Enable
 .text.isr_uart_rx_Disable
                0x00000db4        0xc .\CortexM3\ARM_GCC_541\Debug\Scale.a(isr_uart_rx.o)
                0x00000db4                isr_uart_rx_Disable
 .text.isr_uart_rx_StartEx
                0x00000dc0       0x1c .\CortexM3\ARM_GCC_541\Debug\Scale.a(isr_uart_rx.o)
                0x00000dc0                isr_uart_rx_StartEx
 .text.ADC_SAR_1_CalcGain
                0x00000ddc       0x64 .\CortexM3\ARM_GCC_541\Debug\Scale.a(ADC_SAR_1.o)
 .text.ADC_SAR_1_Enable
                0x00000e40       0x98 .\CortexM3\ARM_GCC_541\Debug\Scale.a(ADC_SAR_1.o)
                0x00000e40                ADC_SAR_1_Enable
 .text.ADC_SAR_1_SetResolution
                0x00000ed8       0x38 .\CortexM3\ARM_GCC_541\Debug\Scale.a(ADC_SAR_1.o)
                0x00000ed8                ADC_SAR_1_SetResolution
 .text.ADC_SAR_1_Init
                0x00000f10       0x3c .\CortexM3\ARM_GCC_541\Debug\Scale.a(ADC_SAR_1.o)
                0x00000f10                ADC_SAR_1_Init
 .text.ADC_SAR_1_Start
                0x00000f4c       0x1c .\CortexM3\ARM_GCC_541\Debug\Scale.a(ADC_SAR_1.o)
                0x00000f4c                ADC_SAR_1_Start
 .text.ADC_SAR_1_StartConvert
                0x00000f68       0x10 .\CortexM3\ARM_GCC_541\Debug\Scale.a(ADC_SAR_1.o)
                0x00000f68                ADC_SAR_1_StartConvert
 .text.ADC_SAR_1_IsEndConversion
                0x00000f78       0x24 .\CortexM3\ARM_GCC_541\Debug\Scale.a(ADC_SAR_1.o)
                0x00000f78                ADC_SAR_1_IsEndConversion
 .text.ADC_SAR_1_GetResult16
                0x00000f9c       0x18 .\CortexM3\ARM_GCC_541\Debug\Scale.a(ADC_SAR_1.o)
                0x00000f9c                ADC_SAR_1_GetResult16
 .text.ADC_SAR_1_ISR
                0x00000fb4        0x4 .\CortexM3\ARM_GCC_541\Debug\Scale.a(ADC_SAR_1_INT.o)
                0x00000fb4                ADC_SAR_1_ISR
 .text.UART_1_IntClock_Start
                0x00000fb8       0x1c .\CortexM3\ARM_GCC_541\Debug\Scale.a(UART_1_IntClock.o)
                0x00000fb8                UART_1_IntClock_Start
 .text.ADC_SAR_1_theACLK_SetModeRegister
                0x00000fd4       0x14 .\CortexM3\ARM_GCC_541\Debug\Scale.a(ADC_SAR_1_theACLK.o)
                0x00000fd4                ADC_SAR_1_theACLK_SetModeRegister
 .text.CyHalt   0x00000fe8        0x4 .\CortexM3\ARM_GCC_541\Debug\Scale.a(CyLib.o)
                0x00000fe8                CyHalt
 .text.CyDelay  0x00000fec       0x2c .\CortexM3\ARM_GCC_541\Debug\Scale.a(CyLib.o)
                0x00000fec                CyDelay
 .text.CyDelayUs
                0x00001018       0x14 .\CortexM3\ARM_GCC_541\Debug\Scale.a(CyLib.o)
                0x00001018                CyDelayUs
 .text.CyIntSetVector
                0x0000102c       0x28 .\CortexM3\ARM_GCC_541\Debug\Scale.a(CyLib.o)
                0x0000102c                CyIntSetVector
 .text.CyIntSetPriority
                0x00001054       0x30 .\CortexM3\ARM_GCC_541\Debug\Scale.a(CyLib.o)
                0x00001054                CyIntSetPriority
 .text.I2COLED_Init
                0x00001084       0x68 .\CortexM3\ARM_GCC_541\Debug\Scale.a(I2COLED.o)
                0x00001084                I2COLED_Init
 .text.I2COLED_Enable
                0x000010ec       0x24 .\CortexM3\ARM_GCC_541\Debug\Scale.a(I2COLED.o)
                0x000010ec                I2COLED_Enable
 .text.I2COLED_Start
                0x00001110       0x28 .\CortexM3\ARM_GCC_541\Debug\Scale.a(I2COLED.o)
                0x00001110                I2COLED_Start
 .text.I2COLED_ISR
                0x00001138      0x2d0 .\CortexM3\ARM_GCC_541\Debug\Scale.a(I2COLED_INT.o)
                0x00001138                I2COLED_ISR
 .text.I2COLED_MasterSendStart
                0x00001408       0x80 .\CortexM3\ARM_GCC_541\Debug\Scale.a(I2COLED_MASTER.o)
                0x00001408                I2COLED_MasterSendStart
 .text.I2COLED_MasterSendStop
                0x00001488       0x38 .\CortexM3\ARM_GCC_541\Debug\Scale.a(I2COLED_MASTER.o)
                0x00001488                I2COLED_MasterSendStop
 .text.I2COLED_MasterWriteByte
                0x000014c0       0x58 .\CortexM3\ARM_GCC_541\Debug\Scale.a(I2COLED_MASTER.o)
                0x000014c0                I2COLED_MasterWriteByte
 .text          0x00001518       0x20 .\CortexM3\ARM_GCC_541\Debug\Scale.a(CyBootAsmGnu.o)
                0x00001518                CyDelayCycles
                0x00001528                CyEnterCriticalSection
                0x00001530                CyExitCriticalSection
 .text          0x00001538      0x370 c:/program files (x86)/cypress/psoc creator/4.4/psoc creator/import/gnu/arm/5.4.1/bin/../lib/gcc/arm-none-eabi/5.4.1/armv7-m\libgcc.a(_arm_addsubdf3.o)
                0x00001538                __aeabi_drsub
                0x00001540                __aeabi_dsub
                0x00001540                __subdf3
                0x00001544                __aeabi_dadd
                0x00001544                __adddf3
                0x000017bc                __floatunsidf
                0x000017bc                __aeabi_ui2d
                0x000017dc                __floatsidf
                0x000017dc                __aeabi_i2d
                0x00001800                __aeabi_f2d
                0x00001800                __extendsfdf2
                0x0000183c                __floatundidf
                0x0000183c                __aeabi_ul2d
                0x0000184c                __floatdidf
                0x0000184c                __aeabi_l2d
 .text.__errno  0x000018a8        0xc c:/program files (x86)/cypress/psoc creator/4.4/psoc creator/import/gnu/arm/5.4.1/bin/../lib/gcc/arm-none-eabi/5.4.1/../../../../arm-none-eabi/lib/armv7-m\libg_nano.a(lib_a-errno.o)
                0x000018a8                __errno
 .text.__libc_init_array
                0x000018b4       0x4c c:/program files (x86)/cypress/psoc creator/4.4/psoc creator/import/gnu/arm/5.4.1/bin/../lib/gcc/arm-none-eabi/5.4.1/../../../../arm-none-eabi/lib/armv7-m\libg_nano.a(lib_a-init.o)
                0x000018b4                __libc_init_array
 .text.memcpy   0x00001900       0x16 c:/program files (x86)/cypress/psoc creator/4.4/psoc creator/import/gnu/arm/5.4.1/bin/../lib/gcc/arm-none-eabi/5.4.1/../../../../arm-none-eabi/lib/armv7-m\libg_nano.a(lib_a-memcpy-stub.o)
                0x00001900                memcpy
 .text.memset   0x00001916       0x10 c:/program files (x86)/cypress/psoc creator/4.4/psoc creator/import/gnu/arm/5.4.1/bin/../lib/gcc/arm-none-eabi/5.4.1/../../../../arm-none-eabi/lib/armv7-m\libg_nano.a(lib_a-memset.o)
                0x00001916                memset
 .text.__cvt    0x00001926       0xc0 c:/program files (x86)/cypress/psoc creator/4.4/psoc creator/import/gnu/arm/5.4.1/bin/../lib/gcc/arm-none-eabi/5.4.1/../../../../arm-none-eabi/lib/armv7-m\libg_nano.a(lib_a-nano-vfprintf_float.o)
                0x00001926                __cvt
 .text.__exponent
                0x000019e6       0x62 c:/program files (x86)/cypress/psoc creator/4.4/psoc creator/import/gnu/arm/5.4.1/bin/../lib/gcc/arm-none-eabi/5.4.1/../../../../arm-none-eabi/lib/armv7-m\libg_nano.a(lib_a-nano-vfprintf_float.o)
                0x000019e6                __exponent
 .text._printf_float
                0x00001a48      0x488 c:/program files (x86)/cypress/psoc creator/4.4/psoc creator/import/gnu/arm/5.4.1/bin/../lib/gcc/arm-none-eabi/5.4.1/../../../../arm-none-eabi/lib/armv7-m\libg_nano.a(lib_a-nano-vfprintf_float.o)
                0x00001a48                _printf_float
 .text._printf_common
                0x00001ed0       0xec c:/program files (x86)/cypress/psoc creator/4.4/psoc creator/import/gnu/arm/5.4.1/bin/../lib/gcc/arm-none-eabi/5.4.1/../../../../arm-none-eabi/lib/armv7-m\libg_nano.a(lib_a-nano-vfprintf_i.o)
                0x00001ed0                _printf_common
 .text._printf_i
                0x00001fbc      0x24c c:/program files (x86)/cypress/psoc creator/4.4/psoc creator/import/gnu/arm/5.4.1/bin/../lib/gcc/arm-none-eabi/5.4.1/../../../../arm-none-eabi/lib/armv7-m\libg_nano.a(lib_a-nano-vfprintf_i.o)
                0x00001fbc                _printf_i
 .text.snprintf
                0x00002208       0x64 c:/program files (x86)/cypress/psoc creator/4.4/psoc creator/import/gnu/arm/5.4.1/bin/../lib/gcc/arm-none-eabi/5.4.1/../../../../arm-none-eabi/lib/armv7-m\libg_nano.a(lib_a-snprintf.o)
                0x00002208                sniprintf
                0x00002208                snprintf
 .text          0x0000226c       0x10 c:/program files (x86)/cypress/psoc creator/4.4/psoc creator/import/gnu/arm/5.4.1/bin/../lib/gcc/arm-none-eabi/5.4.1/../../../../arm-none-eabi/lib/armv7-m\libg_nano.a(lib_a-strlen.o)
                0x0000226c                strlen
 .text.quorem   0x0000227c      0x116 c:/program files (x86)/cypress/psoc creator/4.4/psoc creator/import/gnu/arm/5.4.1/bin/../lib/gcc/arm-none-eabi/5.4.1/../../../../arm-none-eabi/lib/armv7-m\libg_nano.a(lib_a-dtoa.o)
 *fill*         0x00002392        0x6 
 .text._dtoa_r  0x00002398      0xb30 c:/program files (x86)/cypress/psoc creator/4.4/psoc creator/import/gnu/arm/5.4.1/bin/../lib/gcc/arm-none-eabi/5.4.1/../../../../arm-none-eabi/lib/armv7-m\libg_nano.a(lib_a-dtoa.o)
                0x00002398                _dtoa_r
 .text._localeconv_r
                0x00002ec8        0x8 c:/program files (x86)/cypress/psoc creator/4.4/psoc creator/import/gnu/arm/5.4.1/bin/../lib/gcc/arm-none-eabi/5.4.1/../../../../arm-none-eabi/lib/armv7-m\libg_nano.a(lib_a-locale.o)
                0x00002ec8                _localeconv_r
 .text.malloc   0x00002ed0       0x10 c:/program files (x86)/cypress/psoc creator/4.4/psoc creator/import/gnu/arm/5.4.1/bin/../lib/gcc/arm-none-eabi/5.4.1/../../../../arm-none-eabi/lib/armv7-m\libg_nano.a(lib_a-malloc.o)
                0x00002ed0                malloc
 .text.memchr   0x00002ee0       0x1c c:/program files (x86)/cypress/psoc creator/4.4/psoc creator/import/gnu/arm/5.4.1/bin/../lib/gcc/arm-none-eabi/5.4.1/../../../../arm-none-eabi/lib/armv7-m\libg_nano.a(lib_a-memchr-stub.o)
                0x00002ee0                memchr
 .text._Balloc  0x00002efc       0x6a c:/program files (x86)/cypress/psoc creator/4.4/psoc creator/import/gnu/arm/5.4.1/bin/../lib/gcc/arm-none-eabi/5.4.1/../../../../arm-none-eabi/lib/armv7-m\libg_nano.a(lib_a-mprec.o)
                0x00002efc                _Balloc
 .text._Bfree   0x00002f66       0x2e c:/program files (x86)/cypress/psoc creator/4.4/psoc creator/import/gnu/arm/5.4.1/bin/../lib/gcc/arm-none-eabi/5.4.1/../../../../arm-none-eabi/lib/armv7-m\libg_nano.a(lib_a-mprec.o)
                0x00002f66                _Bfree
 .text.__multadd
                0x00002f94       0x76 c:/program files (x86)/cypress/psoc creator/4.4/psoc creator/import/gnu/arm/5.4.1/bin/../lib/gcc/arm-none-eabi/5.4.1/../../../../arm-none-eabi/lib/armv7-m\libg_nano.a(lib_a-mprec.o)
                0x00002f94                __multadd
 .text.__hi0bits
                0x0000300a       0x40 c:/program files (x86)/cypress/psoc creator/4.4/psoc creator/import/gnu/arm/5.4.1/bin/../lib/gcc/arm-none-eabi/5.4.1/../../../../arm-none-eabi/lib/armv7-m\libg_nano.a(lib_a-mprec.o)
                0x0000300a                __hi0bits
 .text.__lo0bits
                0x0000304a       0x5a c:/program files (x86)/cypress/psoc creator/4.4/psoc creator/import/gnu/arm/5.4.1/bin/../lib/gcc/arm-none-eabi/5.4.1/../../../../arm-none-eabi/lib/armv7-m\libg_nano.a(lib_a-mprec.o)
                0x0000304a                __lo0bits
 .text.__i2b    0x000030a4       0x12 c:/program files (x86)/cypress/psoc creator/4.4/psoc creator/import/gnu/arm/5.4.1/bin/../lib/gcc/arm-none-eabi/5.4.1/../../../../arm-none-eabi/lib/armv7-m\libg_nano.a(lib_a-mprec.o)
                0x000030a4                __i2b
 .text.__multiply
                0x000030b6      0x120 c:/program files (x86)/cypress/psoc creator/4.4/psoc creator/import/gnu/arm/5.4.1/bin/../lib/gcc/arm-none-eabi/5.4.1/../../../../arm-none-eabi/lib/armv7-m\libg_nano.a(lib_a-mprec.o)
                0x000030b6                __multiply
 *fill*         0x000031d6        0x2 
 .text.__pow5mult
                0x000031d8       0x9c c:/program files (x86)/cypress/psoc creator/4.4/psoc creator/import/gnu/arm/5.4.1/bin/../lib/gcc/arm-none-eabi/5.4.1/../../../../arm-none-eabi/lib/armv7-m\libg_nano.a(lib_a-mprec.o)
                0x000031d8                __pow5mult
 .text.__lshift
                0x00003274       0xa2 c:/program files (x86)/cypress/psoc creator/4.4/psoc creator/import/gnu/arm/5.4.1/bin/../lib/gcc/arm-none-eabi/5.4.1/../../../../arm-none-eabi/lib/armv7-m\libg_nano.a(lib_a-mprec.o)
                0x00003274                __lshift
 .text.__mcmp   0x00003316       0x38 c:/program files (x86)/cypress/psoc creator/4.4/psoc creator/import/gnu/arm/5.4.1/bin/../lib/gcc/arm-none-eabi/5.4.1/../../../../arm-none-eabi/lib/armv7-m\libg_nano.a(lib_a-mprec.o)
                0x00003316                __mcmp
 .text.__mdiff  0x0000334e       0xbe c:/program files (x86)/cypress/psoc creator/4.4/psoc creator/import/gnu/arm/5.4.1/bin/../lib/gcc/arm-none-eabi/5.4.1/../../../../arm-none-eabi/lib/armv7-m\libg_nano.a(lib_a-mprec.o)
                0x0000334e                __mdiff
 .text.__d2b    0x0000340c       0x9c c:/program files (x86)/cypress/psoc creator/4.4/psoc creator/import/gnu/arm/5.4.1/bin/../lib/gcc/arm-none-eabi/5.4.1/../../../../arm-none-eabi/lib/armv7-m\libg_nano.a(lib_a-mprec.o)
                0x0000340c                __d2b
 .text._calloc_r
                0x000034a8       0x1c c:/program files (x86)/cypress/psoc creator/4.4/psoc creator/import/gnu/arm/5.4.1/bin/../lib/gcc/arm-none-eabi/5.4.1/../../../../arm-none-eabi/lib/armv7-m\libg_nano.a(lib_a-nano-callocr.o)
                0x000034a8                _calloc_r
 .text._free_r  0x000034c4       0x98 c:/program files (x86)/cypress/psoc creator/4.4/psoc creator/import/gnu/arm/5.4.1/bin/../lib/gcc/arm-none-eabi/5.4.1/../../../../arm-none-eabi/lib/armv7-m\libg_nano.a(lib_a-nano-freer.o)
                0x000034c4                _free_r
 .text._malloc_r
                0x0000355c       0xbc c:/program files (x86)/cypress/psoc creator/4.4/psoc creator/import/gnu/arm/5.4.1/bin/../lib/gcc/arm-none-eabi/5.4.1/../../../../arm-none-eabi/lib/armv7-m\libg_nano.a(lib_a-nano-mallocr.o)
                0x0000355c                _malloc_r
 .text.__ssputs_r
                0x00003618       0xb2 c:/program files (x86)/cypress/psoc creator/4.4/psoc creator/import/gnu/arm/5.4.1/bin/../lib/gcc/arm-none-eabi/5.4.1/../../../../arm-none-eabi/lib/armv7-m\libg_nano.a(lib_a-nano-svfprintf.o)
                0x00003618                __ssputs_r
 *fill*         0x000036ca        0x2 
 .text._svfprintf_r
                0x000036cc      0x1e8 c:/program files (x86)/cypress/psoc creator/4.4/psoc creator/import/gnu/arm/5.4.1/bin/../lib/gcc/arm-none-eabi/5.4.1/../../../../arm-none-eabi/lib/armv7-m\libg_nano.a(lib_a-nano-svfprintf.o)
                0x000036cc                _svfiprintf_r
                0x000036cc                _svfprintf_r
 .text._sbrk_r  0x000038b4       0x20 c:/program files (x86)/cypress/psoc creator/4.4/psoc creator/import/gnu/arm/5.4.1/bin/../lib/gcc/arm-none-eabi/5.4.1/../../../../arm-none-eabi/lib/armv7-m\libg_nano.a(lib_a-sbrkr.o)
                0x000038b4                _sbrk_r
 .text.memmove  0x000038d4       0x36 c:/program files (x86)/cypress/psoc creator/4.4/psoc creator/import/gnu/arm/5.4.1/bin/../lib/gcc/arm-none-eabi/5.4.1/../../../../arm-none-eabi/lib/armv7-m\libg_nano.a(lib_a-memmove.o)
                0x000038d4                memmove
 .text.__malloc_lock
                0x0000390a        0x2 c:/program files (x86)/cypress/psoc creator/4.4/psoc creator/import/gnu/arm/5.4.1/bin/../lib/gcc/arm-none-eabi/5.4.1/../../../../arm-none-eabi/lib/armv7-m\libg_nano.a(lib_a-mlock.o)
                0x0000390a                __malloc_lock
 .text.__malloc_unlock
                0x0000390c        0x2 c:/program files (x86)/cypress/psoc creator/4.4/psoc creator/import/gnu/arm/5.4.1/bin/../lib/gcc/arm-none-eabi/5.4.1/../../../../arm-none-eabi/lib/armv7-m\libg_nano.a(lib_a-mlock.o)
                0x0000390c                __malloc_unlock
 .text._realloc_r
                0x0000390e       0x4c c:/program files (x86)/cypress/psoc creator/4.4/psoc creator/import/gnu/arm/5.4.1/bin/../lib/gcc/arm-none-eabi/5.4.1/../../../../arm-none-eabi/lib/armv7-m\libg_nano.a(lib_a-nano-reallocr.o)
                0x0000390e                _realloc_r
 .text._malloc_usable_size_r
                0x0000395a       0x14 c:/program files (x86)/cypress/psoc creator/4.4/psoc creator/import/gnu/arm/5.4.1/bin/../lib/gcc/arm-none-eabi/5.4.1/../../../../arm-none-eabi/lib/armv7-m\libg_nano.a(lib_a-nano-msizer.o)
                0x0000395a                _malloc_usable_size_r
 *fill*         0x0000396e        0x2 
 .text          0x00003970      0x424 c:/program files (x86)/cypress/psoc creator/4.4/psoc creator/import/gnu/arm/5.4.1/bin/../lib/gcc/arm-none-eabi/5.4.1/armv7-m\libgcc.a(_arm_muldivdf3.o)
                0x00003970                __aeabi_dmul
                0x00003970                __muldf3
                0x00003bc4                __divdf3
                0x00003bc4                __aeabi_ddiv
 .text          0x00003d94      0x110 c:/program files (x86)/cypress/psoc creator/4.4/psoc creator/import/gnu/arm/5.4.1/bin/../lib/gcc/arm-none-eabi/5.4.1/armv7-m\libgcc.a(_arm_cmpdf2.o)
                0x00003d94                __gtdf2
                0x00003d94                __gedf2
                0x00003d9c                __ltdf2
                0x00003d9c                __ledf2
                0x00003da4                __nedf2
                0x00003da4                __eqdf2
                0x00003da4                __cmpdf2
                0x00003e20                __aeabi_cdrcmple
                0x00003e30                __aeabi_cdcmpeq
                0x00003e30                __aeabi_cdcmple
                0x00003e40                __aeabi_dcmpeq
                0x00003e54                __aeabi_dcmplt
                0x00003e68                __aeabi_dcmple
                0x00003e7c                __aeabi_dcmpge
                0x00003e90                __aeabi_dcmpgt
 .text          0x00003ea4       0x2c c:/program files (x86)/cypress/psoc creator/4.4/psoc creator/import/gnu/arm/5.4.1/bin/../lib/gcc/arm-none-eabi/5.4.1/armv7-m\libgcc.a(_arm_unorddf2.o)
                0x00003ea4                __unorddf2
                0x00003ea4                __aeabi_dcmpun
 .text          0x00003ed0       0x50 c:/program files (x86)/cypress/psoc creator/4.4/psoc creator/import/gnu/arm/5.4.1/bin/../lib/gcc/arm-none-eabi/5.4.1/armv7-m\libgcc.a(_arm_fixdfsi.o)
                0x00003ed0                __aeabi_d2iz
                0x00003ed0                __fixdfsi
 *(.plt)
 *(.gnu.warning)
 *(.glue_7t)
 .glue_7t       0x00003f20        0x0 linker stubs
 *(.glue_7)
 .glue_7        0x00003f20        0x0 linker stubs
 *(.vfp11_veneer)
 .vfp11_veneer  0x00003f20        0x0 linker stubs
 *(.bootloader)
 *(.ARM.extab* .gnu.linkonce.armextab.*)
 *(.gcc_except_table)

.v4_bx          0x00003f20        0x0
 .v4_bx         0x00003f20        0x0 linker stubs

.iplt           0x00003f20        0x0
 .iplt          0x00003f20        0x0 c:/program files (x86)/cypress/psoc creator/4.4/psoc creator/import/gnu/arm/5.4.1/bin/../lib/gcc/arm-none-eabi/5.4.1/armv7-m/crtbegin.o

.eh_frame_hdr
 *(.eh_frame_hdr)

.eh_frame       0x00003f20        0x4
 *(.eh_frame)
 .eh_frame      0x00003f20        0x0 c:/program files (x86)/cypress/psoc creator/4.4/psoc creator/import/gnu/arm/5.4.1/bin/../lib/gcc/arm-none-eabi/5.4.1/armv7-m/crtbegin.o
 .eh_frame      0x00003f20        0x4 c:/program files (x86)/cypress/psoc creator/4.4/psoc creator/import/gnu/arm/5.4.1/bin/../lib/gcc/arm-none-eabi/5.4.1/armv7-m/crtend.o
                [!provide]                PROVIDE (__exidx_start, .)

.ARM.exidx
 *(.ARM.exidx* .gnu.linkonce.armexidx.*)
                0x00003f24                __exidx_end = .

.rodata         0x00003f28      0x7f0
 *(.rodata .rodata.* .gnu.linkonce.r.*)
 .rodata.str1.4
                0x00003f28       0xec .\CortexM3\ARM_GCC_541\Debug\main.o
                                 0xe9 (size before relaxing)
 .rodata        0x00004014      0x51f .\CortexM3\ARM_GCC_541\Debug\ssd1306.o
 *fill*         0x00004533        0x1 
 .rodata        0x00004534       0x4c .\CortexM3\ARM_GCC_541\Debug\cyfitter_cfg.o
 .rodata.str1.1
                0x00004580        0x2 c:/program files (x86)/cypress/psoc creator/4.4/psoc creator/import/gnu/arm/5.4.1/bin/../lib/gcc/arm-none-eabi/5.4.1/../../../../arm-none-eabi/lib/armv7-m\libg_nano.a(lib_a-impure.o)
 .rodata.str1.1
                0x00004582       0x12 c:/program files (x86)/cypress/psoc creator/4.4/psoc creator/import/gnu/arm/5.4.1/bin/../lib/gcc/arm-none-eabi/5.4.1/../../../../arm-none-eabi/lib/armv7-m\libg_nano.a(lib_a-nano-vfprintf_float.o)
 .rodata.str1.1
                0x00004594       0x22 c:/program files (x86)/cypress/psoc creator/4.4/psoc creator/import/gnu/arm/5.4.1/bin/../lib/gcc/arm-none-eabi/5.4.1/../../../../arm-none-eabi/lib/armv7-m\libg_nano.a(lib_a-nano-vfprintf_i.o)
 .rodata.str1.1
                0x000045b6        0xd c:/program files (x86)/cypress/psoc creator/4.4/psoc creator/import/gnu/arm/5.4.1/bin/../lib/gcc/arm-none-eabi/5.4.1/../../../../arm-none-eabi/lib/armv7-m\libg_nano.a(lib_a-dtoa.o)
                                  0xf (size before relaxing)
 .rodata.str1.1
                0x000045c3        0x8 c:/program files (x86)/cypress/psoc creator/4.4/psoc creator/import/gnu/arm/5.4.1/bin/../lib/gcc/arm-none-eabi/5.4.1/../../../../arm-none-eabi/lib/armv7-m\libg_nano.a(lib_a-locale.o)
                                  0xb (size before relaxing)
 *fill*         0x000045cb        0x5 
 .rodata.__mprec_tens
                0x000045d0       0xc8 c:/program files (x86)/cypress/psoc creator/4.4/psoc creator/import/gnu/arm/5.4.1/bin/../lib/gcc/arm-none-eabi/5.4.1/../../../../arm-none-eabi/lib/armv7-m\libg_nano.a(lib_a-mprec.o)
                0x000045d0                __mprec_tens
 .rodata.p05.5408
                0x00004698        0xc c:/program files (x86)/cypress/psoc creator/4.4/psoc creator/import/gnu/arm/5.4.1/bin/../lib/gcc/arm-none-eabi/5.4.1/../../../../arm-none-eabi/lib/armv7-m\libg_nano.a(lib_a-mprec.o)
 *fill*         0x000046a4        0x4 
 .rodata.__mprec_bigtens
                0x000046a8       0x28 c:/program files (x86)/cypress/psoc creator/4.4/psoc creator/import/gnu/arm/5.4.1/bin/../lib/gcc/arm-none-eabi/5.4.1/../../../../arm-none-eabi/lib/armv7-m\libg_nano.a(lib_a-mprec.o)
                0x000046a8                __mprec_bigtens
 .rodata.str1.1
                0x000046d0       0x11 c:/program files (x86)/cypress/psoc creator/4.4/psoc creator/import/gnu/arm/5.4.1/bin/../lib/gcc/arm-none-eabi/5.4.1/../../../../arm-none-eabi/lib/armv7-m\libg_nano.a(lib_a-nano-svfprintf.o)
                0x000046e4                . = ALIGN (0x4)
 *fill*         0x000046e1        0x3 
 *(.init)
 .init          0x000046e4        0x4 c:/program files (x86)/cypress/psoc creator/4.4/psoc creator/import/gnu/arm/5.4.1/bin/../lib/gcc/arm-none-eabi/5.4.1/armv7-m/crti.o
                0x000046e4                _init
 .init          0x000046e8        0x8 c:/program files (x86)/cypress/psoc creator/4.4/psoc creator/import/gnu/arm/5.4.1/bin/../lib/gcc/arm-none-eabi/5.4.1/armv7-m/crtn.o
                0x000046f0                . = ALIGN (0x4)
                0x000046f0                __preinit_array_start = .
 *(.preinit_array)
                0x000046f0                __preinit_array_end = .
                0x000046f0                . = ALIGN (0x4)
                0x000046f0                __init_array_start = .
 *(SORT(.init_array.*))
 *(.init_array)
 .init_array    0x000046f0        0x4 c:/program files (x86)/cypress/psoc creator/4.4/psoc creator/import/gnu/arm/5.4.1/bin/../lib/gcc/arm-none-eabi/5.4.1/armv7-m/crtbegin.o
 .init_array    0x000046f4        0x4 .\CortexM3\ARM_GCC_541\Debug\Cm3Start.o
                0x000046f8                __init_array_end = .
                0x000046f8                . = ALIGN (0x4)
 *(.fini)
 .fini          0x000046f8        0x4 c:/program files (x86)/cypress/psoc creator/4.4/psoc creator/import/gnu/arm/5.4.1/bin/../lib/gcc/arm-none-eabi/5.4.1/armv7-m/crti.o
                0x000046f8                _fini
 .fini          0x000046fc        0x8 c:/program files (x86)/cypress/psoc creator/4.4/psoc creator/import/gnu/arm/5.4.1/bin/../lib/gcc/arm-none-eabi/5.4.1/armv7-m/crtn.o
                0x00004704                . = ALIGN (0x4)
                0x00004704                __fini_array_start = .
 *(.fini_array)
 .fini_array    0x00004704        0x4 c:/program files (x86)/cypress/psoc creator/4.4/psoc creator/import/gnu/arm/5.4.1/bin/../lib/gcc/arm-none-eabi/5.4.1/armv7-m/crtbegin.o
 *(SORT(.fini_array.*))
                0x00004708                __fini_array_end = .
                0x00004708                . = ALIGN (0x4)
 *crtbegin.o(.ctors)
 *(EXCLUDE_FILE(*crtend.o) .ctors)
 *(SORT(.ctors.*))
 *crtend.o(.ctors)
                0x00004708                . = ALIGN (0x4)
 *crtbegin.o(.dtors)
 *(EXCLUDE_FILE(*crtend.o) .dtors)
 *(SORT(.dtors.*))
 *crtend.o(.dtors)
                0x00004708                . = ALIGN (0x4)
                0x00004708                __cy_regions = .
                0x00004708        0x4 LONG 0x4718 __cy_region_init_ram
                0x0000470c        0x4 LONG 0x1fff80c8 __cy_region_start_data
                0x00004710        0x4 LONG 0x4b8 __cy_region_init_size_ram
                0x00004714        0x4 LONG 0x68 __cy_region_zero_size_ram
                0x00004718                __cy_regions_end = .
                0x00004718                . = ALIGN (0x8)
                0x00004718                _etext = .

.cy_checksum_exclude
                0x00004718        0x0
 *(.cy_checksum_exclude)

.ramvectors     0x1fff8000       0xc0
                0x1fff8000                __cy_region_start_ram = .
 *(.ramvectors)
 .ramvectors    0x1fff8000       0xc0 .\CortexM3\ARM_GCC_541\Debug\Cm3Start.o
                0x1fff8000                CyRamVectors

.noinit         0x1fff80c0        0x1
 *(.noinit)
 .noinit        0x1fff80c0        0x1 .\CortexM3\ARM_GCC_541\Debug\Scale.a(CyLib.o)
                0x1fff80c0                CyResetStatus

.data           0x1fff80c8      0x4b8 load address 0x00004718
                0x1fff80c8                __cy_region_start_data = .
 *(.jcr)
 .jcr           0x1fff80c8        0x0 c:/program files (x86)/cypress/psoc creator/4.4/psoc creator/import/gnu/arm/5.4.1/bin/../lib/gcc/arm-none-eabi/5.4.1/armv7-m/crtbegin.o
 .jcr           0x1fff80c8        0x4 c:/program files (x86)/cypress/psoc creator/4.4/psoc creator/import/gnu/arm/5.4.1/bin/../lib/gcc/arm-none-eabi/5.4.1/armv7-m/crtend.o
 *(.got.plt)
 *(.got)
 *(.shdata)
 *(.data .data.* .gnu.linkonce.d.*)
 .data          0x1fff80cc      0x401 .\CortexM3\ARM_GCC_541\Debug\ssd1306.o
 *fill*         0x1fff84cd        0x3 
 .data          0x1fff84d0        0x4 .\CortexM3\ARM_GCC_541\Debug\Cm3Start.o
 .data          0x1fff84d4       0x10 .\CortexM3\ARM_GCC_541\Debug\Scale.a(CyLib.o)
                0x1fff84d4                cydelay_32k_ms
                0x1fff84d8                cydelay_freq_khz
                0x1fff84dc                cydelay_freq_mhz
                0x1fff84e0                cydelay_freq_hz
 .data.impure_data
                0x1fff84e4       0x60 c:/program files (x86)/cypress/psoc creator/4.4/psoc creator/import/gnu/arm/5.4.1/bin/../lib/gcc/arm-none-eabi/5.4.1/../../../../arm-none-eabi/lib/armv7-m\libg_nano.a(lib_a-impure.o)
 .data._impure_ptr
                0x1fff8544        0x4 c:/program files (x86)/cypress/psoc creator/4.4/psoc creator/import/gnu/arm/5.4.1/bin/../lib/gcc/arm-none-eabi/5.4.1/../../../../arm-none-eabi/lib/armv7-m\libg_nano.a(lib_a-impure.o)
                0x1fff8544                _impure_ptr
 .data.lconv    0x1fff8548       0x38 c:/program files (x86)/cypress/psoc creator/4.4/psoc creator/import/gnu/arm/5.4.1/bin/../lib/gcc/arm-none-eabi/5.4.1/../../../../arm-none-eabi/lib/armv7-m\libg_nano.a(lib_a-locale.o)
                0x1fff8580                . = ALIGN (0x8)
 *(.ram)
                0x1fff8580                _edata = .

.igot.plt       0x1fff8580        0x0 load address 0x00004bd0
 .igot.plt      0x1fff8580        0x0 c:/program files (x86)/cypress/psoc creator/4.4/psoc creator/import/gnu/arm/5.4.1/bin/../lib/gcc/arm-none-eabi/5.4.1/armv7-m/crtbegin.o

.bss            0x1fff8580       0x68 load address 0x00004bd0
                0x1fff8580                PROVIDE (__bss_start__, .)
 *(.shbss)
 *(.bss .bss.* .gnu.linkonce.b.*)
 .bss           0x1fff8580       0x1c c:/program files (x86)/cypress/psoc creator/4.4/psoc creator/import/gnu/arm/5.4.1/bin/../lib/gcc/arm-none-eabi/5.4.1/armv7-m/crtbegin.o
 .bss           0x1fff859c       0x10 .\CortexM3\ARM_GCC_541\Debug\ssd1306.o
 .bss           0x1fff85ac        0x2 .\CortexM3\ARM_GCC_541\Debug\Scale.a(UART_1.o)
                0x1fff85ac                UART_1_initVar
 .bss           0x1fff85ae        0x1 .\CortexM3\ARM_GCC_541\Debug\Scale.a(ADC_SAR_1.o)
                0x1fff85ae                ADC_SAR_1_initVar
 .bss           0x1fff85af        0x1 .\CortexM3\ARM_GCC_541\Debug\Scale.a(I2COLED.o)
                0x1fff85af                I2COLED_initVar
 .bss.__malloc_sbrk_start
                0x1fff85b0        0x4 c:/program files (x86)/cypress/psoc creator/4.4/psoc creator/import/gnu/arm/5.4.1/bin/../lib/gcc/arm-none-eabi/5.4.1/../../../../arm-none-eabi/lib/armv7-m\libg_nano.a(lib_a-nano-mallocr.o)
                0x1fff85b0                __malloc_sbrk_start
 .bss.__malloc_free_list
                0x1fff85b4        0x4 c:/program files (x86)/cypress/psoc creator/4.4/psoc creator/import/gnu/arm/5.4.1/bin/../lib/gcc/arm-none-eabi/5.4.1/../../../../arm-none-eabi/lib/armv7-m\libg_nano.a(lib_a-nano-mallocr.o)
                0x1fff85b4                __malloc_free_list
 *(COMMON)
 COMMON         0x1fff85b8        0x7 .\CortexM3\ARM_GCC_541\Debug\ssd1306.o
                0x1fff85b8                WIDTH
                0x1fff85ba                rotation
                0x1fff85bc                HEIGHT
                0x1fff85be                wrap
 *fill*         0x1fff85bf        0x1 
 COMMON         0x1fff85c0        0xa .\CortexM3\ARM_GCC_541\Debug\Scale.a(ADC_SAR_1.o)
                0x1fff85c0                ADC_SAR_1_countsPerVolt
                0x1fff85c2                ADC_SAR_1_shift
                0x1fff85c4                ADC_SAR_1_countsPer10Volt
                0x1fff85c8                ADC_SAR_1_offset
 COMMON         0x1fff85ca        0x1 .\CortexM3\ARM_GCC_541\Debug\Scale.a(I2COLED.o)
                0x1fff85ca                I2COLED_state
 *fill*         0x1fff85cb        0x1 
 COMMON         0x1fff85cc       0x11 .\CortexM3\ARM_GCC_541\Debug\Scale.a(I2COLED_MASTER.o)
                0x1fff85cc                I2COLED_mstrStatus
                0x1fff85cd                I2COLED_mstrControl
                0x1fff85ce                I2COLED_mstrRdBufIndex
                0x1fff85cf                I2COLED_mstrWrBufIndex
                0x1fff85d0                I2COLED_mstrRdBufPtr
                0x1fff85d4                I2COLED_mstrWrBufSize
                0x1fff85d8                I2COLED_mstrWrBufPtr
                0x1fff85dc                I2COLED_mstrRdBufSize
 *fill*         0x1fff85dd        0x3 
 COMMON         0x1fff85e0        0x4 c:/program files (x86)/cypress/psoc creator/4.4/psoc creator/import/gnu/arm/5.4.1/bin/../lib/gcc/arm-none-eabi/5.4.1/../../../../arm-none-eabi/lib/armv7-m\libg_nano.a(lib_a-reent.o)
                0x1fff85e0                errno
                0x1fff85e8                . = ALIGN (0x8)
 *fill*         0x1fff85e4        0x4 
 *(.ram.b)
                0x1fff85e8                _end = .
                0x1fff85e8                __end = .
                0x1fff85e8                PROVIDE (end, .)
                0x1fff85e8                PROVIDE (__bss_end__, .)
                0x00004718                __cy_region_init_ram = LOADADDR (.data)
                0x000004b8                __cy_region_init_size_ram = (_edata - ADDR (.data))
                0x00000068                __cy_region_zero_size_ram = (_end - _edata)

.heap           0x1fff85e8      0x200 load address 0x00004bd0
                0x1fff85e8                . = _end
                0x1fff87e8                . = (. + 0x200)
 *fill*         0x1fff85e8      0x200 
                0x1fff87e8                __cy_heap_limit = .

.stack          0x20007800      0x800
                0x20007800                __cy_stack_limit = .
                0x20008000                . = (. + 0x800)
 *fill*         0x20007800      0x800 
                0x00000001                ASSERT ((__cy_stack_limit >= __cy_heap_limit), region RAM overflowed with stack)
                0x00000000                cy_checksum_exclude_size = (CY_APPL_LOADABLE == 0x1)?SIZEOF (.cy_checksum_exclude):0x0
                0x00000001                ASSERT ((cy_checksum_exclude_size <= CY_CHECKSUM_EXCLUDE_SIZE), CY_BOOT: Section .cy_checksum_exclude size exceedes specified limit.)

.cyloadermeta
 *(.cyloadermeta)

.cyloadablemeta
 *(.cyloadablemeta)

.cyconfigecc    0x80000000      0x490
 *(.cyconfigecc)
 .cyconfigecc   0x80000000      0x490 .\CortexM3\ARM_GCC_541\Debug\cymetadata.o
                0x80000000                cy_meta_configecc

.cycustnvl      0x90000000        0x4
 *(.cycustnvl)
 .cycustnvl     0x90000000        0x4 .\CortexM3\ARM_GCC_541\Debug\cymetadata.o
                0x90000000                cy_meta_custnvl

.cywolatch      0x90100000        0x4
 *(.cywolatch)
 .cywolatch     0x90100000        0x4 .\CortexM3\ARM_GCC_541\Debug\cymetadata.o
                0x90100000                cy_meta_wonvl

.cyeeprom       0x90200000        0x0
 *(.cyeeprom)
                0x00000001                ASSERT ((. <= ((0x90200000 + ee_offset) + ee_size)), .cyeeprom data will not fit in EEPROM)

.cyflashprotect
                0x90400000      0x100
 *(.cyflashprotect)
 .cyflashprotect
                0x90400000      0x100 .\CortexM3\ARM_GCC_541\Debug\cymetadata.o
                0x90400000                cy_meta_flashprotect

.cymeta         0x90500000        0xc
 *(.cymeta)
 .cymeta        0x90500000        0xc .\CortexM3\ARM_GCC_541\Debug\cymetadata.o
                0x90500000                cy_metadata

.rel.dyn        0x00004bd0        0x0 load address 0x9050000c
 .rel.iplt      0x00004bd0        0x0 c:/program files (x86)/cypress/psoc creator/4.4/psoc creator/import/gnu/arm/5.4.1/bin/../lib/gcc/arm-none-eabi/5.4.1/armv7-m/crtbegin.o

.stab
 *(.stab)

.stabstr
 *(.stabstr)

.debug
 *(.debug)

.line
 *(.line)

.debug_srcinfo
 *(.debug_srcinfo)

.debug_sfnames
 *(.debug_sfnames)

.debug_aranges  0x00000000      0xaa8
 *(.debug_aranges)
 .debug_aranges
                0x00000000       0x60 .\CortexM3\ARM_GCC_541\Debug\main.o
 .debug_aranges
                0x00000060      0x118 .\CortexM3\ARM_GCC_541\Debug\ssd1306.o
 .debug_aranges
                0x00000178       0x58 .\CortexM3\ARM_GCC_541\Debug\cyfitter_cfg.o
 .debug_aranges
                0x000001d0       0x18 .\CortexM3\ARM_GCC_541\Debug\cymetadata.o
 .debug_aranges
                0x000001e8       0x48 .\CortexM3\ARM_GCC_541\Debug\Cm3Start.o
 .debug_aranges
                0x00000230       0xf0 .\CortexM3\ARM_GCC_541\Debug\Scale.a(UART_1.o)
 .debug_aranges
                0x00000320       0x80 .\CortexM3\ARM_GCC_541\Debug\Scale.a(isr_uart_rx.o)
 .debug_aranges
                0x000003a0       0xa8 .\CortexM3\ARM_GCC_541\Debug\Scale.a(ADC_SAR_1.o)
 .debug_aranges
                0x00000448       0x20 .\CortexM3\ARM_GCC_541\Debug\Scale.a(ADC_SAR_1_INT.o)
 .debug_aranges
                0x00000468       0x70 .\CortexM3\ARM_GCC_541\Debug\Scale.a(UART_1_IntClock.o)
 .debug_aranges
                0x000004d8       0x70 .\CortexM3\ARM_GCC_541\Debug\Scale.a(ADC_SAR_1_theACLK.o)
 .debug_aranges
                0x00000548      0x2a0 .\CortexM3\ARM_GCC_541\Debug\Scale.a(CyLib.o)
 .debug_aranges
                0x000007e8       0x98 .\CortexM3\ARM_GCC_541\Debug\Scale.a(cyPm.o)
 .debug_aranges
                0x00000880       0x38 .\CortexM3\ARM_GCC_541\Debug\Scale.a(I2COLED.o)
 .debug_aranges
                0x000008b8       0x20 .\CortexM3\ARM_GCC_541\Debug\Scale.a(I2COLED_INT.o)
 .debug_aranges
                0x000008d8       0x38 .\CortexM3\ARM_GCC_541\Debug\Scale.a(I2COLED_PM.o)
 .debug_aranges
                0x00000910       0x80 .\CortexM3\ARM_GCC_541\Debug\Scale.a(I2COLED_MASTER.o)
 .debug_aranges
                0x00000990       0x20 .\CortexM3\ARM_GCC_541\Debug\Scale.a(CyBootAsmGnu.o)
 .debug_aranges
                0x000009b0       0x80 .\CortexM3\ARM_GCC_541\Debug\Scale.a(CyFlash.o)
 .debug_aranges
                0x00000a30       0x78 .\CortexM3\ARM_GCC_541\Debug\Scale.a(CySpc.o)

.debug_pubnames
 *(.debug_pubnames)

.debug_info     0x00000000     0x6b61
 *(.debug_info .gnu.linkonce.wi.*)
 .debug_info    0x00000000      0x691 .\CortexM3\ARM_GCC_541\Debug\main.o
 .debug_info    0x00000691     0x132d .\CortexM3\ARM_GCC_541\Debug\ssd1306.o
 .debug_info    0x000019be      0x5a8 .\CortexM3\ARM_GCC_541\Debug\cyfitter_cfg.o
 .debug_info    0x00001f66      0x136 .\CortexM3\ARM_GCC_541\Debug\cymetadata.o
 .debug_info    0x0000209c      0x3b5 .\CortexM3\ARM_GCC_541\Debug\Cm3Start.o
 .debug_info    0x00002451      0x60c .\CortexM3\ARM_GCC_541\Debug\Scale.a(UART_1.o)
 .debug_info    0x00002a5d      0x2d2 .\CortexM3\ARM_GCC_541\Debug\Scale.a(isr_uart_rx.o)
 .debug_info    0x00002d2f      0x5c0 .\CortexM3\ARM_GCC_541\Debug\Scale.a(ADC_SAR_1.o)
 .debug_info    0x000032ef       0x92 .\CortexM3\ARM_GCC_541\Debug\Scale.a(ADC_SAR_1_INT.o)
 .debug_info    0x00003381      0x283 .\CortexM3\ARM_GCC_541\Debug\Scale.a(UART_1_IntClock.o)
 .debug_info    0x00003604      0x283 .\CortexM3\ARM_GCC_541\Debug\Scale.a(ADC_SAR_1_theACLK.o)
 .debug_info    0x00003887     0x1374 .\CortexM3\ARM_GCC_541\Debug\Scale.a(CyLib.o)
 .debug_info    0x00004bfb      0xa1d .\CortexM3\ARM_GCC_541\Debug\Scale.a(cyPm.o)
 .debug_info    0x00005618      0x2ad .\CortexM3\ARM_GCC_541\Debug\Scale.a(I2COLED.o)
 .debug_info    0x000058c5      0x184 .\CortexM3\ARM_GCC_541\Debug\Scale.a(I2COLED_INT.o)
 .debug_info    0x00005a49      0x207 .\CortexM3\ARM_GCC_541\Debug\Scale.a(I2COLED_PM.o)
 .debug_info    0x00005c50      0x407 .\CortexM3\ARM_GCC_541\Debug\Scale.a(I2COLED_MASTER.o)
 .debug_info    0x00006057       0x69 .\CortexM3\ARM_GCC_541\Debug\Scale.a(CyBootAsmGnu.o)
 .debug_info    0x000060c0      0x5b8 .\CortexM3\ARM_GCC_541\Debug\Scale.a(CyFlash.o)
 .debug_info    0x00006678      0x4e9 .\CortexM3\ARM_GCC_541\Debug\Scale.a(CySpc.o)

.debug_abbrev   0x00000000     0x1b12
 *(.debug_abbrev)
 .debug_abbrev  0x00000000      0x194 .\CortexM3\ARM_GCC_541\Debug\main.o
 .debug_abbrev  0x00000194      0x291 .\CortexM3\ARM_GCC_541\Debug\ssd1306.o
 .debug_abbrev  0x00000425      0x20d .\CortexM3\ARM_GCC_541\Debug\cyfitter_cfg.o
 .debug_abbrev  0x00000632       0x77 .\CortexM3\ARM_GCC_541\Debug\cymetadata.o
 .debug_abbrev  0x000006a9      0x1e8 .\CortexM3\ARM_GCC_541\Debug\Cm3Start.o
 .debug_abbrev  0x00000891      0x175 .\CortexM3\ARM_GCC_541\Debug\Scale.a(UART_1.o)
 .debug_abbrev  0x00000a06      0x173 .\CortexM3\ARM_GCC_541\Debug\Scale.a(isr_uart_rx.o)
 .debug_abbrev  0x00000b79      0x1ac .\CortexM3\ARM_GCC_541\Debug\Scale.a(ADC_SAR_1.o)
 .debug_abbrev  0x00000d25       0x42 .\CortexM3\ARM_GCC_541\Debug\Scale.a(ADC_SAR_1_INT.o)
 .debug_abbrev  0x00000d67      0x139 .\CortexM3\ARM_GCC_541\Debug\Scale.a(UART_1_IntClock.o)
 .debug_abbrev  0x00000ea0      0x139 .\CortexM3\ARM_GCC_541\Debug\Scale.a(ADC_SAR_1_theACLK.o)
 .debug_abbrev  0x00000fd9      0x254 .\CortexM3\ARM_GCC_541\Debug\Scale.a(CyLib.o)
 .debug_abbrev  0x0000122d      0x1ab .\CortexM3\ARM_GCC_541\Debug\Scale.a(cyPm.o)
 .debug_abbrev  0x000013d8      0x10a .\CortexM3\ARM_GCC_541\Debug\Scale.a(I2COLED.o)
 .debug_abbrev  0x000014e2       0xb6 .\CortexM3\ARM_GCC_541\Debug\Scale.a(I2COLED_INT.o)
 .debug_abbrev  0x00001598       0xfe .\CortexM3\ARM_GCC_541\Debug\Scale.a(I2COLED_PM.o)
 .debug_abbrev  0x00001696      0x13c .\CortexM3\ARM_GCC_541\Debug\Scale.a(I2COLED_MASTER.o)
 .debug_abbrev  0x000017d2       0x14 .\CortexM3\ARM_GCC_541\Debug\Scale.a(CyBootAsmGnu.o)
 .debug_abbrev  0x000017e6      0x198 .\CortexM3\ARM_GCC_541\Debug\Scale.a(CyFlash.o)
 .debug_abbrev  0x0000197e      0x194 .\CortexM3\ARM_GCC_541\Debug\Scale.a(CySpc.o)

.debug_line     0x00000000     0x2c97
 *(.debug_line)
 .debug_line    0x00000000      0x2e1 .\CortexM3\ARM_GCC_541\Debug\main.o
 .debug_line    0x000002e1      0x60f .\CortexM3\ARM_GCC_541\Debug\ssd1306.o
 .debug_line    0x000008f0      0x1fa .\CortexM3\ARM_GCC_541\Debug\cyfitter_cfg.o
 .debug_line    0x00000aea      0x141 .\CortexM3\ARM_GCC_541\Debug\cymetadata.o
 .debug_line    0x00000c2b      0x234 .\CortexM3\ARM_GCC_541\Debug\Cm3Start.o
 .debug_line    0x00000e5f      0x2c0 .\CortexM3\ARM_GCC_541\Debug\Scale.a(UART_1.o)
 .debug_line    0x0000111f      0x138 .\CortexM3\ARM_GCC_541\Debug\Scale.a(isr_uart_rx.o)
 .debug_line    0x00001257      0x21e .\CortexM3\ARM_GCC_541\Debug\Scale.a(ADC_SAR_1.o)
 .debug_line    0x00001475       0x56 .\CortexM3\ARM_GCC_541\Debug\Scale.a(ADC_SAR_1_INT.o)
 .debug_line    0x000014cb      0x17e .\CortexM3\ARM_GCC_541\Debug\Scale.a(UART_1_IntClock.o)
 .debug_line    0x00001649      0x180 .\CortexM3\ARM_GCC_541\Debug\Scale.a(ADC_SAR_1_theACLK.o)
 .debug_line    0x000017c9      0x816 .\CortexM3\ARM_GCC_541\Debug\Scale.a(CyLib.o)
 .debug_line    0x00001fdf      0x364 .\CortexM3\ARM_GCC_541\Debug\Scale.a(cyPm.o)
 .debug_line    0x00002343       0xe5 .\CortexM3\ARM_GCC_541\Debug\Scale.a(I2COLED.o)
 .debug_line    0x00002428      0x11c .\CortexM3\ARM_GCC_541\Debug\Scale.a(I2COLED_INT.o)
 .debug_line    0x00002544       0xc3 .\CortexM3\ARM_GCC_541\Debug\Scale.a(I2COLED_PM.o)
 .debug_line    0x00002607      0x205 .\CortexM3\ARM_GCC_541\Debug\Scale.a(I2COLED_MASTER.o)
 .debug_line    0x0000280c       0x66 .\CortexM3\ARM_GCC_541\Debug\Scale.a(CyBootAsmGnu.o)
 .debug_line    0x00002872      0x1e9 .\CortexM3\ARM_GCC_541\Debug\Scale.a(CyFlash.o)
 .debug_line    0x00002a5b      0x23c .\CortexM3\ARM_GCC_541\Debug\Scale.a(CySpc.o)

.debug_frame    0x00000000     0x24e8
 *(.debug_frame)
 .debug_frame   0x00000000      0x110 .\CortexM3\ARM_GCC_541\Debug\main.o
 .debug_frame   0x00000110      0x3d0 .\CortexM3\ARM_GCC_541\Debug\ssd1306.o
 .debug_frame   0x000004e0       0xe4 .\CortexM3\ARM_GCC_541\Debug\cyfitter_cfg.o
 .debug_frame   0x000005c4       0xb8 .\CortexM3\ARM_GCC_541\Debug\Cm3Start.o
 .debug_frame   0x0000067c      0x250 .\CortexM3\ARM_GCC_541\Debug\Scale.a(UART_1.o)
 .debug_frame   0x000008cc      0x104 .\CortexM3\ARM_GCC_541\Debug\Scale.a(isr_uart_rx.o)
 .debug_frame   0x000009d0      0x1b0 .\CortexM3\ARM_GCC_541\Debug\Scale.a(ADC_SAR_1.o)
 .debug_frame   0x00000b80       0x20 .\CortexM3\ARM_GCC_541\Debug\Scale.a(ADC_SAR_1_INT.o)
 .debug_frame   0x00000ba0       0xe0 .\CortexM3\ARM_GCC_541\Debug\Scale.a(UART_1_IntClock.o)
 .debug_frame   0x00000c80       0xe0 .\CortexM3\ARM_GCC_541\Debug\Scale.a(ADC_SAR_1_theACLK.o)
 .debug_frame   0x00000d60      0x738 .\CortexM3\ARM_GCC_541\Debug\Scale.a(CyLib.o)
 .debug_frame   0x00001498      0x1f8 .\CortexM3\ARM_GCC_541\Debug\Scale.a(cyPm.o)
 .debug_frame   0x00001690       0x94 .\CortexM3\ARM_GCC_541\Debug\Scale.a(I2COLED.o)
 .debug_frame   0x00001724       0x30 .\CortexM3\ARM_GCC_541\Debug\Scale.a(I2COLED_INT.o)
 .debug_frame   0x00001754       0x74 .\CortexM3\ARM_GCC_541\Debug\Scale.a(I2COLED_PM.o)
 .debug_frame   0x000017c8      0x138 .\CortexM3\ARM_GCC_541\Debug\Scale.a(I2COLED_MASTER.o)
 .debug_frame   0x00001900      0x174 .\CortexM3\ARM_GCC_541\Debug\Scale.a(CyFlash.o)
 .debug_frame   0x00001a74      0x160 .\CortexM3\ARM_GCC_541\Debug\Scale.a(CySpc.o)
 .debug_frame   0x00001bd4       0x44 c:/program files (x86)/cypress/psoc creator/4.4/psoc creator/import/gnu/arm/5.4.1/bin/../lib/gcc/arm-none-eabi/5.4.1/armv7-m\libgcc.a(_aeabi_ldivmod.o)
 .debug_frame   0x00001c18       0x38 c:/program files (x86)/cypress/psoc creator/4.4/psoc creator/import/gnu/arm/5.4.1/bin/../lib/gcc/arm-none-eabi/5.4.1/armv7-m\libgcc.a(_udivmoddi4.o)
 .debug_frame   0x00001c50       0x20 c:/program files (x86)/cypress/psoc creator/4.4/psoc creator/import/gnu/arm/5.4.1/bin/../lib/gcc/arm-none-eabi/5.4.1/../../../../arm-none-eabi/lib/armv7-m\libg_nano.a(lib_a-errno.o)
 .debug_frame   0x00001c70       0x28 c:/program files (x86)/cypress/psoc creator/4.4/psoc creator/import/gnu/arm/5.4.1/bin/../lib/gcc/arm-none-eabi/5.4.1/../../../../arm-none-eabi/lib/armv7-m\libg_nano.a(lib_a-exit.o)
 .debug_frame   0x00001c98       0x2c c:/program files (x86)/cypress/psoc creator/4.4/psoc creator/import/gnu/arm/5.4.1/bin/../lib/gcc/arm-none-eabi/5.4.1/../../../../arm-none-eabi/lib/armv7-m\libg_nano.a(lib_a-init.o)
 .debug_frame   0x00001cc4       0x28 c:/program files (x86)/cypress/psoc creator/4.4/psoc creator/import/gnu/arm/5.4.1/bin/../lib/gcc/arm-none-eabi/5.4.1/../../../../arm-none-eabi/lib/armv7-m\libg_nano.a(lib_a-memcpy-stub.o)
 .debug_frame   0x00001cec       0x20 c:/program files (x86)/cypress/psoc creator/4.4/psoc creator/import/gnu/arm/5.4.1/bin/../lib/gcc/arm-none-eabi/5.4.1/../../../../arm-none-eabi/lib/armv7-m\libg_nano.a(lib_a-memset.o)
 .debug_frame   0x00001d0c       0x8c c:/program files (x86)/cypress/psoc creator/4.4/psoc creator/import/gnu/arm/5.4.1/bin/../lib/gcc/arm-none-eabi/5.4.1/../../../../arm-none-eabi/lib/armv7-m\libg_nano.a(lib_a-nano-vfprintf_float.o)
 .debug_frame   0x00001d98       0x60 c:/program files (x86)/cypress/psoc creator/4.4/psoc creator/import/gnu/arm/5.4.1/bin/../lib/gcc/arm-none-eabi/5.4.1/../../../../arm-none-eabi/lib/armv7-m\libg_nano.a(lib_a-nano-vfprintf_i.o)
 .debug_frame   0x00001df8       0x74 c:/program files (x86)/cypress/psoc creator/4.4/psoc creator/import/gnu/arm/5.4.1/bin/../lib/gcc/arm-none-eabi/5.4.1/../../../../arm-none-eabi/lib/armv7-m\libg_nano.a(lib_a-snprintf.o)
 .debug_frame   0x00001e6c       0x70 c:/program files (x86)/cypress/psoc creator/4.4/psoc creator/import/gnu/arm/5.4.1/bin/../lib/gcc/arm-none-eabi/5.4.1/../../../../arm-none-eabi/lib/armv7-m\libg_nano.a(lib_a-sprintf.o)
 .debug_frame   0x00001edc       0x6c c:/program files (x86)/cypress/psoc creator/4.4/psoc creator/import/gnu/arm/5.4.1/bin/../lib/gcc/arm-none-eabi/5.4.1/../../../../arm-none-eabi/lib/armv7-m\libg_nano.a(lib_a-dtoa.o)
 .debug_frame   0x00001f48       0x98 c:/program files (x86)/cypress/psoc creator/4.4/psoc creator/import/gnu/arm/5.4.1/bin/../lib/gcc/arm-none-eabi/5.4.1/../../../../arm-none-eabi/lib/armv7-m\libg_nano.a(lib_a-locale.o)
 .debug_frame   0x00001fe0       0x30 c:/program files (x86)/cypress/psoc creator/4.4/psoc creator/import/gnu/arm/5.4.1/bin/../lib/gcc/arm-none-eabi/5.4.1/../../../../arm-none-eabi/lib/armv7-m\libg_nano.a(lib_a-malloc.o)
 .debug_frame   0x00002010       0x28 c:/program files (x86)/cypress/psoc creator/4.4/psoc creator/import/gnu/arm/5.4.1/bin/../lib/gcc/arm-none-eabi/5.4.1/../../../../arm-none-eabi/lib/armv7-m\libg_nano.a(lib_a-memchr-stub.o)
 .debug_frame   0x00002038      0x234 c:/program files (x86)/cypress/psoc creator/4.4/psoc creator/import/gnu/arm/5.4.1/bin/../lib/gcc/arm-none-eabi/5.4.1/../../../../arm-none-eabi/lib/armv7-m\libg_nano.a(lib_a-mprec.o)
 .debug_frame   0x0000226c       0x2c c:/program files (x86)/cypress/psoc creator/4.4/psoc creator/import/gnu/arm/5.4.1/bin/../lib/gcc/arm-none-eabi/5.4.1/../../../../arm-none-eabi/lib/armv7-m\libg_nano.a(lib_a-nano-callocr.o)
 .debug_frame   0x00002298       0x38 c:/program files (x86)/cypress/psoc creator/4.4/psoc creator/import/gnu/arm/5.4.1/bin/../lib/gcc/arm-none-eabi/5.4.1/../../../../arm-none-eabi/lib/armv7-m\libg_nano.a(lib_a-nano-freer.o)
 .debug_frame   0x000022d0       0x2c c:/program files (x86)/cypress/psoc creator/4.4/psoc creator/import/gnu/arm/5.4.1/bin/../lib/gcc/arm-none-eabi/5.4.1/../../../../arm-none-eabi/lib/armv7-m\libg_nano.a(lib_a-nano-mallocr.o)
 .debug_frame   0x000022fc       0x90 c:/program files (x86)/cypress/psoc creator/4.4/psoc creator/import/gnu/arm/5.4.1/bin/../lib/gcc/arm-none-eabi/5.4.1/../../../../arm-none-eabi/lib/armv7-m\libg_nano.a(lib_a-nano-svfprintf.o)
 .debug_frame   0x0000238c       0x2c c:/program files (x86)/cypress/psoc creator/4.4/psoc creator/import/gnu/arm/5.4.1/bin/../lib/gcc/arm-none-eabi/5.4.1/../../../../arm-none-eabi/lib/armv7-m\libg_nano.a(lib_a-sbrkr.o)
 .debug_frame   0x000023b8       0x20 c:/program files (x86)/cypress/psoc creator/4.4/psoc creator/import/gnu/arm/5.4.1/bin/../lib/gcc/arm-none-eabi/5.4.1/../../../../arm-none-eabi/lib/armv7-m\libg_nano.a(lib_a-strcmp.o)
 .debug_frame   0x000023d8       0x28 c:/program files (x86)/cypress/psoc creator/4.4/psoc creator/import/gnu/arm/5.4.1/bin/../lib/gcc/arm-none-eabi/5.4.1/../../../../arm-none-eabi/lib/armv7-m\libg_nano.a(lib_a-memmove.o)
 .debug_frame   0x00002400       0x30 c:/program files (x86)/cypress/psoc creator/4.4/psoc creator/import/gnu/arm/5.4.1/bin/../lib/gcc/arm-none-eabi/5.4.1/../../../../arm-none-eabi/lib/armv7-m\libg_nano.a(lib_a-mlock.o)
 .debug_frame   0x00002430       0x3c c:/program files (x86)/cypress/psoc creator/4.4/psoc creator/import/gnu/arm/5.4.1/bin/../lib/gcc/arm-none-eabi/5.4.1/../../../../arm-none-eabi/lib/armv7-m\libg_nano.a(lib_a-nano-reallocr.o)
 .debug_frame   0x0000246c       0x5c c:/program files (x86)/cypress/psoc creator/4.4/psoc creator/import/gnu/arm/5.4.1/bin/../lib/gcc/arm-none-eabi/5.4.1/../../../../arm-none-eabi/lib/armv7-m\libg_nano.a(lib_a-reent.o)
 .debug_frame   0x000024c8       0x20 c:/program files (x86)/cypress/psoc creator/4.4/psoc creator/import/gnu/arm/5.4.1/bin/../lib/gcc/arm-none-eabi/5.4.1/../../../../arm-none-eabi/lib/armv7-m\libg_nano.a(lib_a-nano-msizer.o)

.debug_str      0x00000000     0x24b5
 *(.debug_str)
 .debug_str     0x00000000      0x356 .\CortexM3\ARM_GCC_541\Debug\main.o
                                0x3af (size before relaxing)
 .debug_str     0x00000356      0x3c6 .\CortexM3\ARM_GCC_541\Debug\ssd1306.o
                                0x630 (size before relaxing)
 .debug_str     0x0000071c      0x1a1 .\CortexM3\ARM_GCC_541\Debug\cyfitter_cfg.o
                                0x31d (size before relaxing)
 .debug_str     0x000008bd       0x75 .\CortexM3\ARM_GCC_541\Debug\cymetadata.o
                                0x1bd (size before relaxing)
 .debug_str     0x00000932      0x13f .\CortexM3\ARM_GCC_541\Debug\Cm3Start.o
                                0x2e3 (size before relaxing)
 .debug_str     0x00000a71      0x2b8 .\CortexM3\ARM_GCC_541\Debug\Scale.a(UART_1.o)
                                0x48c (size before relaxing)
 .debug_str     0x00000d29      0x13e .\CortexM3\ARM_GCC_541\Debug\Scale.a(isr_uart_rx.o)
                                0x2d3 (size before relaxing)
 .debug_str     0x00000e67      0x23c .\CortexM3\ARM_GCC_541\Debug\Scale.a(ADC_SAR_1.o)
                                0x496 (size before relaxing)
 .debug_str     0x000010a3       0x35 .\CortexM3\ARM_GCC_541\Debug\Scale.a(ADC_SAR_1_INT.o)
                                0x174 (size before relaxing)
 .debug_str     0x000010d8      0x197 .\CortexM3\ARM_GCC_541\Debug\Scale.a(UART_1_IntClock.o)
                                0x327 (size before relaxing)
 .debug_str     0x0000126f      0x16d .\CortexM3\ARM_GCC_541\Debug\Scale.a(ADC_SAR_1_theACLK.o)
                                0x33f (size before relaxing)
 .debug_str     0x000013dc      0x7d2 .\CortexM3\ARM_GCC_541\Debug\Scale.a(CyLib.o)
                                0xa20 (size before relaxing)
 .debug_str     0x00001bae      0x359 .\CortexM3\ARM_GCC_541\Debug\Scale.a(cyPm.o)
                                0x700 (size before relaxing)
 .debug_str     0x00001f07      0x100 .\CortexM3\ARM_GCC_541\Debug\Scale.a(I2COLED.o)
                                0x2ea (size before relaxing)
 .debug_str     0x00002007       0xa2 .\CortexM3\ARM_GCC_541\Debug\Scale.a(I2COLED_INT.o)
                                0x264 (size before relaxing)
 .debug_str     0x000020a9       0x6a .\CortexM3\ARM_GCC_541\Debug\Scale.a(I2COLED_PM.o)
                                0x27a (size before relaxing)
 .debug_str     0x00002113      0x161 .\CortexM3\ARM_GCC_541\Debug\Scale.a(I2COLED_MASTER.o)
                                0x3d9 (size before relaxing)
 .debug_str     0x00002274      0x195 .\CortexM3\ARM_GCC_541\Debug\Scale.a(CyFlash.o)
                                0x37a (size before relaxing)
 .debug_str     0x00002409       0xac .\CortexM3\ARM_GCC_541\Debug\Scale.a(CySpc.o)
                                0x303 (size before relaxing)

.debug_loc      0x00000000     0x345a
 *(.debug_loc)
 .debug_loc     0x00000000       0x82 .\CortexM3\ARM_GCC_541\Debug\main.o
 .debug_loc     0x00000082      0xd9c .\CortexM3\ARM_GCC_541\Debug\ssd1306.o
 .debug_loc     0x00000e1e      0x289 .\CortexM3\ARM_GCC_541\Debug\cyfitter_cfg.o
 .debug_loc     0x000010a7      0x144 .\CortexM3\ARM_GCC_541\Debug\Cm3Start.o
 .debug_loc     0x000011eb      0x258 .\CortexM3\ARM_GCC_541\Debug\Scale.a(UART_1.o)
 .debug_loc     0x00001443       0x56 .\CortexM3\ARM_GCC_541\Debug\Scale.a(isr_uart_rx.o)
 .debug_loc     0x00001499      0x295 .\CortexM3\ARM_GCC_541\Debug\Scale.a(ADC_SAR_1.o)
 .debug_loc     0x0000172e      0x128 .\CortexM3\ARM_GCC_541\Debug\Scale.a(UART_1_IntClock.o)
 .debug_loc     0x00001856      0x12c .\CortexM3\ARM_GCC_541\Debug\Scale.a(ADC_SAR_1_theACLK.o)
 .debug_loc     0x00001982      0xa11 .\CortexM3\ARM_GCC_541\Debug\Scale.a(CyLib.o)
 .debug_loc     0x00002393      0x1e4 .\CortexM3\ARM_GCC_541\Debug\Scale.a(cyPm.o)
 .debug_loc     0x00002577       0x39 .\CortexM3\ARM_GCC_541\Debug\Scale.a(I2COLED.o)
 .debug_loc     0x000025b0       0x29 .\CortexM3\ARM_GCC_541\Debug\Scale.a(I2COLED_INT.o)
 .debug_loc     0x000025d9       0x13 .\CortexM3\ARM_GCC_541\Debug\Scale.a(I2COLED_PM.o)
 .debug_loc     0x000025ec      0x52f .\CortexM3\ARM_GCC_541\Debug\Scale.a(I2COLED_MASTER.o)
 .debug_loc     0x00002b1b      0x2f2 .\CortexM3\ARM_GCC_541\Debug\Scale.a(CyFlash.o)
 .debug_loc     0x00002e0d      0x64d .\CortexM3\ARM_GCC_541\Debug\Scale.a(CySpc.o)

.debug_macinfo
 *(.debug_macinfo)

.debug_ranges   0x00000000      0x968
 *(.debug_ranges)
 .debug_ranges  0x00000000       0x50 .\CortexM3\ARM_GCC_541\Debug\main.o
 .debug_ranges  0x00000050      0x120 .\CortexM3\ARM_GCC_541\Debug\ssd1306.o
 .debug_ranges  0x00000170       0x48 .\CortexM3\ARM_GCC_541\Debug\cyfitter_cfg.o
 .debug_ranges  0x000001b8       0x38 .\CortexM3\ARM_GCC_541\Debug\Cm3Start.o
 .debug_ranges  0x000001f0       0xe0 .\CortexM3\ARM_GCC_541\Debug\Scale.a(UART_1.o)
 .debug_ranges  0x000002d0       0x70 .\CortexM3\ARM_GCC_541\Debug\Scale.a(isr_uart_rx.o)
 .debug_ranges  0x00000340       0x98 .\CortexM3\ARM_GCC_541\Debug\Scale.a(ADC_SAR_1.o)
 .debug_ranges  0x000003d8       0x10 .\CortexM3\ARM_GCC_541\Debug\Scale.a(ADC_SAR_1_INT.o)
 .debug_ranges  0x000003e8       0x60 .\CortexM3\ARM_GCC_541\Debug\Scale.a(UART_1_IntClock.o)
 .debug_ranges  0x00000448       0x60 .\CortexM3\ARM_GCC_541\Debug\Scale.a(ADC_SAR_1_theACLK.o)
 .debug_ranges  0x000004a8      0x290 .\CortexM3\ARM_GCC_541\Debug\Scale.a(CyLib.o)
 .debug_ranges  0x00000738       0x88 .\CortexM3\ARM_GCC_541\Debug\Scale.a(cyPm.o)
 .debug_ranges  0x000007c0       0x28 .\CortexM3\ARM_GCC_541\Debug\Scale.a(I2COLED.o)
 .debug_ranges  0x000007e8       0x10 .\CortexM3\ARM_GCC_541\Debug\Scale.a(I2COLED_INT.o)
 .debug_ranges  0x000007f8       0x28 .\CortexM3\ARM_GCC_541\Debug\Scale.a(I2COLED_PM.o)
 .debug_ranges  0x00000820       0x70 .\CortexM3\ARM_GCC_541\Debug\Scale.a(I2COLED_MASTER.o)
 .debug_ranges  0x00000890       0x70 .\CortexM3\ARM_GCC_541\Debug\Scale.a(CyFlash.o)
 .debug_ranges  0x00000900       0x68 .\CortexM3\ARM_GCC_541\Debug\Scale.a(CySpc.o)

.comment        0x00000000       0x6e
 .comment       0x00000000       0x6e .\CortexM3\ARM_GCC_541\Debug\main.o
                                 0x6f (size before relaxing)
 .comment       0x0000006e       0x6f .\CortexM3\ARM_GCC_541\Debug\ssd1306.o
 .comment       0x0000006e       0x6f .\CortexM3\ARM_GCC_541\Debug\cyfitter_cfg.o
 .comment       0x0000006e       0x6f .\CortexM3\ARM_GCC_541\Debug\cymetadata.o
 .comment       0x0000006e       0x6f .\CortexM3\ARM_GCC_541\Debug\Cm3Start.o
 .comment       0x0000006e       0x6f .\CortexM3\ARM_GCC_541\Debug\Scale.a(UART_1.o)
 .comment       0x0000006e       0x6f .\CortexM3\ARM_GCC_541\Debug\Scale.a(isr_uart_rx.o)
 .comment       0x0000006e       0x6f .\CortexM3\ARM_GCC_541\Debug\Scale.a(ADC_SAR_1.o)
 .comment       0x0000006e       0x6f .\CortexM3\ARM_GCC_541\Debug\Scale.a(ADC_SAR_1_INT.o)
 .comment       0x0000006e       0x6f .\CortexM3\ARM_GCC_541\Debug\Scale.a(UART_1_IntClock.o)
 .comment       0x0000006e       0x6f .\CortexM3\ARM_GCC_541\Debug\Scale.a(ADC_SAR_1_theACLK.o)
 .comment       0x0000006e       0x6f .\CortexM3\ARM_GCC_541\Debug\Scale.a(CyLib.o)
 .comment       0x0000006e       0x6f .\CortexM3\ARM_GCC_541\Debug\Scale.a(cyPm.o)
 .comment       0x0000006e       0x6f .\CortexM3\ARM_GCC_541\Debug\Scale.a(I2COLED.o)
 .comment       0x0000006e       0x6f .\CortexM3\ARM_GCC_541\Debug\Scale.a(I2COLED_INT.o)
 .comment       0x0000006e       0x6f .\CortexM3\ARM_GCC_541\Debug\Scale.a(I2COLED_PM.o)
 .comment       0x0000006e       0x6f .\CortexM3\ARM_GCC_541\Debug\Scale.a(I2COLED_MASTER.o)
 .comment       0x0000006e       0x6f .\CortexM3\ARM_GCC_541\Debug\Scale.a(CyFlash.o)
 .comment       0x0000006e       0x6f .\CortexM3\ARM_GCC_541\Debug\Scale.a(CySpc.o)

.debug_weaknames
 *(.debug_weaknames)

.debug_funcnames
 *(.debug_funcnames)

.debug_typenames
 *(.debug_typenames)

.debug_varnames
 *(.debug_varnames)

.note.gnu.arm.ident
 *(.note.gnu.arm.ident)

.ARM.attributes
                0x00000000       0x29
 *(.ARM.attributes)
 .ARM.attributes
                0x00000000       0x1d c:/program files (x86)/cypress/psoc creator/4.4/psoc creator/import/gnu/arm/5.4.1/bin/../lib/gcc/arm-none-eabi/5.4.1/armv7-m/crti.o
 .ARM.attributes
                0x0000001d       0x2d c:/program files (x86)/cypress/psoc creator/4.4/psoc creator/import/gnu/arm/5.4.1/bin/../lib/gcc/arm-none-eabi/5.4.1/armv7-m/crtbegin.o
 .ARM.attributes
                0x0000004a       0x1b c:/program files (x86)/cypress/psoc creator/4.4/psoc creator/import/gnu/arm/5.4.1/bin/../lib/gcc/arm-none-eabi/5.4.1/../../../../arm-none-eabi/lib/armv7-m/crt0.o
 .ARM.attributes
                0x00000065       0x33 .\CortexM3\ARM_GCC_541\Debug\main.o
 .ARM.attributes
                0x00000098       0x33 .\CortexM3\ARM_GCC_541\Debug\ssd1306.o
 .ARM.attributes
                0x000000cb       0x33 .\CortexM3\ARM_GCC_541\Debug\cyfitter_cfg.o
 .ARM.attributes
                0x000000fe       0x33 .\CortexM3\ARM_GCC_541\Debug\cymetadata.o
 .ARM.attributes
                0x00000131       0x33 .\CortexM3\ARM_GCC_541\Debug\Cm3Start.o
 .ARM.attributes
                0x00000164       0x33 .\CortexM3\ARM_GCC_541\Debug\Scale.a(UART_1.o)
 .ARM.attributes
                0x00000197       0x33 .\CortexM3\ARM_GCC_541\Debug\Scale.a(isr_uart_rx.o)
 .ARM.attributes
                0x000001ca       0x33 .\CortexM3\ARM_GCC_541\Debug\Scale.a(ADC_SAR_1.o)
 .ARM.attributes
                0x000001fd       0x33 .\CortexM3\ARM_GCC_541\Debug\Scale.a(ADC_SAR_1_INT.o)
 .ARM.attributes
                0x00000230       0x33 .\CortexM3\ARM_GCC_541\Debug\Scale.a(UART_1_IntClock.o)
 .ARM.attributes
                0x00000263       0x33 .\CortexM3\ARM_GCC_541\Debug\Scale.a(ADC_SAR_1_theACLK.o)
 .ARM.attributes
                0x00000296       0x33 .\CortexM3\ARM_GCC_541\Debug\Scale.a(CyLib.o)
 .ARM.attributes
                0x000002c9       0x33 .\CortexM3\ARM_GCC_541\Debug\Scale.a(cyPm.o)
 .ARM.attributes
                0x000002fc       0x33 .\CortexM3\ARM_GCC_541\Debug\Scale.a(I2COLED.o)
 .ARM.attributes
                0x0000032f       0x33 .\CortexM3\ARM_GCC_541\Debug\Scale.a(I2COLED_INT.o)
 .ARM.attributes
                0x00000362       0x33 .\CortexM3\ARM_GCC_541\Debug\Scale.a(I2COLED_PM.o)
 .ARM.attributes
                0x00000395       0x33 .\CortexM3\ARM_GCC_541\Debug\Scale.a(I2COLED_MASTER.o)
 .ARM.attributes
                0x000003c8       0x21 .\CortexM3\ARM_GCC_541\Debug\Scale.a(CyBootAsmGnu.o)
 .ARM.attributes
                0x000003e9       0x33 .\CortexM3\ARM_GCC_541\Debug\Scale.a(CyFlash.o)
 .ARM.attributes
                0x0000041c       0x33 .\CortexM3\ARM_GCC_541\Debug\Scale.a(CySpc.o)
 .ARM.attributes
                0x0000044f       0x1d c:/program files (x86)/cypress/psoc creator/4.4/psoc creator/import/gnu/arm/5.4.1/bin/../lib/gcc/arm-none-eabi/5.4.1/armv7-m\libgcc.a(_arm_addsubdf3.o)
 .ARM.attributes
                0x0000046c       0x1d c:/program files (x86)/cypress/psoc creator/4.4/psoc creator/import/gnu/arm/5.4.1/bin/../lib/gcc/arm-none-eabi/5.4.1/armv7-m\libgcc.a(_arm_addsubsf3.o)
 .ARM.attributes
                0x00000489       0x1d c:/program files (x86)/cypress/psoc creator/4.4/psoc creator/import/gnu/arm/5.4.1/bin/../lib/gcc/arm-none-eabi/5.4.1/armv7-m\libgcc.a(_arm_muldivsf3.o)
 .ARM.attributes
                0x000004a6       0x1d c:/program files (x86)/cypress/psoc creator/4.4/psoc creator/import/gnu/arm/5.4.1/bin/../lib/gcc/arm-none-eabi/5.4.1/armv7-m\libgcc.a(_aeabi_ldivmod.o)
 .ARM.attributes
                0x000004c3       0x2d c:/program files (x86)/cypress/psoc creator/4.4/psoc creator/import/gnu/arm/5.4.1/bin/../lib/gcc/arm-none-eabi/5.4.1/armv7-m\libgcc.a(_udivmoddi4.o)
 .ARM.attributes
                0x000004f0       0x1d c:/program files (x86)/cypress/psoc creator/4.4/psoc creator/import/gnu/arm/5.4.1/bin/../lib/gcc/arm-none-eabi/5.4.1/armv7-m\libgcc.a(_dvmd_tls.o)
 .ARM.attributes
                0x0000050d       0x2d c:/program files (x86)/cypress/psoc creator/4.4/psoc creator/import/gnu/arm/5.4.1/bin/../lib/gcc/arm-none-eabi/5.4.1/../../../../arm-none-eabi/lib/armv7-m\libg_nano.a(lib_a-errno.o)
 .ARM.attributes
                0x0000053a       0x2d c:/program files (x86)/cypress/psoc creator/4.4/psoc creator/import/gnu/arm/5.4.1/bin/../lib/gcc/arm-none-eabi/5.4.1/../../../../arm-none-eabi/lib/armv7-m\libg_nano.a(lib_a-exit.o)
 .ARM.attributes
                0x00000567       0x2d c:/program files (x86)/cypress/psoc creator/4.4/psoc creator/import/gnu/arm/5.4.1/bin/../lib/gcc/arm-none-eabi/5.4.1/../../../../arm-none-eabi/lib/armv7-m\libg_nano.a(lib_a-impure.o)
 .ARM.attributes
                0x00000594       0x2d c:/program files (x86)/cypress/psoc creator/4.4/psoc creator/import/gnu/arm/5.4.1/bin/../lib/gcc/arm-none-eabi/5.4.1/../../../../arm-none-eabi/lib/armv7-m\libg_nano.a(lib_a-init.o)
 .ARM.attributes
                0x000005c1       0x2d c:/program files (x86)/cypress/psoc creator/4.4/psoc creator/import/gnu/arm/5.4.1/bin/../lib/gcc/arm-none-eabi/5.4.1/../../../../arm-none-eabi/lib/armv7-m\libg_nano.a(lib_a-memcpy-stub.o)
 .ARM.attributes
                0x000005ee       0x2d c:/program files (x86)/cypress/psoc creator/4.4/psoc creator/import/gnu/arm/5.4.1/bin/../lib/gcc/arm-none-eabi/5.4.1/../../../../arm-none-eabi/lib/armv7-m\libg_nano.a(lib_a-memset.o)
 .ARM.attributes
                0x0000061b       0x2d c:/program files (x86)/cypress/psoc creator/4.4/psoc creator/import/gnu/arm/5.4.1/bin/../lib/gcc/arm-none-eabi/5.4.1/../../../../arm-none-eabi/lib/armv7-m\libg_nano.a(lib_a-nano-vfprintf_float.o)
 .ARM.attributes
                0x00000648       0x2d c:/program files (x86)/cypress/psoc creator/4.4/psoc creator/import/gnu/arm/5.4.1/bin/../lib/gcc/arm-none-eabi/5.4.1/../../../../arm-none-eabi/lib/armv7-m\libg_nano.a(lib_a-nano-vfprintf_i.o)
 .ARM.attributes
                0x00000675       0x2d c:/program files (x86)/cypress/psoc creator/4.4/psoc creator/import/gnu/arm/5.4.1/bin/../lib/gcc/arm-none-eabi/5.4.1/../../../../arm-none-eabi/lib/armv7-m\libg_nano.a(lib_a-snprintf.o)
 .ARM.attributes
                0x000006a2       0x2d c:/program files (x86)/cypress/psoc creator/4.4/psoc creator/import/gnu/arm/5.4.1/bin/../lib/gcc/arm-none-eabi/5.4.1/../../../../arm-none-eabi/lib/armv7-m\libg_nano.a(lib_a-sprintf.o)
 .ARM.attributes
                0x000006cf       0x17 c:/program files (x86)/cypress/psoc creator/4.4/psoc creator/import/gnu/arm/5.4.1/bin/../lib/gcc/arm-none-eabi/5.4.1/../../../../arm-none-eabi/lib/armv7-m\libg_nano.a(lib_a-strlen.o)
 .ARM.attributes
                0x000006e6       0x2d c:/program files (x86)/cypress/psoc creator/4.4/psoc creator/import/gnu/arm/5.4.1/bin/../lib/gcc/arm-none-eabi/5.4.1/../../../../arm-none-eabi/lib/armv7-m\libg_nano.a(lib_a-dtoa.o)
 .ARM.attributes
                0x00000713       0x2d c:/program files (x86)/cypress/psoc creator/4.4/psoc creator/import/gnu/arm/5.4.1/bin/../lib/gcc/arm-none-eabi/5.4.1/../../../../arm-none-eabi/lib/armv7-m\libg_nano.a(lib_a-locale.o)
 .ARM.attributes
                0x00000740       0x2d c:/program files (x86)/cypress/psoc creator/4.4/psoc creator/import/gnu/arm/5.4.1/bin/../lib/gcc/arm-none-eabi/5.4.1/../../../../arm-none-eabi/lib/armv7-m\libg_nano.a(lib_a-malloc.o)
 .ARM.attributes
                0x0000076d       0x2d c:/program files (x86)/cypress/psoc creator/4.4/psoc creator/import/gnu/arm/5.4.1/bin/../lib/gcc/arm-none-eabi/5.4.1/../../../../arm-none-eabi/lib/armv7-m\libg_nano.a(lib_a-memchr-stub.o)
 .ARM.attributes
                0x0000079a       0x2d c:/program files (x86)/cypress/psoc creator/4.4/psoc creator/import/gnu/arm/5.4.1/bin/../lib/gcc/arm-none-eabi/5.4.1/../../../../arm-none-eabi/lib/armv7-m\libg_nano.a(lib_a-mprec.o)
 .ARM.attributes
                0x000007c7       0x2d c:/program files (x86)/cypress/psoc creator/4.4/psoc creator/import/gnu/arm/5.4.1/bin/../lib/gcc/arm-none-eabi/5.4.1/../../../../arm-none-eabi/lib/armv7-m\libg_nano.a(lib_a-nano-callocr.o)
 .ARM.attributes
                0x000007f4       0x2d c:/program files (x86)/cypress/psoc creator/4.4/psoc creator/import/gnu/arm/5.4.1/bin/../lib/gcc/arm-none-eabi/5.4.1/../../../../arm-none-eabi/lib/armv7-m\libg_nano.a(lib_a-nano-freer.o)
 .ARM.attributes
                0x00000821       0x2d c:/program files (x86)/cypress/psoc creator/4.4/psoc creator/import/gnu/arm/5.4.1/bin/../lib/gcc/arm-none-eabi/5.4.1/../../../../arm-none-eabi/lib/armv7-m\libg_nano.a(lib_a-nano-mallocr.o)
 .ARM.attributes
                0x0000084e       0x2d c:/program files (x86)/cypress/psoc creator/4.4/psoc creator/import/gnu/arm/5.4.1/bin/../lib/gcc/arm-none-eabi/5.4.1/../../../../arm-none-eabi/lib/armv7-m\libg_nano.a(lib_a-nano-svfprintf.o)
 .ARM.attributes
                0x0000087b       0x2d c:/program files (x86)/cypress/psoc creator/4.4/psoc creator/import/gnu/arm/5.4.1/bin/../lib/gcc/arm-none-eabi/5.4.1/../../../../arm-none-eabi/lib/armv7-m\libg_nano.a(lib_a-sbrkr.o)
 .ARM.attributes
                0x000008a8       0x1b c:/program files (x86)/cypress/psoc creator/4.4/psoc creator/import/gnu/arm/5.4.1/bin/../lib/gcc/arm-none-eabi/5.4.1/../../../../arm-none-eabi/lib/armv7-m\libg_nano.a(lib_a-strcmp.o)
 .ARM.attributes
                0x000008c3       0x2d c:/program files (x86)/cypress/psoc creator/4.4/psoc creator/import/gnu/arm/5.4.1/bin/../lib/gcc/arm-none-eabi/5.4.1/../../../../arm-none-eabi/lib/armv7-m\libg_nano.a(lib_a-memmove.o)
 .ARM.attributes
                0x000008f0       0x2d c:/program files (x86)/cypress/psoc creator/4.4/psoc creator/import/gnu/arm/5.4.1/bin/../lib/gcc/arm-none-eabi/5.4.1/../../../../arm-none-eabi/lib/armv7-m\libg_nano.a(lib_a-mlock.o)
 .ARM.attributes
                0x0000091d       0x2d c:/program files (x86)/cypress/psoc creator/4.4/psoc creator/import/gnu/arm/5.4.1/bin/../lib/gcc/arm-none-eabi/5.4.1/../../../../arm-none-eabi/lib/armv7-m\libg_nano.a(lib_a-nano-reallocr.o)
 .ARM.attributes
                0x0000094a       0x2d c:/program files (x86)/cypress/psoc creator/4.4/psoc creator/import/gnu/arm/5.4.1/bin/../lib/gcc/arm-none-eabi/5.4.1/../../../../arm-none-eabi/lib/armv7-m\libg_nano.a(lib_a-reent.o)
 .ARM.attributes
                0x00000977       0x2d c:/program files (x86)/cypress/psoc creator/4.4/psoc creator/import/gnu/arm/5.4.1/bin/../lib/gcc/arm-none-eabi/5.4.1/../../../../arm-none-eabi/lib/armv7-m\libg_nano.a(lib_a-nano-msizer.o)
 .ARM.attributes
                0x000009a4       0x1d c:/program files (x86)/cypress/psoc creator/4.4/psoc creator/import/gnu/arm/5.4.1/bin/../lib/gcc/arm-none-eabi/5.4.1/armv7-m\libgcc.a(_arm_muldivdf3.o)
 .ARM.attributes
                0x000009c1       0x1d c:/program files (x86)/cypress/psoc creator/4.4/psoc creator/import/gnu/arm/5.4.1/bin/../lib/gcc/arm-none-eabi/5.4.1/armv7-m\libgcc.a(_arm_cmpdf2.o)
 .ARM.attributes
                0x000009de       0x1d c:/program files (x86)/cypress/psoc creator/4.4/psoc creator/import/gnu/arm/5.4.1/bin/../lib/gcc/arm-none-eabi/5.4.1/armv7-m\libgcc.a(_arm_unorddf2.o)
 .ARM.attributes
                0x000009fb       0x1d c:/program files (x86)/cypress/psoc creator/4.4/psoc creator/import/gnu/arm/5.4.1/bin/../lib/gcc/arm-none-eabi/5.4.1/armv7-m\libgcc.a(_arm_fixdfsi.o)
 .ARM.attributes
                0x00000a18       0x2d c:/program files (x86)/cypress/psoc creator/4.4/psoc creator/import/gnu/arm/5.4.1/bin/../lib/gcc/arm-none-eabi/5.4.1/armv7-m/crtend.o
 .ARM.attributes
                0x00000a45       0x1d c:/program files (x86)/cypress/psoc creator/4.4/psoc creator/import/gnu/arm/5.4.1/bin/../lib/gcc/arm-none-eabi/5.4.1/armv7-m/crtn.o

/DISCARD/
 *(.note.GNU-stack)
OUTPUT(C:\au\gsv\lab3\Scale.cydsn\CortexM3\ARM_GCC_541\Debug\Scale.elf elf32-littlearm)
