Archive member included to satisfy reference by file (symbol)

.\CortexM3\ARM_GCC_541\Debug\Scale.a(UART_1.o)
                              .\CortexM3\ARM_GCC_541\Debug\main.o (UART_1_Start)
.\CortexM3\ARM_GCC_541\Debug\Scale.a(isr_uart_rx.o)
                              .\CortexM3\ARM_GCC_541\Debug\main.o (isr_uart_rx_StartEx)
.\CortexM3\ARM_GCC_541\Debug\Scale.a(ADC_SAR_1.o)
                              .\CortexM3\ARM_GCC_541\Debug\main.o (ADC_SAR_1_Start)
.\CortexM3\ARM_GCC_541\Debug\Scale.a(ADC_SAR_1_INT.o)
                              .\CortexM3\ARM_GCC_541\Debug\Scale.a(ADC_SAR_1.o) (ADC_SAR_1_ISR)
.\CortexM3\ARM_GCC_541\Debug\Scale.a(UART_1_IntClock.o)
                              .\CortexM3\ARM_GCC_541\Debug\Scale.a(UART_1.o) (UART_1_IntClock_Start)
.\CortexM3\ARM_GCC_541\Debug\Scale.a(ADC_SAR_1_theACLK.o)
                              .\CortexM3\ARM_GCC_541\Debug\Scale.a(ADC_SAR_1.o) (ADC_SAR_1_theACLK_SetModeRegister)
.\CortexM3\ARM_GCC_541\Debug\Scale.a(CyLib.o)
                              .\CortexM3\ARM_GCC_541\Debug\Cm3Start.o (CyHalt)
.\CortexM3\ARM_GCC_541\Debug\Scale.a(cyPm.o)
                              .\CortexM3\ARM_GCC_541\Debug\Scale.a(CyLib.o) (CyPmReadStatus)
.\CortexM3\ARM_GCC_541\Debug\Scale.a(I2COLED.o)
                              .\CortexM3\ARM_GCC_541\Debug\main.o (I2COLED_Start)
.\CortexM3\ARM_GCC_541\Debug\Scale.a(I2COLED_INT.o)
                              .\CortexM3\ARM_GCC_541\Debug\Scale.a(I2COLED.o) (I2COLED_ISR)
.\CortexM3\ARM_GCC_541\Debug\Scale.a(I2COLED_PM.o)
                              .\CortexM3\ARM_GCC_541\Debug\Scale.a(I2COLED.o) (I2COLED_backup)
.\CortexM3\ARM_GCC_541\Debug\Scale.a(I2COLED_MASTER.o)
                              .\CortexM3\ARM_GCC_541\Debug\Scale.a(I2COLED.o) (I2COLED_mstrStatus)
.\CortexM3\ARM_GCC_541\Debug\Scale.a(isr_pin_1.o)
                              .\CortexM3\ARM_GCC_541\Debug\main.o (isr_pin_1_StartEx)
.\CortexM3\ARM_GCC_541\Debug\Scale.a(CyBootAsmGnu.o)
                              .\CortexM3\ARM_GCC_541\Debug\cyfitter_cfg.o (CyDelayCycles)
.\CortexM3\ARM_GCC_541\Debug\Scale.a(CyFlash.o)
                              .\CortexM3\ARM_GCC_541\Debug\Scale.a(cyPm.o) (CyFlash_SetWaitCycles)
.\CortexM3\ARM_GCC_541\Debug\Scale.a(CySpc.o)
                              .\CortexM3\ARM_GCC_541\Debug\Scale.a(CyFlash.o) (CySpcStart)
c:/program files (x86)/cypress/psoc creator/4.4/psoc creator/import/gnu/arm/5.4.1/bin/../lib/gcc/arm-none-eabi/5.4.1/armv7-m\libgcc.a(_arm_addsubdf3.o)
                              .\CortexM3\ARM_GCC_541\Debug\main.o (__aeabi_f2d)
c:/program files (x86)/cypress/psoc creator/4.4/psoc creator/import/gnu/arm/5.4.1/bin/../lib/gcc/arm-none-eabi/5.4.1/armv7-m\libgcc.a(_arm_muldivdf3.o)
                              .\CortexM3\ARM_GCC_541\Debug\main.o (__aeabi_ddiv)
c:/program files (x86)/cypress/psoc creator/4.4/psoc creator/import/gnu/arm/5.4.1/bin/../lib/gcc/arm-none-eabi/5.4.1/armv7-m\libgcc.a(_arm_truncdfsf2.o)
                              .\CortexM3\ARM_GCC_541\Debug\main.o (__aeabi_d2f)
c:/program files (x86)/cypress/psoc creator/4.4/psoc creator/import/gnu/arm/5.4.1/bin/../lib/gcc/arm-none-eabi/5.4.1/armv7-m\libgcc.a(_arm_addsubsf3.o)
                              .\CortexM3\ARM_GCC_541\Debug\main.o (__aeabi_fsub)
c:/program files (x86)/cypress/psoc creator/4.4/psoc creator/import/gnu/arm/5.4.1/bin/../lib/gcc/arm-none-eabi/5.4.1/armv7-m\libgcc.a(_arm_muldivsf3.o)
                              .\CortexM3\ARM_GCC_541\Debug\Scale.a(ADC_SAR_1.o) (__aeabi_fmul)
c:/program files (x86)/cypress/psoc creator/4.4/psoc creator/import/gnu/arm/5.4.1/bin/../lib/gcc/arm-none-eabi/5.4.1/armv7-m\libgcc.a(_aeabi_ldivmod.o)
                              .\CortexM3\ARM_GCC_541\Debug\Scale.a(ADC_SAR_1.o) (__aeabi_ldivmod)
c:/program files (x86)/cypress/psoc creator/4.4/psoc creator/import/gnu/arm/5.4.1/bin/../lib/gcc/arm-none-eabi/5.4.1/armv7-m\libgcc.a(_udivmoddi4.o)
                              c:/program files (x86)/cypress/psoc creator/4.4/psoc creator/import/gnu/arm/5.4.1/bin/../lib/gcc/arm-none-eabi/5.4.1/armv7-m\libgcc.a(_aeabi_ldivmod.o) (__udivmoddi4)
c:/program files (x86)/cypress/psoc creator/4.4/psoc creator/import/gnu/arm/5.4.1/bin/../lib/gcc/arm-none-eabi/5.4.1/armv7-m\libgcc.a(_dvmd_tls.o)
                              c:/program files (x86)/cypress/psoc creator/4.4/psoc creator/import/gnu/arm/5.4.1/bin/../lib/gcc/arm-none-eabi/5.4.1/armv7-m\libgcc.a(_aeabi_ldivmod.o) (__aeabi_ldiv0)
c:/program files (x86)/cypress/psoc creator/4.4/psoc creator/import/gnu/arm/5.4.1/bin/../lib/gcc/arm-none-eabi/5.4.1/../../../../arm-none-eabi/lib/armv7-m\libg_nano.a(lib_a-errno.o)
                              .\CortexM3\ARM_GCC_541\Debug\Cm3Start.o (__errno)
c:/program files (x86)/cypress/psoc creator/4.4/psoc creator/import/gnu/arm/5.4.1/bin/../lib/gcc/arm-none-eabi/5.4.1/../../../../arm-none-eabi/lib/armv7-m\libg_nano.a(lib_a-exit.o)
[...]
Memory Configuration

Name             Origin             Length             Attributes
rom              0x00000000         0x00040000         xr
ram              0x1fff8000         0x00010000         xrw
*default*        0x00000000         0xffffffff

Linker script and memory map

LOAD c:/program files (x86)/cypress/psoc creator/4.4/psoc creator/import/gnu/arm/5.4.1/bin/../lib/gcc/arm-none-eabi/5.4.1/armv7-m/crti.o
LOAD c:/program files (x86)/cypress/psoc creator/4.4/psoc creator/import/gnu/arm/5.4.1/bin/../lib/gcc/arm-none-eabi/5.4.1/armv7-m/crtbegin.o
LOAD c:/program files (x86)/cypress/psoc creator/4.4/psoc creator/import/gnu/arm/5.4.1/bin/../lib/gcc/arm-none-eabi/5.4.1/../../../../arm-none-eabi/lib/armv7-m/crt0.o
START GROUP
LOAD .\CortexM3\ARM_GCC_541\Debug\main.o
LOAD .\CortexM3\ARM_GCC_541\Debug\ssd1306.o
LOAD .\CortexM3\ARM_GCC_541\Debug\cyfitter_cfg.o
LOAD .\CortexM3\ARM_GCC_541\Debug\cymetadata.o
LOAD .\CortexM3\ARM_GCC_541\Debug\Cm3Start.o
LOAD .\CortexM3\ARM_GCC_541\Debug\Scale.a
LOAD C:\Program Files (x86)\Cypress\PSoC Creator\4.4\PSoC Creator\psoc\content\cycomponentlibrary\CyComponentLibrary.cylib\CortexM3\ARM_GCC_541\Debug\CyComponentLibrary.a
END GROUP
START GROUP
LOAD c:/program files (x86)/cypress/psoc creator/4.4/psoc creator/import/gnu/arm/5.4.1/bin/../lib/gcc/arm-none-eabi/5.4.1/armv7-m\libgcc.a
LOAD c:/program files (x86)/cypress/psoc creator/4.4/psoc creator/import/gnu/arm/5.4.1/bin/../lib/gcc/arm-none-eabi/5.4.1/../../../../arm-none-eabi/lib/armv7-m\libg_nano.a
LOAD c:/program files (x86)/cypress/psoc creator/4.4/psoc creator/import/gnu/arm/5.4.1/bin/../lib/gcc/arm-none-eabi/5.4.1/../../../../arm-none-eabi/lib/armv7-m\libc_nano.a
END GROUP
START GROUP
LOAD c:/program files (x86)/cypress/psoc creator/4.4/psoc creator/import/gnu/arm/5.4.1/bin/../lib/gcc/arm-none-eabi/5.4.1/armv7-m\libgcc.a
LOAD c:/program files (x86)/cypress/psoc creator/4.4/psoc creator/import/gnu/arm/5.4.1/bin/../lib/gcc/arm-none-eabi/5.4.1/../../../../arm-none-eabi/lib/armv7-m\libc_nano.a
END GROUP
LOAD c:/program files (x86)/cypress/psoc creator/4.4/psoc creator/import/gnu/arm/5.4.1/bin/../lib/gcc/arm-none-eabi/5.4.1/armv7-m/crtend.o
LOAD c:/program files (x86)/cypress/psoc creator/4.4/psoc creator/import/gnu/arm/5.4.1/bin/../lib/gcc/arm-none-eabi/5.4.1/armv7-m/crtn.o
START GROUP
LOAD c:/program files (x86)/cypress/psoc creator/4.4/psoc creator/import/gnu/arm/5.4.1/bin/../lib/gcc/arm-none-eabi/5.4.1/armv7-m\libgcc.a
LOAD c:/program files (x86)/cypress/psoc creator/4.4/psoc creator/import/gnu/arm/5.4.1/bin/../lib/gcc/arm-none-eabi/5.4.1/../../../../arm-none-eabi/lib/armv7-m\libc.a
LOAD c:/program files (x86)/cypress/psoc creator/4.4/psoc creator/import/gnu/arm/5.4.1/bin/../lib/gcc/arm-none-eabi/5.4.1/../../../../arm-none-eabi/lib/armv7-m\libnosys.a
END GROUP
                0x00000000                CY_APPL_ORIGIN = 0x0
                0x00000100                CY_FLASH_ROW_SIZE = 0x100
                0x00000020                CY_ECC_ROW_SIZE = 0x20
                0x00000000                CY_EE_IN_BTLDR = 0x0
                0x00000000                CY_APPL_LOADABLE = 0x0
                0x00000800                CY_EE_SIZE = 0x800
                0x00000001                CY_APPL_NUM = 0x1
                0x00000001                CY_APPL_MAX = 0x1
                0x00000040                CY_METADATA_SIZE = 0x40
                0x00000000                CY_APPL_LOADABLE = 0x0
                0x00000000                CY_CHECKSUM_EXCLUDE_SIZE = ALIGN (0x0, CY_FLASH_ROW_SIZE)
                [!provide]                PROVIDE (__cy_heap_start, _end)
                0x00000001                PROVIDE (__cy_region_num, ((__cy_regions_end - __cy_regions) / 0x10))
                0x20008000                PROVIDE (__cy_stack, (ORIGIN (ram) + LENGTH (ram)))
                [!provide]                PROVIDE (__cy_heap_end, (__cy_stack - 0x800))

.cybootloader   0x00000000        0x0
 *(.cybootloader)
                0x00000000                appl1_start = CY_APPL_ORIGIN?CY_APPL_ORIGIN:ALIGN (CY_FLASH_ROW_SIZE)
                0x0001ff00                appl2_start = (appl1_start + ALIGN ((((LENGTH (rom) - appl1_start) - (0x2 * CY_FLASH_ROW_SIZE)) / 0x2), CY_FLASH_ROW_SIZE))
                0x00000000                appl_start = (CY_APPL_NUM == 0x1)?appl1_start:appl2_start
                0x00000000                ecc_offset = ((appl_start / CY_FLASH_ROW_SIZE) * CY_ECC_ROW_SIZE)
                0x00000000                ee_offset = (CY_APPL_LOADABLE && ! (CY_EE_IN_BTLDR))?((CY_EE_SIZE / CY_APPL_MAX) * (CY_APPL_NUM - 0x1)):0x0
                0x00000800                ee_size = (CY_APPL_LOADABLE && ! (CY_EE_IN_BTLDR))?(CY_EE_SIZE / CY_APPL_MAX):CY_EE_SIZE
                [!provide]                PROVIDE (CY_ECC_OFFSET, ecc_offset)

.text           0x00000000     0x454c
 CREATE_OBJECT_SYMBOLS
                0x00000000                PROVIDE (__cy_interrupt_vector, RomVectors)
 *(.romvectors)
 .romvectors    0x00000000       0x10 .\CortexM3\ARM_GCC_541\Debug\Cm3Start.o
                0x00000000                RomVectors
                0x00000001                ASSERT ((. != __cy_interrupt_vector), No interrupt vector)
                0x00000001                ASSERT (CY_APPL_ORIGIN?(SIZEOF (.cybootloader) <= CY_APPL_ORIGIN):0x1, Wrong image location)
                0x00000010                PROVIDE (__cy_reset, Reset)
 *(.text.Reset)
 .text.Reset    0x00000010       0x18 .\CortexM3\ARM_GCC_541\Debug\Cm3Start.o
                0x00000010                Reset
                0x00000001                ASSERT ((. != __cy_reset), No reset code)
 *(.dma_init)
                0x00000001                ASSERT ((((appl_start + .) <= 0x10000) || 0x1), DMA Init must be within the first 64k of flash)
 *(.text .text.* .gnu.linkonce.t.*)
 .text          0x00000028       0x5c c:/program files (x86)/cypress/psoc creator/4.4/psoc creator/import/gnu/arm/5.4.1/bin/../lib/gcc/arm-none-eabi/5.4.1/armv7-m/crtbegin.o
 .text.ISR_pin_1_handler
                0x00000084        0xc .\CortexM3\ARM_GCC_541\Debug\main.o
                0x00000084                ISR_pin_1_handler
 .text.ISR_UART_rx_handler
                0x00000090       0x1c .\CortexM3\ARM_GCC_541\Debug\main.o
                0x00000090                ISR_UART_rx_handler
 .text.initWeight
                0x000000ac       0x18 .\CortexM3\ARM_GCC_541\Debug\main.o
                0x000000ac                initWeight
 *fill*         0x000000c4        0x4 
 .text.convertV2G
                0x000000c8       0x74 .\CortexM3\ARM_GCC_541\Debug\main.o
                0x000000c8                convertV2G
 .text.initPrint
                0x0000013c       0x20 .\CortexM3\ARM_GCC_541\Debug\main.o
                0x0000013c                initPrint
 .text.printTerminal
                0x0000015c       0x3c .\CortexM3\ARM_GCC_541\Debug\main.o
                0x0000015c                printTerminal
 .text.printOLED
                0x00000198       0x74 .\CortexM3\ARM_GCC_541\Debug\main.o
                0x00000198                printOLED
 .text.main     0x0000020c       0x24 .\CortexM3\ARM_GCC_541\Debug\main.o
                0x0000020c                main
 .text.display_setPixel
                0x00000230       0x88 .\CortexM3\ARM_GCC_541\Debug\ssd1306.o
 .text.display_line
                0x000002b8      0x134 .\CortexM3\ARM_GCC_541\Debug\ssd1306.o
 .text.gfx_rotation_adjust
                0x000003ec       0x68 .\CortexM3\ARM_GCC_541\Debug\ssd1306.o
 .text.gfx_hvLine
                0x00000454      0x114 .\CortexM3\ARM_GCC_541\Debug\ssd1306.o
 .text.display_write_buf
                0x00000568       0x30 .\CortexM3\ARM_GCC_541\Debug\ssd1306.o
 .text.display_clear
                0x00000598       0x1c .\CortexM3\ARM_GCC_541\Debug\ssd1306.o
                0x00000598                display_clear
 .text.display_update
                0x000005b4       0x38 .\CortexM3\ARM_GCC_541\Debug\ssd1306.o
                0x000005b4                display_update
 .text.gfx_init
                0x000005ec       0x40 .\CortexM3\ARM_GCC_541\Debug\ssd1306.o
                0x000005ec                gfx_init
 .text.display_init
                0x0000062c       0x40 .\CortexM3\ARM_GCC_541\Debug\ssd1306.o
                0x0000062c                display_init
 .text.gfx_setCursor
                0x0000066c        0xc .\CortexM3\ARM_GCC_541\Debug\ssd1306.o
                0x0000066c                gfx_setCursor
 .text.gfx_setTextSize
                0x00000678       0x10 .\CortexM3\ARM_GCC_541\Debug\ssd1306.o
                0x00000678                gfx_setTextSize
 .text.gfx_setTextColor
                0x00000688        0xc .\CortexM3\ARM_GCC_541\Debug\ssd1306.o
                0x00000688                gfx_setTextColor
 .text.gfx_drawPixel
                0x00000694       0x4c .\CortexM3\ARM_GCC_541\Debug\ssd1306.o
                0x00000694                gfx_drawPixel
 .text.gfx_drawLine
                0x000006e0       0xd8 .\CortexM3\ARM_GCC_541\Debug\ssd1306.o
                0x000006e0                gfx_drawLine
 .text.gfx_fillRect
                0x000007b8       0x68 .\CortexM3\ARM_GCC_541\Debug\ssd1306.o
                0x000007b8                gfx_fillRect
 .text.gfx_drawChar
                0x00000820       0xf0 .\CortexM3\ARM_GCC_541\Debug\ssd1306.o
                0x00000820                gfx_drawChar
 .text.gfx_write
                0x00000910       0x78 .\CortexM3\ARM_GCC_541\Debug\ssd1306.o
                0x00000910                gfx_write
 .text.gfx_print
                0x00000988       0x1c .\CortexM3\ARM_GCC_541\Debug\ssd1306.o
                0x00000988                gfx_print
 .text.CyClockStartupError
                0x000009a4        0x4 .\CortexM3\ARM_GCC_541\Debug\cyfitter_cfg.o
 .text.cfg_write_bytes32
                0x000009a8       0x34 .\CortexM3\ARM_GCC_541\Debug\cyfitter_cfg.o
 .text.AnalogSetDefault
                0x000009dc       0x48 .\CortexM3\ARM_GCC_541\Debug\cyfitter_cfg.o
 .text.CYMEMZERO
                0x00000a24        0xc .\CortexM3\ARM_GCC_541\Debug\cyfitter_cfg.o
 .text.ClockSetup
                0x00000a30       0xc8 .\CortexM3\ARM_GCC_541\Debug\cyfitter_cfg.o
 .text.CYCONFIGCPY
                0x00000af8        0x8 .\CortexM3\ARM_GCC_541\Debug\cyfitter_cfg.o
 .text.cyfitter_cfg
                0x00000b00      0x120 .\CortexM3\ARM_GCC_541\Debug\cyfitter_cfg.o
                0x00000b00                cyfitter_cfg
 .text.IntDefaultHandler
                0x00000c20       0x10 .\CortexM3\ARM_GCC_541\Debug\Cm3Start.o
                0x00000c20                IntDefaultHandler
 .text._sbrk    0x00000c30       0x30 .\CortexM3\ARM_GCC_541\Debug\Cm3Start.o
                0x00000c30                _sbrk
 .text.Start_c  0x00000c60       0x4c .\CortexM3\ARM_GCC_541\Debug\Cm3Start.o
                0x00000c60                Start_c
 .text.initialize_psoc
                0x00000cac       0x68 .\CortexM3\ARM_GCC_541\Debug\Cm3Start.o
                0x00000cac                initialize_psoc
 .text.UART_1_Init
                0x00000d14       0x28 .\CortexM3\ARM_GCC_541\Debug\Scale.a(UART_1.o)
                0x00000d14                UART_1_Init
 .text.UART_1_Enable
                0x00000d3c       0x38 .\CortexM3\ARM_GCC_541\Debug\Scale.a(UART_1.o)
                0x00000d3c                UART_1_Enable
 .text.UART_1_Start
                0x00000d74       0x1c .\CortexM3\ARM_GCC_541\Debug\Scale.a(UART_1.o)
                0x00000d74                UART_1_Start
 .text.UART_1_ReadRxData
                0x00000d90        0xc .\CortexM3\ARM_GCC_541\Debug\Scale.a(UART_1.o)
                0x00000d90                UART_1_ReadRxData
 .text.UART_1_GetRxBufferSize
                0x00000d9c       0x18 .\CortexM3\ARM_GCC_541\Debug\Scale.a(UART_1.o)
                0x00000d9c                UART_1_GetRxBufferSize
 .text.UART_1_WriteTxData
                0x00000db4       0x14 .\CortexM3\ARM_GCC_541\Debug\Scale.a(UART_1.o)
                0x00000db4                UART_1_WriteTxData
 .text.UART_1_PutChar
                0x00000dc8       0x18 .\CortexM3\ARM_GCC_541\Debug\Scale.a(UART_1.o)
                0x00000dc8                UART_1_PutChar
 .text.UART_1_PutString
                0x00000de0       0x24 .\CortexM3\ARM_GCC_541\Debug\Scale.a(UART_1.o)
                0x00000de0                UART_1_PutString
 .text.isr_uart_rx_SetVector
                0x00000e04        0xc .\CortexM3\ARM_GCC_541\Debug\Scale.a(isr_uart_rx.o)
                0x00000e04                isr_uart_rx_SetVector
 .text.isr_uart_rx_SetPriority
                0x00000e10       0x10 .\CortexM3\ARM_GCC_541\Debug\Scale.a(isr_uart_rx.o)
                0x00000e10                isr_uart_rx_SetPriority
 .text.isr_uart_rx_Enable
                0x00000e20        0xc .\CortexM3\ARM_GCC_541\Debug\Scale.a(isr_uart_rx.o)
                0x00000e20                isr_uart_rx_Enable
 .text.isr_uart_rx_Disable
                0x00000e2c        0xc .\CortexM3\ARM_GCC_541\Debug\Scale.a(isr_uart_rx.o)
                0x00000e2c                isr_uart_rx_Disable
 .text.isr_uart_rx_StartEx
                0x00000e38       0x1c .\CortexM3\ARM_GCC_541\Debug\Scale.a(isr_uart_rx.o)
                0x00000e38                isr_uart_rx_StartEx
 .text.ADC_SAR_1_CalcGain
                0x00000e54       0x64 .\CortexM3\ARM_GCC_541\Debug\Scale.a(ADC_SAR_1.o)
 .text.ADC_SAR_1_Enable
                0x00000eb8       0x98 .\CortexM3\ARM_GCC_541\Debug\Scale.a(ADC_SAR_1.o)
                0x00000eb8                ADC_SAR_1_Enable
 .text.ADC_SAR_1_SetResolution
                0x00000f50       0x38 .\CortexM3\ARM_GCC_541\Debug\Scale.a(ADC_SAR_1.o)
                0x00000f50                ADC_SAR_1_SetResolution
 .text.ADC_SAR_1_Init
                0x00000f88       0x3c .\CortexM3\ARM_GCC_541\Debug\Scale.a(ADC_SAR_1.o)
                0x00000f88                ADC_SAR_1_Init
 .text.ADC_SAR_1_Start
                0x00000fc4       0x1c .\CortexM3\ARM_GCC_541\Debug\Scale.a(ADC_SAR_1.o)
                0x00000fc4                ADC_SAR_1_Start
 .text.ADC_SAR_1_StartConvert
                0x00000fe0       0x10 .\CortexM3\ARM_GCC_541\Debug\Scale.a(ADC_SAR_1.o)
                0x00000fe0                ADC_SAR_1_StartConvert
 .text.ADC_SAR_1_IsEndConversion
                0x00000ff0       0x24 .\CortexM3\ARM_GCC_541\Debug\Scale.a(ADC_SAR_1.o)
                0x00000ff0                ADC_SAR_1_IsEndConversion
 .text.ADC_SAR_1_GetResult16
                0x00001014       0x18 .\CortexM3\ARM_GCC_541\Debug\Scale.a(ADC_SAR_1.o)
                0x00001014                ADC_SAR_1_GetResult16
 .text.ADC_SAR_1_ISR
                0x0000102c        0x4 .\CortexM3\ARM_GCC_541\Debug\Scale.a(ADC_SAR_1_INT.o)
                0x0000102c                ADC_SAR_1_ISR
 .text.UART_1_IntClock_Start
                0x00001030       0x1c .\CortexM3\ARM_GCC_541\Debug\Scale.a(UART_1_IntClock.o)
                0x00001030                UART_1_IntClock_Start
 .text.ADC_SAR_1_theACLK_SetModeRegister
                0x0000104c       0x14 .\CortexM3\ARM_GCC_541\Debug\Scale.a(ADC_SAR_1_theACLK.o)
                0x0000104c                ADC_SAR_1_theACLK_SetModeRegister
 .text.CyHalt   0x00001060        0x4 .\CortexM3\ARM_GCC_541\Debug\Scale.a(CyLib.o)
                0x00001060                CyHalt
 .text.CyDelay  0x00001064       0x2c .\CortexM3\ARM_GCC_541\Debug\Scale.a(CyLib.o)
                0x00001064                CyDelay
 .text.CyDelayUs
                0x00001090       0x14 .\CortexM3\ARM_GCC_541\Debug\Scale.a(CyLib.o)
                0x00001090                CyDelayUs
 .text.CyIntSetVector
                0x000010a4       0x28 .\CortexM3\ARM_GCC_541\Debug\Scale.a(CyLib.o)
                0x000010a4                CyIntSetVector
 .text.CyIntSetPriority
                0x000010cc       0x30 .\CortexM3\ARM_GCC_541\Debug\Scale.a(CyLib.o)
                0x000010cc                CyIntSetPriority
 .text.I2COLED_Init
                0x000010fc       0x6c .\CortexM3\ARM_GCC_541\Debug\Scale.a(I2COLED.o)
                0x000010fc                I2COLED_Init
 .text.I2COLED_Enable
                0x00001168       0x24 .\CortexM3\ARM_GCC_541\Debug\Scale.a(I2COLED.o)
                0x00001168                I2COLED_Enable
 .text.I2COLED_Start
                0x0000118c       0x28 .\CortexM3\ARM_GCC_541\Debug\Scale.a(I2COLED.o)
                0x0000118c                I2COLED_Start
 .text.I2COLED_ISR
                0x000011b4      0x2d0 .\CortexM3\ARM_GCC_541\Debug\Scale.a(I2COLED_INT.o)
                0x000011b4                I2COLED_ISR
 .text.I2COLED_MasterSendStart
                0x00001484       0x80 .\CortexM3\ARM_GCC_541\Debug\Scale.a(I2COLED_MASTER.o)
                0x00001484                I2COLED_MasterSendStart
 .text.I2COLED_MasterSendStop
                0x00001504       0x38 .\CortexM3\ARM_GCC_541\Debug\Scale.a(I2COLED_MASTER.o)
                0x00001504                I2COLED_MasterSendStop
 .text.I2COLED_MasterWriteByte
                0x0000153c       0x58 .\CortexM3\ARM_GCC_541\Debug\Scale.a(I2COLED_MASTER.o)
                0x0000153c                I2COLED_MasterWriteByte
 .text.isr_pin_1_SetVector
                0x00001594        0xc .\CortexM3\ARM_GCC_541\Debug\Scale.a(isr_pin_1.o)
                0x00001594                isr_pin_1_SetVector
 .text.isr_pin_1_SetPriority
                0x000015a0       0x10 .\CortexM3\ARM_GCC_541\Debug\Scale.a(isr_pin_1.o)
                0x000015a0                isr_pin_1_SetPriority
 .text.isr_pin_1_Enable
                0x000015b0        0xc .\CortexM3\ARM_GCC_541\Debug\Scale.a(isr_pin_1.o)
                0x000015b0                isr_pin_1_Enable
 .text.isr_pin_1_Disable
                0x000015bc        0xc .\CortexM3\ARM_GCC_541\Debug\Scale.a(isr_pin_1.o)
                0x000015bc                isr_pin_1_Disable
 .text.isr_pin_1_StartEx
                0x000015c8       0x1c .\CortexM3\ARM_GCC_541\Debug\Scale.a(isr_pin_1.o)
                0x000015c8                isr_pin_1_StartEx
 *fill*         0x000015e4        0x4 
 .text          0x000015e8       0x20 .\CortexM3\ARM_GCC_541\Debug\Scale.a(CyBootAsmGnu.o)
                0x000015e8                CyDelayCycles
                0x000015f8                CyEnterCriticalSection
                0x00001600                CyExitCriticalSection
 .text          0x00001608      0x370 c:/program files (x86)/cypress/psoc creator/4.4/psoc creator/import/gnu/arm/5.4.1/bin/../lib/gcc/arm-none-eabi/5.4.1/armv7-m\libgcc.a(_arm_addsubdf3.o)
                0x00001608                __aeabi_drsub
                0x00001610                __aeabi_dsub
                0x00001610                __subdf3
                0x00001614                __aeabi_dadd
                0x00001614                __adddf3
                0x0000188c                __floatunsidf
                0x0000188c                __aeabi_ui2d
                0x000018ac                __floatsidf
                0x000018ac                __aeabi_i2d
                0x000018d0                __aeabi_f2d
                0x000018d0                __extendsfdf2
                0x0000190c                __floatundidf
                0x0000190c                __aeabi_ul2d
                0x0000191c                __floatdidf
                0x0000191c                __aeabi_l2d
 .text          0x00001978      0x424 c:/program files (x86)/cypress/psoc creator/4.4/psoc creator/import/gnu/arm/5.4.1/bin/../lib/gcc/arm-none-eabi/5.4.1/armv7-m\libgcc.a(_arm_muldivdf3.o)
                0x00001978                __aeabi_dmul
                0x00001978                __muldf3
                0x00001bcc                __divdf3
                0x00001bcc                __aeabi_ddiv
 .text          0x00001d9c       0xa0 c:/program files (x86)/cypress/psoc creator/4.4/psoc creator/import/gnu/arm/5.4.1/bin/../lib/gcc/arm-none-eabi/5.4.1/armv7-m\libgcc.a(_arm_truncdfsf2.o)
                0x00001d9c                __truncdfsf2
                0x00001d9c                __aeabi_d2f
 .text          0x00001e3c      0x21c c:/program files (x86)/cypress/psoc creator/4.4/psoc creator/import/gnu/arm/5.4.1/bin/../lib/gcc/arm-none-eabi/5.4.1/armv7-m\libgcc.a(_arm_addsubsf3.o)
                0x00001e3c                __aeabi_frsub
                0x00001e44                __subsf3
                0x00001e44                __aeabi_fsub
                0x00001e48                __aeabi_fadd
                0x00001e48                __addsf3
                0x00001fa8                __aeabi_ui2f
                0x00001fa8                __floatunsisf
                0x00001fb0                __aeabi_i2f
                0x00001fb0                __floatsisf
                0x00001fcc                __aeabi_ul2f
                0x00001fcc                __floatundisf
                0x00001fdc                __aeabi_l2f
                0x00001fdc                __floatdisf
 .text          0x00002058      0x2a0 c:/program files (x86)/cypress/psoc creator/4.4/psoc creator/import/gnu/arm/5.4.1/bin/../lib/gcc/arm-none-eabi/5.4.1/armv7-m\libgcc.a(_arm_muldivsf3.o)
                0x00002058                __mulsf3
                0x00002058                __aeabi_fmul
                0x000021c0                __aeabi_fdiv
                0x000021c0                __divsf3
 .text.__errno  0x000022f8        0xc c:/program files (x86)/cypress/psoc creator/4.4/psoc creator/import/gnu/arm/5.4.1/bin/../lib/gcc/arm-none-eabi/5.4.1/../../../../arm-none-eabi/lib/armv7-m\libg_nano.a(lib_a-errno.o)
                0x000022f8                __errno
 .text.__libc_init_array
                0x00002304       0x4c c:/program files (x86)/cypress/psoc creator/4.4/psoc creator/import/gnu/arm/5.4.1/bin/../lib/gcc/arm-none-eabi/5.4.1/../../../../arm-none-eabi/lib/armv7-m\libg_nano.a(lib_a-init.o)
                0x00002304                __libc_init_array
 .text.memcpy   0x00002350       0x16 c:/program files (x86)/cypress/psoc creator/4.4/psoc creator/import/gnu/arm/5.4.1/bin/../lib/gcc/arm-none-eabi/5.4.1/../../../../arm-none-eabi/lib/armv7-m\libg_nano.a(lib_a-memcpy-stub.o)
                0x00002350                memcpy
 .text.memset   0x00002366       0x10 c:/program files (x86)/cypress/psoc creator/4.4/psoc creator/import/gnu/arm/5.4.1/bin/../lib/gcc/arm-none-eabi/5.4.1/../../../../arm-none-eabi/lib/armv7-m\libg_nano.a(lib_a-memset.o)
                0x00002366                memset
 .text.__cvt    0x00002376       0xc0 c:/program files (x86)/cypress/psoc creator/4.4/psoc creator/import/gnu/arm/5.4.1/bin/../lib/gcc/arm-none-eabi/5.4.1/../../../../arm-none-eabi/lib/armv7-m\libg_nano.a(lib_a-nano-vfprintf_float.o)
                0x00002376                __cvt
 .text.__exponent
                0x00002436       0x62 c:/program files (x86)/cypress/psoc creator/4.4/psoc creator/import/gnu/arm/5.4.1/bin/../lib/gcc/arm-none-eabi/5.4.1/../../../../arm-none-eabi/lib/armv7-m\libg_nano.a(lib_a-nano-vfprintf_float.o)
                0x00002436                __exponent
 .text._printf_float
                0x00002498      0x488 c:/program files (x86)/cypress/psoc creator/4.4/psoc creator/import/gnu/arm/5.4.1/bin/../lib/gcc/arm-none-eabi/5.4.1/../../../../arm-none-eabi/lib/armv7-m\libg_nano.a(lib_a-nano-vfprintf_float.o)
                0x00002498                _printf_float
 .text._printf_common
                0x00002920       0xec c:/program files (x86)/cypress/psoc creator/4.4/psoc creator/import/gnu/arm/5.4.1/bin/../lib/gcc/arm-none-eabi/5.4.1/../../../../arm-none-eabi/lib/armv7-m\libg_nano.a(lib_a-nano-vfprintf_i.o)
                0x00002920                _printf_common
 .text._printf_i
                0x00002a0c      0x24c c:/program files (x86)/cypress/psoc creator/4.4/psoc creator/import/gnu/arm/5.4.1/bin/../lib/gcc/arm-none-eabi/5.4.1/../../../../arm-none-eabi/lib/armv7-m\libg_nano.a(lib_a-nano-vfprintf_i.o)
                0x00002a0c                _printf_i
 .text.snprintf
                0x00002c58       0x64 c:/program files (x86)/cypress/psoc creator/4.4/psoc creator/import/gnu/arm/5.4.1/bin/../lib/gcc/arm-none-eabi/5.4.1/../../../../arm-none-eabi/lib/armv7-m\libg_nano.a(lib_a-snprintf.o)
                0x00002c58                sniprintf
                0x00002c58                snprintf
 .text          0x00002cbc       0x10 c:/program files (x86)/cypress/psoc creator/4.4/psoc creator/import/gnu/arm/5.4.1/bin/../lib/gcc/arm-none-eabi/5.4.1/../../../../arm-none-eabi/lib/armv7-m\libg_nano.a(lib_a-strlen.o)
                0x00002cbc                strlen
 .text.quorem   0x00002ccc      0x116 c:/program files (x86)/cypress/psoc creator/4.4/psoc creator/import/gnu/arm/5.4.1/bin/../lib/gcc/arm-none-eabi/5.4.1/../../../../arm-none-eabi/lib/armv7-m\libg_nano.a(lib_a-dtoa.o)
 *fill*         0x00002de2        0x6 
 .text._dtoa_r  0x00002de8      0xb30 c:/program files (x86)/cypress/psoc creator/4.4/psoc creator/import/gnu/arm/5.4.1/bin/../lib/gcc/arm-none-eabi/5.4.1/../../../../arm-none-eabi/lib/armv7-m\libg_nano.a(lib_a-dtoa.o)
                0x00002de8                _dtoa_r
 .text._localeconv_r
                0x00003918        0x8 c:/program files (x86)/cypress/psoc creator/4.4/psoc creator/import/gnu/arm/5.4.1/bin/../lib/gcc/arm-none-eabi/5.4.1/../../../../arm-none-eabi/lib/armv7-m\libg_nano.a(lib_a-locale.o)
                0x00003918                _localeconv_r
 .text.malloc   0x00003920       0x10 c:/program files (x86)/cypress/psoc creator/4.4/psoc creator/import/gnu/arm/5.4.1/bin/../lib/gcc/arm-none-eabi/5.4.1/../../../../arm-none-eabi/lib/armv7-m\libg_nano.a(lib_a-malloc.o)
                0x00003920                malloc
 .text.memchr   0x00003930       0x1c c:/program files (x86)/cypress/psoc creator/4.4/psoc creator/import/gnu/arm/5.4.1/bin/../lib/gcc/arm-none-eabi/5.4.1/../../../../arm-none-eabi/lib/armv7-m\libg_nano.a(lib_a-memchr-stub.o)
                0x00003930                memchr
 .text._Balloc  0x0000394c       0x6a c:/program files (x86)/cypress/psoc creator/4.4/psoc creator/import/gnu/arm/5.4.1/bin/../lib/gcc/arm-none-eabi/5.4.1/../../../../arm-none-eabi/lib/armv7-m\libg_nano.a(lib_a-mprec.o)
                0x0000394c                _Balloc
 .text._Bfree   0x000039b6       0x2e c:/program files (x86)/cypress/psoc creator/4.4/psoc creator/import/gnu/arm/5.4.1/bin/../lib/gcc/arm-none-eabi/5.4.1/../../../../arm-none-eabi/lib/armv7-m\libg_nano.a(lib_a-mprec.o)
                0x000039b6                _Bfree
 .text.__multadd
                0x000039e4       0x76 c:/program files (x86)/cypress/psoc creator/4.4/psoc creator/import/gnu/arm/5.4.1/bin/../lib/gcc/arm-none-eabi/5.4.1/../../../../arm-none-eabi/lib/armv7-m\libg_nano.a(lib_a-mprec.o)
                0x000039e4                __multadd
 .text.__hi0bits
                0x00003a5a       0x40 c:/program files (x86)/cypress/psoc creator/4.4/psoc creator/import/gnu/arm/5.4.1/bin/../lib/gcc/arm-none-eabi/5.4.1/../../../../arm-none-eabi/lib/armv7-m\libg_nano.a(lib_a-mprec.o)
                0x00003a5a                __hi0bits
 .text.__lo0bits
                0x00003a9a       0x5a c:/program files (x86)/cypress/psoc creator/4.4/psoc creator/import/gnu/arm/5.4.1/bin/../lib/gcc/arm-none-eabi/5.4.1/../../../../arm-none-eabi/lib/armv7-m\libg_nano.a(lib_a-mprec.o)
                0x00003a9a                __lo0bits
 .text.__i2b    0x00003af4       0x12 c:/program files (x86)/cypress/psoc creator/4.4/psoc creator/import/gnu/arm/5.4.1/bin/../lib/gcc/arm-none-eabi/5.4.1/../../../../arm-none-eabi/lib/armv7-m\libg_nano.a(lib_a-mprec.o)
                0x00003af4                __i2b
 .text.__multiply
                0x00003b06      0x120 c:/program files (x86)/cypress/psoc creator/4.4/psoc creator/import/gnu/arm/5.4.1/bin/../lib/gcc/arm-none-eabi/5.4.1/../../../../arm-none-eabi/lib/armv7-m\libg_nano.a(lib_a-mprec.o)
                0x00003b06                __multiply
 *fill*         0x00003c26        0x2 
 .text.__pow5mult
                0x00003c28       0x9c c:/program files (x86)/cypress/psoc creator/4.4/psoc creator/import/gnu/arm/5.4.1/bin/../lib/gcc/arm-none-eabi/5.4.1/../../../../arm-none-eabi/lib/armv7-m\libg_nano.a(lib_a-mprec.o)
                0x00003c28                __pow5mult
 .text.__lshift
                0x00003cc4       0xa2 c:/program files (x86)/cypress/psoc creator/4.4/psoc creator/import/gnu/arm/5.4.1/bin/../lib/gcc/arm-none-eabi/5.4.1/../../../../arm-none-eabi/lib/armv7-m\libg_nano.a(lib_a-mprec.o)
                0x00003cc4                __lshift
 .text.__mcmp   0x00003d66       0x38 c:/program files (x86)/cypress/psoc creator/4.4/psoc creator/import/gnu/arm/5.4.1/bin/../lib/gcc/arm-none-eabi/5.4.1/../../../../arm-none-eabi/lib/armv7-m\libg_nano.a(lib_a-mprec.o)
                0x00003d66                __mcmp
 .text.__mdiff  0x00003d9e       0xbe c:/program files (x86)/cypress/psoc creator/4.4/psoc creator/import/gnu/arm/5.4.1/bin/../lib/gcc/arm-none-eabi/5.4.1/../../../../arm-none-eabi/lib/armv7-m\libg_nano.a(lib_a-mprec.o)
                0x00003d9e                __mdiff
 .text.__d2b    0x00003e5c       0x9c c:/program files (x86)/cypress/psoc creator/4.4/psoc creator/import/gnu/arm/5.4.1/bin/../lib/gcc/arm-none-eabi/5.4.1/../../../../arm-none-eabi/lib/armv7-m\libg_nano.a(lib_a-mprec.o)
                0x00003e5c                __d2b
 .text._calloc_r
                0x00003ef8       0x1c c:/program files (x86)/cypress/psoc creator/4.4/psoc creator/import/gnu/arm/5.4.1/bin/../lib/gcc/arm-none-eabi/5.4.1/../../../../arm-none-eabi/lib/armv7-m\libg_nano.a(lib_a-nano-callocr.o)
                0x00003ef8                _calloc_r
 .text._free_r  0x00003f14       0x98 c:/program files (x86)/cypress/psoc creator/4.4/psoc creator/import/gnu/arm/5.4.1/bin/../lib/gcc/arm-none-eabi/5.4.1/../../../../arm-none-eabi/lib/armv7-m\libg_nano.a(lib_a-nano-freer.o)
                0x00003f14                _free_r
 .text._malloc_r
                0x00003fac       0xbc c:/program files (x86)/cypress/psoc creator/4.4/psoc creator/import/gnu/arm/5.4.1/bin/../lib/gcc/arm-none-eabi/5.4.1/../../../../arm-none-eabi/lib/armv7-m\libg_nano.a(lib_a-nano-mallocr.o)
                0x00003fac                _malloc_r
 .text.__ssputs_r
                0x00004068       0xb2 c:/program files (x86)/cypress/psoc creator/4.4/psoc creator/import/gnu/arm/5.4.1/bin/../lib/gcc/arm-none-eabi/5.4.1/../../../../arm-none-eabi/lib/armv7-m\libg_nano.a(lib_a-nano-svfprintf.o)
                0x00004068                __ssputs_r
 *fill*         0x0000411a        0x2 
 .text._svfprintf_r
                0x0000411c      0x1e8 c:/program files (x86)/cypress/psoc creator/4.4/psoc creator/import/gnu/arm/5.4.1/bin/../lib/gcc/arm-none-eabi/5.4.1/../../../../arm-none-eabi/lib/armv7-m\libg_nano.a(lib_a-nano-svfprintf.o)
                0x0000411c                _svfiprintf_r
                0x0000411c                _svfprintf_r
 .text._sbrk_r  0x00004304       0x20 c:/program files (x86)/cypress/psoc creator/4.4/psoc creator/import/gnu/arm/5.4.1/bin/../lib/gcc/arm-none-eabi/5.4.1/../../../../arm-none-eabi/lib/armv7-m\libg_nano.a(lib_a-sbrkr.o)
                0x00004304                _sbrk_r
 .text.memmove  0x00004324       0x36 c:/program files (x86)/cypress/psoc creator/4.4/psoc creator/import/gnu/arm/5.4.1/bin/../lib/gcc/arm-none-eabi/5.4.1/../../../../arm-none-eabi/lib/armv7-m\libg_nano.a(lib_a-memmove.o)
                0x00004324                memmove
 .text.__malloc_lock
                0x0000435a        0x2 c:/program files (x86)/cypress/psoc creator/4.4/psoc creator/import/gnu/arm/5.4.1/bin/../lib/gcc/arm-none-eabi/5.4.1/../../../../arm-none-eabi/lib/armv7-m\libg_nano.a(lib_a-mlock.o)
                0x0000435a                __malloc_lock
 .text.__malloc_unlock
                0x0000435c        0x2 c:/program files (x86)/cypress/psoc creator/4.4/psoc creator/import/gnu/arm/5.4.1/bin/../lib/gcc/arm-none-eabi/5.4.1/../../../../arm-none-eabi/lib/armv7-m\libg_nano.a(lib_a-mlock.o)
                0x0000435c                __malloc_unlock
 .text._realloc_r
                0x0000435e       0x4c c:/program files (x86)/cypress/psoc creator/4.4/psoc creator/import/gnu/arm/5.4.1/bin/../lib/gcc/arm-none-eabi/5.4.1/../../../../arm-none-eabi/lib/armv7-m\libg_nano.a(lib_a-nano-reallocr.o)
                0x0000435e                _realloc_r
 .text._malloc_usable_size_r
                0x000043aa       0x14 c:/program files (x86)/cypress/psoc creator/4.4/psoc creator/import/gnu/arm/5.4.1/bin/../lib/gcc/arm-none-eabi/5.4.1/../../../../arm-none-eabi/lib/armv7-m\libg_nano.a(lib_a-nano-msizer.o)
                0x000043aa                _malloc_usable_size_r
 *fill*         0x000043be        0x2 
 .text          0x000043c0      0x110 c:/program files (x86)/cypress/psoc creator/4.4/psoc creator/import/gnu/arm/5.4.1/bin/../lib/gcc/arm-none-eabi/5.4.1/armv7-m\libgcc.a(_arm_cmpdf2.o)
                0x000043c0                __gtdf2
                0x000043c0                __gedf2
                0x000043c8                __ltdf2
                0x000043c8                __ledf2
                0x000043d0                __nedf2
                0x000043d0                __eqdf2
                0x000043d0                __cmpdf2
                0x0000444c                __aeabi_cdrcmple
                0x0000445c                __aeabi_cdcmpeq
                0x0000445c                __aeabi_cdcmple
                0x0000446c                __aeabi_dcmpeq
                0x00004480                __aeabi_dcmplt
                0x00004494                __aeabi_dcmple
                0x000044a8                __aeabi_dcmpge
                0x000044bc                __aeabi_dcmpgt
 .text          0x000044d0       0x2c c:/program files (x86)/cypress/psoc creator/4.4/psoc creator/import/gnu/arm/5.4.1/bin/../lib/gcc/arm-none-eabi/5.4.1/armv7-m\libgcc.a(_arm_unorddf2.o)
                0x000044d0                __unorddf2
                0x000044d0                __aeabi_dcmpun
 .text          0x000044fc       0x50 c:/program files (x86)/cypress/psoc creator/4.4/psoc creator/import/gnu/arm/5.4.1/bin/../lib/gcc/arm-none-eabi/5.4.1/armv7-m\libgcc.a(_arm_fixdfsi.o)
                0x000044fc                __aeabi_d2iz
                0x000044fc                __fixdfsi
 *(.plt)
 *(.gnu.warning)
 *(.glue_7t)
 .glue_7t       0x0000454c        0x0 linker stubs
 *(.glue_7)
 .glue_7        0x0000454c        0x0 linker stubs
 *(.vfp11_veneer)
 .vfp11_veneer  0x0000454c        0x0 linker stubs
 *(.bootloader)
 *(.ARM.extab* .gnu.linkonce.armextab.*)
 *(.gcc_except_table)

.v4_bx          0x0000454c        0x0
 .v4_bx         0x0000454c        0x0 linker stubs

.iplt           0x0000454c        0x0
 .iplt          0x0000454c        0x0 c:/program files (x86)/cypress/psoc creator/4.4/psoc creator/import/gnu/arm/5.4.1/bin/../lib/gcc/arm-none-eabi/5.4.1/armv7-m/crtbegin.o

.eh_frame_hdr
 *(.eh_frame_hdr)

.eh_frame       0x0000454c        0x4
 *(.eh_frame)
 .eh_frame      0x0000454c        0x0 c:/program files (x86)/cypress/psoc creator/4.4/psoc creator/import/gnu/arm/5.4.1/bin/../lib/gcc/arm-none-eabi/5.4.1/armv7-m/crtbegin.o
 .eh_frame      0x0000454c        0x4 c:/program files (x86)/cypress/psoc creator/4.4/psoc creator/import/gnu/arm/5.4.1/bin/../lib/gcc/arm-none-eabi/5.4.1/armv7-m/crtend.o
                [!provide]                PROVIDE (__exidx_start, .)

.ARM.exidx
 *(.ARM.exidx* .gnu.linkonce.armexidx.*)
                0x00004550                __exidx_end = .

.rodata         0x00004550      0x7c8
 *(.rodata .rodata.* .gnu.linkonce.r.*)
 .rodata.str1.4
                0x00004550       0xd8 .\CortexM3\ARM_GCC_541\Debug\main.o
                                 0xd5 (size before relaxing)
 .rodata        0x00004628      0x51f .\CortexM3\ARM_GCC_541\Debug\ssd1306.o
 *fill*         0x00004b47        0x1 
 .rodata        0x00004b48       0x3a .\CortexM3\ARM_GCC_541\Debug\cyfitter_cfg.o
 .rodata.str1.1
                0x00004b82        0x2 c:/program files (x86)/cypress/psoc creator/4.4/psoc creator/import/gnu/arm/5.4.1/bin/../lib/gcc/arm-none-eabi/5.4.1/../../../../arm-none-eabi/lib/armv7-m\libg_nano.a(lib_a-impure.o)
 .rodata.str1.1
                0x00004b84       0x12 c:/program files (x86)/cypress/psoc creator/4.4/psoc creator/import/gnu/arm/5.4.1/bin/../lib/gcc/arm-none-eabi/5.4.1/../../../../arm-none-eabi/lib/armv7-m\libg_nano.a(lib_a-nano-vfprintf_float.o)
 .rodata.str1.1
                0x00004b96       0x22 c:/program files (x86)/cypress/psoc creator/4.4/psoc creator/import/gnu/arm/5.4.1/bin/../lib/gcc/arm-none-eabi/5.4.1/../../../../arm-none-eabi/lib/armv7-m\libg_nano.a(lib_a-nano-vfprintf_i.o)
 .rodata.str1.1
                0x00004bb8        0xd c:/program files (x86)/cypress/psoc creator/4.4/psoc creator/import/gnu/arm/5.4.1/bin/../lib/gcc/arm-none-eabi/5.4.1/../../../../arm-none-eabi/lib/armv7-m\libg_nano.a(lib_a-dtoa.o)
                                  0xf (size before relaxing)
 .rodata.str1.1
                0x00004bc5        0x8 c:/program files (x86)/cypress/psoc creator/4.4/psoc creator/import/gnu/arm/5.4.1/bin/../lib/gcc/arm-none-eabi/5.4.1/../../../../arm-none-eabi/lib/armv7-m\libg_nano.a(lib_a-locale.o)
                                  0xb (size before relaxing)
 *fill*         0x00004bcd        0x3 
 .rodata.__mprec_tens
                0x00004bd0       0xc8 c:/program files (x86)/cypress/psoc creator/4.4/psoc creator/import/gnu/arm/5.4.1/bin/../lib/gcc/arm-none-eabi/5.4.1/../../../../arm-none-eabi/lib/armv7-m\libg_nano.a(lib_a-mprec.o)
                0x00004bd0                __mprec_tens
 .rodata.p05.5408
                0x00004c98        0xc c:/program files (x86)/cypress/psoc creator/4.4/psoc creator/import/gnu/arm/5.4.1/bin/../lib/gcc/arm-none-eabi/5.4.1/../../../../arm-none-eabi/lib/armv7-m\libg_nano.a(lib_a-mprec.o)
 *fill*         0x00004ca4        0x4 
 .rodata.__mprec_bigtens
                0x00004ca8       0x28 c:/program files (x86)/cypress/psoc creator/4.4/psoc creator/import/gnu/arm/5.4.1/bin/../lib/gcc/arm-none-eabi/5.4.1/../../../../arm-none-eabi/lib/armv7-m\libg_nano.a(lib_a-mprec.o)
                0x00004ca8                __mprec_bigtens
 .rodata.str1.1
                0x00004cd0       0x11 c:/program files (x86)/cypress/psoc creator/4.4/psoc creator/import/gnu/arm/5.4.1/bin/../lib/gcc/arm-none-eabi/5.4.1/../../../../arm-none-eabi/lib/armv7-m\libg_nano.a(lib_a-nano-svfprintf.o)
                0x00004ce4                . = ALIGN (0x4)
 *fill*         0x00004ce1        0x3 
 *(.init)
 .init          0x00004ce4        0x4 c:/program files (x86)/cypress/psoc creator/4.4/psoc creator/import/gnu/arm/5.4.1/bin/../lib/gcc/arm-none-eabi/5.4.1/armv7-m/crti.o
                0x00004ce4                _init
 .init          0x00004ce8        0x8 c:/program files (x86)/cypress/psoc creator/4.4/psoc creator/import/gnu/arm/5.4.1/bin/../lib/gcc/arm-none-eabi/5.4.1/armv7-m/crtn.o
                0x00004cf0                . = ALIGN (0x4)
                0x00004cf0                __preinit_array_start = .
 *(.preinit_array)
                0x00004cf0                __preinit_array_end = .
                0x00004cf0                . = ALIGN (0x4)
                0x00004cf0                __init_array_start = .
 *(SORT(.init_array.*))
 *(.init_array)
 .init_array    0x00004cf0        0x4 c:/program files (x86)/cypress/psoc creator/4.4/psoc creator/import/gnu/arm/5.4.1/bin/../lib/gcc/arm-none-eabi/5.4.1/armv7-m/crtbegin.o
 .init_array    0x00004cf4        0x4 .\CortexM3\ARM_GCC_541\Debug\Cm3Start.o
                0x00004cf8                __init_array_end = .
                0x00004cf8                . = ALIGN (0x4)
 *(.fini)
 .fini          0x00004cf8        0x4 c:/program files (x86)/cypress/psoc creator/4.4/psoc creator/import/gnu/arm/5.4.1/bin/../lib/gcc/arm-none-eabi/5.4.1/armv7-m/crti.o
                0x00004cf8                _fini
 .fini          0x00004cfc        0x8 c:/program files (x86)/cypress/psoc creator/4.4/psoc creator/import/gnu/arm/5.4.1/bin/../lib/gcc/arm-none-eabi/5.4.1/armv7-m/crtn.o
                0x00004d04                . = ALIGN (0x4)
                0x00004d04                __fini_array_start = .
 *(.fini_array)
 .fini_array    0x00004d04        0x4 c:/program files (x86)/cypress/psoc creator/4.4/psoc creator/import/gnu/arm/5.4.1/bin/../lib/gcc/arm-none-eabi/5.4.1/armv7-m/crtbegin.o
 *(SORT(.fini_array.*))
                0x00004d08                __fini_array_end = .
                0x00004d08                . = ALIGN (0x4)
 *crtbegin.o(.ctors)
 *(EXCLUDE_FILE(*crtend.o) .ctors)
 *(SORT(.ctors.*))
 *crtend.o(.ctors)
                0x00004d08                . = ALIGN (0x4)
 *crtbegin.o(.dtors)
 *(EXCLUDE_FILE(*crtend.o) .dtors)
 *(SORT(.dtors.*))
 *crtend.o(.dtors)
                0x00004d08                . = ALIGN (0x4)
                0x00004d08                __cy_regions = .
                0x00004d08        0x4 LONG 0x4d18 __cy_region_init_ram
                0x00004d0c        0x4 LONG 0x1fff80c8 __cy_region_start_data
                0x00004d10        0x4 LONG 0x4b8 __cy_region_init_size_ram
                0x00004d14        0x4 LONG 0x70 __cy_region_zero_size_ram
                0x00004d18                __cy_regions_end = .
                0x00004d18                . = ALIGN (0x8)
                0x00004d18                _etext = .

.cy_checksum_exclude
                0x00004d18        0x0
 *(.cy_checksum_exclude)

.ramvectors     0x1fff8000       0xc0
                0x1fff8000                __cy_region_start_ram = .
 *(.ramvectors)
 .ramvectors    0x1fff8000       0xc0 .\CortexM3\ARM_GCC_541\Debug\Cm3Start.o
                0x1fff8000                CyRamVectors

.noinit         0x1fff80c0        0x1
 *(.noinit)
 .noinit        0x1fff80c0        0x1 .\CortexM3\ARM_GCC_541\Debug\Scale.a(CyLib.o)
                0x1fff80c0                CyResetStatus

.data           0x1fff80c8      0x4b8 load address 0x00004d18
                0x1fff80c8                __cy_region_start_data = .
 *(.jcr)
 .jcr           0x1fff80c8        0x0 c:/program files (x86)/cypress/psoc creator/4.4/psoc creator/import/gnu/arm/5.4.1/bin/../lib/gcc/arm-none-eabi/5.4.1/armv7-m/crtbegin.o
 .jcr           0x1fff80c8        0x4 c:/program files (x86)/cypress/psoc creator/4.4/psoc creator/import/gnu/arm/5.4.1/bin/../lib/gcc/arm-none-eabi/5.4.1/armv7-m/crtend.o
 *(.got.plt)
 *(.got)
 *(.shdata)
 *(.data .data.* .gnu.linkonce.d.*)
 .data          0x1fff80cc      0x401 .\CortexM3\ARM_GCC_541\Debug\ssd1306.o
 *fill*         0x1fff84cd        0x3 
 .data          0x1fff84d0        0x4 .\CortexM3\ARM_GCC_541\Debug\Cm3Start.o
 .data          0x1fff84d4       0x10 .\CortexM3\ARM_GCC_541\Debug\Scale.a(CyLib.o)
                0x1fff84d4                cydelay_32k_ms
                0x1fff84d8                cydelay_freq_khz
                0x1fff84dc                cydelay_freq_mhz
                0x1fff84e0                cydelay_freq_hz
 .data.impure_data
                0x1fff84e4       0x60 c:/program files (x86)/cypress/psoc creator/4.4/psoc creator/import/gnu/arm/5.4.1/bin/../lib/gcc/arm-none-eabi/5.4.1/../../../../arm-none-eabi/lib/armv7-m\libg_nano.a(lib_a-impure.o)
 .data._impure_ptr
                0x1fff8544        0x4 c:/program files (x86)/cypress/psoc creator/4.4/psoc creator/import/gnu/arm/5.4.1/bin/../lib/gcc/arm-none-eabi/5.4.1/../../../../arm-none-eabi/lib/armv7-m\libg_nano.a(lib_a-impure.o)
                0x1fff8544                _impure_ptr
 .data.lconv    0x1fff8548       0x38 c:/program files (x86)/cypress/psoc creator/4.4/psoc creator/import/gnu/arm/5.4.1/bin/../lib/gcc/arm-none-eabi/5.4.1/../../../../arm-none-eabi/lib/armv7-m\libg_nano.a(lib_a-locale.o)
                0x1fff8580                . = ALIGN (0x8)
 *(.ram)
                0x1fff8580                _edata = .

.igot.plt       0x1fff8580        0x0 load address 0x000051d0
 .igot.plt      0x1fff8580        0x0 c:/program files (x86)/cypress/psoc creator/4.4/psoc creator/import/gnu/arm/5.4.1/bin/../lib/gcc/arm-none-eabi/5.4.1/armv7-m/crtbegin.o

.bss            0x1fff8580       0x70 load address 0x000051d0
                0x1fff8580                PROVIDE (__bss_start__, .)
 *(.shbss)
 *(.bss .bss.* .gnu.linkonce.b.*)
 .bss           0x1fff8580       0x1c c:/program files (x86)/cypress/psoc creator/4.4/psoc creator/import/gnu/arm/5.4.1/bin/../lib/gcc/arm-none-eabi/5.4.1/armv7-m/crtbegin.o
 .bss           0x1fff859c        0x8 .\CortexM3\ARM_GCC_541\Debug\main.o
                0x1fff859c                globalTARE
                0x1fff85a0                globalWeight
 .bss           0x1fff85a4       0x10 .\CortexM3\ARM_GCC_541\Debug\ssd1306.o
 .bss           0x1fff85b4        0x2 .\CortexM3\ARM_GCC_541\Debug\Scale.a(UART_1.o)
                0x1fff85b4                UART_1_initVar
 .bss           0x1fff85b6        0x1 .\CortexM3\ARM_GCC_541\Debug\Scale.a(ADC_SAR_1.o)
                0x1fff85b6                ADC_SAR_1_initVar
 .bss           0x1fff85b7        0x1 .\CortexM3\ARM_GCC_541\Debug\Scale.a(I2COLED.o)
                0x1fff85b7                I2COLED_initVar
 .bss.__malloc_sbrk_start
                0x1fff85b8        0x4 c:/program files (x86)/cypress/psoc creator/4.4/psoc creator/import/gnu/arm/5.4.1/bin/../lib/gcc/arm-none-eabi/5.4.1/../../../../arm-none-eabi/lib/armv7-m\libg_nano.a(lib_a-nano-mallocr.o)
                0x1fff85b8                __malloc_sbrk_start
 .bss.__malloc_free_list
                0x1fff85bc        0x4 c:/program files (x86)/cypress/psoc creator/4.4/psoc creator/import/gnu/arm/5.4.1/bin/../lib/gcc/arm-none-eabi/5.4.1/../../../../arm-none-eabi/lib/armv7-m\libg_nano.a(lib_a-nano-mallocr.o)
                0x1fff85bc                __malloc_free_list
 *(COMMON)
 COMMON         0x1fff85c0        0x7 .\CortexM3\ARM_GCC_541\Debug\ssd1306.o
                0x1fff85c0                WIDTH
                0x1fff85c2                rotation
                0x1fff85c4                HEIGHT
                0x1fff85c6                wrap
 *fill*         0x1fff85c7        0x1 
 COMMON         0x1fff85c8        0xa .\CortexM3\ARM_GCC_541\Debug\Scale.a(ADC_SAR_1.o)
                0x1fff85c8                ADC_SAR_1_countsPerVolt
                0x1fff85ca                ADC_SAR_1_shift
                0x1fff85cc                ADC_SAR_1_countsPer10Volt
                0x1fff85d0                ADC_SAR_1_offset
 COMMON         0x1fff85d2        0x1 .\CortexM3\ARM_GCC_541\Debug\Scale.a(I2COLED.o)
                0x1fff85d2                I2COLED_state
 *fill*         0x1fff85d3        0x1 
 COMMON         0x1fff85d4       0x11 .\CortexM3\ARM_GCC_541\Debug\Scale.a(I2COLED_MASTER.o)
                0x1fff85d4                I2COLED_mstrStatus
                0x1fff85d5                I2COLED_mstrControl
                0x1fff85d6                I2COLED_mstrRdBufIndex
                0x1fff85d7                I2COLED_mstrWrBufIndex
                0x1fff85d8                I2COLED_mstrRdBufPtr
                0x1fff85dc                I2COLED_mstrWrBufSize
                0x1fff85e0                I2COLED_mstrWrBufPtr
                0x1fff85e4                I2COLED_mstrRdBufSize
 *fill*         0x1fff85e5        0x3 
 COMMON         0x1fff85e8        0x4 c:/program files (x86)/cypress/psoc creator/4.4/psoc creator/import/gnu/arm/5.4.1/bin/../lib/gcc/arm-none-eabi/5.4.1/../../../../arm-none-eabi/lib/armv7-m\libg_nano.a(lib_a-reent.o)
                0x1fff85e8                errno
                0x1fff85f0                . = ALIGN (0x8)
 *fill*         0x1fff85ec        0x4 
 *(.ram.b)
                0x1fff85f0                _end = .
                0x1fff85f0                __end = .
                0x1fff85f0                PROVIDE (end, .)
                0x1fff85f0                PROVIDE (__bss_end__, .)
                0x00004d18                __cy_region_init_ram = LOADADDR (.data)
                0x000004b8                __cy_region_init_size_ram = (_edata - ADDR (.data))
                0x00000070                __cy_region_zero_size_ram = (_end - _edata)

.heap           0x1fff85f0      0x200 load address 0x000051d0
                0x1fff85f0                . = _end
                0x1fff87f0                . = (. + 0x200)
 *fill*         0x1fff85f0      0x200 
                0x1fff87f0                __cy_heap_limit = .

.stack          0x20007800      0x800
                0x20007800                __cy_stack_limit = .
                0x20008000                . = (. + 0x800)
 *fill*         0x20007800      0x800 
                0x00000001                ASSERT ((__cy_stack_limit >= __cy_heap_limit), region RAM overflowed with stack)
                0x00000000                cy_checksum_exclude_size = (CY_APPL_LOADABLE == 0x1)?SIZEOF (.cy_checksum_exclude):0x0
                0x00000001                ASSERT ((cy_checksum_exclude_size <= CY_CHECKSUM_EXCLUDE_SIZE), CY_BOOT: Section .cy_checksum_exclude size exceedes specified limit.)

.cyloadermeta
 *(.cyloadermeta)

.cyloadablemeta
 *(.cyloadablemeta)

.cyconfigecc    0x80000000      0x468
 *(.cyconfigecc)
 .cyconfigecc   0x80000000      0x468 .\CortexM3\ARM_GCC_541\Debug\cymetadata.o
                0x80000000                cy_meta_configecc

.cycustnvl      0x90000000        0x4
 *(.cycustnvl)
 .cycustnvl     0x90000000        0x4 .\CortexM3\ARM_GCC_541\Debug\cymetadata.o
                0x90000000                cy_meta_custnvl

.cywolatch      0x90100000        0x4
 *(.cywolatch)
 .cywolatch     0x90100000        0x4 .\CortexM3\ARM_GCC_541\Debug\cymetadata.o
                0x90100000                cy_meta_wonvl

.cyeeprom       0x90200000        0x0
 *(.cyeeprom)
                0x00000001                ASSERT ((. <= ((0x90200000 + ee_offset) + ee_size)), .cyeeprom data will not fit in EEPROM)

.cyflashprotect
                0x90400000      0x100
 *(.cyflashprotect)
 .cyflashprotect
                0x90400000      0x100 .\CortexM3\ARM_GCC_541\Debug\cymetadata.o
                0x90400000                cy_meta_flashprotect

.cymeta         0x90500000        0xc
 *(.cymeta)
 .cymeta        0x90500000        0xc .\CortexM3\ARM_GCC_541\Debug\cymetadata.o
                0x90500000                cy_metadata

.rel.dyn        0x000051d0        0x0 load address 0x9050000c
 .rel.iplt      0x000051d0        0x0 c:/program files (x86)/cypress/psoc creator/4.4/psoc creator/import/gnu/arm/5.4.1/bin/../lib/gcc/arm-none-eabi/5.4.1/armv7-m/crtbegin.o

.stab
 *(.stab)

.stabstr
 *(.stabstr)

.debug
 *(.debug)

.line
 *(.line)

.debug_srcinfo
 *(.debug_srcinfo)

.debug_sfnames
 *(.debug_sfnames)

.debug_aranges  0x00000000      0xb38
 *(.debug_aranges)
 .debug_aranges
                0x00000000       0x70 .\CortexM3\ARM_GCC_541\Debug\main.o
 .debug_aranges
                0x00000070      0x118 .\CortexM3\ARM_GCC_541\Debug\ssd1306.o
 .debug_aranges
                0x00000188       0x58 .\CortexM3\ARM_GCC_541\Debug\cyfitter_cfg.o
 .debug_aranges
                0x000001e0       0x18 .\CortexM3\ARM_GCC_541\Debug\cymetadata.o
 .debug_aranges
                0x000001f8       0x48 .\CortexM3\ARM_GCC_541\Debug\Cm3Start.o
 .debug_aranges
                0x00000240       0xf0 .\CortexM3\ARM_GCC_541\Debug\Scale.a(UART_1.o)
 .debug_aranges
                0x00000330       0x80 .\CortexM3\ARM_GCC_541\Debug\Scale.a(isr_uart_rx.o)
 .debug_aranges
                0x000003b0       0xa8 .\CortexM3\ARM_GCC_541\Debug\Scale.a(ADC_SAR_1.o)
 .debug_aranges
                0x00000458       0x20 .\CortexM3\ARM_GCC_541\Debug\Scale.a(ADC_SAR_1_INT.o)
 .debug_aranges
                0x00000478       0x70 .\CortexM3\ARM_GCC_541\Debug\Scale.a(UART_1_IntClock.o)
 .debug_aranges
                0x000004e8       0x70 .\CortexM3\ARM_GCC_541\Debug\Scale.a(ADC_SAR_1_theACLK.o)
 .debug_aranges
                0x00000558      0x2a0 .\CortexM3\ARM_GCC_541\Debug\Scale.a(CyLib.o)
 .debug_aranges
                0x000007f8       0x98 .\CortexM3\ARM_GCC_541\Debug\Scale.a(cyPm.o)
 .debug_aranges
                0x00000890       0x38 .\CortexM3\ARM_GCC_541\Debug\Scale.a(I2COLED.o)
 .debug_aranges
                0x000008c8       0x20 .\CortexM3\ARM_GCC_541\Debug\Scale.a(I2COLED_INT.o)
 .debug_aranges
                0x000008e8       0x38 .\CortexM3\ARM_GCC_541\Debug\Scale.a(I2COLED_PM.o)
 .debug_aranges
                0x00000920       0x80 .\CortexM3\ARM_GCC_541\Debug\Scale.a(I2COLED_MASTER.o)
 .debug_aranges
                0x000009a0       0x80 .\CortexM3\ARM_GCC_541\Debug\Scale.a(isr_pin_1.o)
 .debug_aranges
                0x00000a20       0x20 .\CortexM3\ARM_GCC_541\Debug\Scale.a(CyBootAsmGnu.o)
 .debug_aranges
                0x00000a40       0x80 .\CortexM3\ARM_GCC_541\Debug\Scale.a(CyFlash.o)
 .debug_aranges
                0x00000ac0       0x78 .\CortexM3\ARM_GCC_541\Debug\Scale.a(CySpc.o)

.debug_pubnames
 *(.debug_pubnames)

.debug_info     0x00000000     0x6ec3
 *(.debug_info .gnu.linkonce.wi.*)
 .debug_info    0x00000000      0x712 .\CortexM3\ARM_GCC_541\Debug\main.o
 .debug_info    0x00000712     0x132d .\CortexM3\ARM_GCC_541\Debug\ssd1306.o
 .debug_info    0x00001a3f      0x5b9 .\CortexM3\ARM_GCC_541\Debug\cyfitter_cfg.o
 .debug_info    0x00001ff8      0x136 .\CortexM3\ARM_GCC_541\Debug\cymetadata.o
 .debug_info    0x0000212e      0x3b5 .\CortexM3\ARM_GCC_541\Debug\Cm3Start.o
 .debug_info    0x000024e3      0x60c .\CortexM3\ARM_GCC_541\Debug\Scale.a(UART_1.o)
 .debug_info    0x00002aef      0x2d2 .\CortexM3\ARM_GCC_541\Debug\Scale.a(isr_uart_rx.o)
 .debug_info    0x00002dc1      0x5c0 .\CortexM3\ARM_GCC_541\Debug\Scale.a(ADC_SAR_1.o)
 .debug_info    0x00003381       0x92 .\CortexM3\ARM_GCC_541\Debug\Scale.a(ADC_SAR_1_INT.o)
 .debug_info    0x00003413      0x283 .\CortexM3\ARM_GCC_541\Debug\Scale.a(UART_1_IntClock.o)
 .debug_info    0x00003696      0x283 .\CortexM3\ARM_GCC_541\Debug\Scale.a(ADC_SAR_1_theACLK.o)
 .debug_info    0x00003919     0x1374 .\CortexM3\ARM_GCC_541\Debug\Scale.a(CyLib.o)
 .debug_info    0x00004c8d      0xa1d .\CortexM3\ARM_GCC_541\Debug\Scale.a(cyPm.o)
 .debug_info    0x000056aa      0x2ab .\CortexM3\ARM_GCC_541\Debug\Scale.a(I2COLED.o)
 .debug_info    0x00005955      0x184 .\CortexM3\ARM_GCC_541\Debug\Scale.a(I2COLED_INT.o)
 .debug_info    0x00005ad9      0x207 .\CortexM3\ARM_GCC_541\Debug\Scale.a(I2COLED_PM.o)
 .debug_info    0x00005ce0      0x407 .\CortexM3\ARM_GCC_541\Debug\Scale.a(I2COLED_MASTER.o)
 .debug_info    0x000060e7      0x2d2 .\CortexM3\ARM_GCC_541\Debug\Scale.a(isr_pin_1.o)
 .debug_info    0x000063b9       0x69 .\CortexM3\ARM_GCC_541\Debug\Scale.a(CyBootAsmGnu.o)
 .debug_info    0x00006422      0x5b8 .\CortexM3\ARM_GCC_541\Debug\Scale.a(CyFlash.o)
 .debug_info    0x000069da      0x4e9 .\CortexM3\ARM_GCC_541\Debug\Scale.a(CySpc.o)

.debug_abbrev   0x00000000     0x1c8e
 *(.debug_abbrev)
 .debug_abbrev  0x00000000      0x19d .\CortexM3\ARM_GCC_541\Debug\main.o
 .debug_abbrev  0x0000019d      0x291 .\CortexM3\ARM_GCC_541\Debug\ssd1306.o
 .debug_abbrev  0x0000042e      0x20d .\CortexM3\ARM_GCC_541\Debug\cyfitter_cfg.o
 .debug_abbrev  0x0000063b       0x77 .\CortexM3\ARM_GCC_541\Debug\cymetadata.o
 .debug_abbrev  0x000006b2      0x1e8 .\CortexM3\ARM_GCC_541\Debug\Cm3Start.o
 .debug_abbrev  0x0000089a      0x175 .\CortexM3\ARM_GCC_541\Debug\Scale.a(UART_1.o)
 .debug_abbrev  0x00000a0f      0x173 .\CortexM3\ARM_GCC_541\Debug\Scale.a(isr_uart_rx.o)
 .debug_abbrev  0x00000b82      0x1ac .\CortexM3\ARM_GCC_541\Debug\Scale.a(ADC_SAR_1.o)
 .debug_abbrev  0x00000d2e       0x42 .\CortexM3\ARM_GCC_541\Debug\Scale.a(ADC_SAR_1_INT.o)
 .debug_abbrev  0x00000d70      0x139 .\CortexM3\ARM_GCC_541\Debug\Scale.a(UART_1_IntClock.o)
 .debug_abbrev  0x00000ea9      0x139 .\CortexM3\ARM_GCC_541\Debug\Scale.a(ADC_SAR_1_theACLK.o)
 .debug_abbrev  0x00000fe2      0x254 .\CortexM3\ARM_GCC_541\Debug\Scale.a(CyLib.o)
 .debug_abbrev  0x00001236      0x1ab .\CortexM3\ARM_GCC_541\Debug\Scale.a(cyPm.o)
 .debug_abbrev  0x000013e1      0x10a .\CortexM3\ARM_GCC_541\Debug\Scale.a(I2COLED.o)
 .debug_abbrev  0x000014eb       0xb6 .\CortexM3\ARM_GCC_541\Debug\Scale.a(I2COLED_INT.o)
 .debug_abbrev  0x000015a1       0xfe .\CortexM3\ARM_GCC_541\Debug\Scale.a(I2COLED_PM.o)
 .debug_abbrev  0x0000169f      0x13c .\CortexM3\ARM_GCC_541\Debug\Scale.a(I2COLED_MASTER.o)
 .debug_abbrev  0x000017db      0x173 .\CortexM3\ARM_GCC_541\Debug\Scale.a(isr_pin_1.o)
 .debug_abbrev  0x0000194e       0x14 .\CortexM3\ARM_GCC_541\Debug\Scale.a(CyBootAsmGnu.o)
 .debug_abbrev  0x00001962      0x198 .\CortexM3\ARM_GCC_541\Debug\Scale.a(CyFlash.o)
 .debug_abbrev  0x00001afa      0x194 .\CortexM3\ARM_GCC_541\Debug\Scale.a(CySpc.o)

.debug_line     0x00000000     0x2e3b
 *(.debug_line)
 .debug_line    0x00000000      0x34d .\CortexM3\ARM_GCC_541\Debug\main.o
 .debug_line    0x0000034d      0x60f .\CortexM3\ARM_GCC_541\Debug\ssd1306.o
 .debug_line    0x0000095c      0x1fb .\CortexM3\ARM_GCC_541\Debug\cyfitter_cfg.o
 .debug_line    0x00000b57      0x141 .\CortexM3\ARM_GCC_541\Debug\cymetadata.o
 .debug_line    0x00000c98      0x234 .\CortexM3\ARM_GCC_541\Debug\Cm3Start.o
 .debug_line    0x00000ecc      0x2c0 .\CortexM3\ARM_GCC_541\Debug\Scale.a(UART_1.o)
 .debug_line    0x0000118c      0x138 .\CortexM3\ARM_GCC_541\Debug\Scale.a(isr_uart_rx.o)
 .debug_line    0x000012c4      0x21e .\CortexM3\ARM_GCC_541\Debug\Scale.a(ADC_SAR_1.o)
 .debug_line    0x000014e2       0x56 .\CortexM3\ARM_GCC_541\Debug\Scale.a(ADC_SAR_1_INT.o)
 .debug_line    0x00001538      0x17e .\CortexM3\ARM_GCC_541\Debug\Scale.a(UART_1_IntClock.o)
 .debug_line    0x000016b6      0x180 .\CortexM3\ARM_GCC_541\Debug\Scale.a(ADC_SAR_1_theACLK.o)
 .debug_line    0x00001836      0x816 .\CortexM3\ARM_GCC_541\Debug\Scale.a(CyLib.o)
 .debug_line    0x0000204c      0x364 .\CortexM3\ARM_GCC_541\Debug\Scale.a(cyPm.o)
 .debug_line    0x000023b0       0xe6 .\CortexM3\ARM_GCC_541\Debug\Scale.a(I2COLED.o)
 .debug_line    0x00002496      0x11c .\CortexM3\ARM_GCC_541\Debug\Scale.a(I2COLED_INT.o)
 .debug_line    0x000025b2       0xc3 .\CortexM3\ARM_GCC_541\Debug\Scale.a(I2COLED_PM.o)
 .debug_line    0x00002675      0x205 .\CortexM3\ARM_GCC_541\Debug\Scale.a(I2COLED_MASTER.o)
 .debug_line    0x0000287a      0x136 .\CortexM3\ARM_GCC_541\Debug\Scale.a(isr_pin_1.o)
 .debug_line    0x000029b0       0x66 .\CortexM3\ARM_GCC_541\Debug\Scale.a(CyBootAsmGnu.o)
 .debug_line    0x00002a16      0x1e9 .\CortexM3\ARM_GCC_541\Debug\Scale.a(CyFlash.o)
 .debug_line    0x00002bff      0x23c .\CortexM3\ARM_GCC_541\Debug\Scale.a(CySpc.o)

.debug_frame    0x00000000     0x2618
 *(.debug_frame)
 .debug_frame   0x00000000      0x140 .\CortexM3\ARM_GCC_541\Debug\main.o
 .debug_frame   0x00000140      0x3d0 .\CortexM3\ARM_GCC_541\Debug\ssd1306.o
 .debug_frame   0x00000510       0xe4 .\CortexM3\ARM_GCC_541\Debug\cyfitter_cfg.o
 .debug_frame   0x000005f4       0xb8 .\CortexM3\ARM_GCC_541\Debug\Cm3Start.o
 .debug_frame   0x000006ac      0x250 .\CortexM3\ARM_GCC_541\Debug\Scale.a(UART_1.o)
 .debug_frame   0x000008fc      0x104 .\CortexM3\ARM_GCC_541\Debug\Scale.a(isr_uart_rx.o)
 .debug_frame   0x00000a00      0x1b0 .\CortexM3\ARM_GCC_541\Debug\Scale.a(ADC_SAR_1.o)
 .debug_frame   0x00000bb0       0x20 .\CortexM3\ARM_GCC_541\Debug\Scale.a(ADC_SAR_1_INT.o)
 .debug_frame   0x00000bd0       0xe0 .\CortexM3\ARM_GCC_541\Debug\Scale.a(UART_1_IntClock.o)
 .debug_frame   0x00000cb0       0xe0 .\CortexM3\ARM_GCC_541\Debug\Scale.a(ADC_SAR_1_theACLK.o)
 .debug_frame   0x00000d90      0x738 .\CortexM3\ARM_GCC_541\Debug\Scale.a(CyLib.o)
 .debug_frame   0x000014c8      0x1f8 .\CortexM3\ARM_GCC_541\Debug\Scale.a(cyPm.o)
 .debug_frame   0x000016c0       0x90 .\CortexM3\ARM_GCC_541\Debug\Scale.a(I2COLED.o)
 .debug_frame   0x00001750       0x30 .\CortexM3\ARM_GCC_541\Debug\Scale.a(I2COLED_INT.o)
 .debug_frame   0x00001780       0x74 .\CortexM3\ARM_GCC_541\Debug\Scale.a(I2COLED_PM.o)
 .debug_frame   0x000017f4      0x138 .\CortexM3\ARM_GCC_541\Debug\Scale.a(I2COLED_MASTER.o)
 .debug_frame   0x0000192c      0x104 .\CortexM3\ARM_GCC_541\Debug\Scale.a(isr_pin_1.o)
 .debug_frame   0x00001a30      0x174 .\CortexM3\ARM_GCC_541\Debug\Scale.a(CyFlash.o)
 .debug_frame   0x00001ba4      0x160 .\CortexM3\ARM_GCC_541\Debug\Scale.a(CySpc.o)
 .debug_frame   0x00001d04       0x44 c:/program files (x86)/cypress/psoc creator/4.4/psoc creator/import/gnu/arm/5.4.1/bin/../lib/gcc/arm-none-eabi/5.4.1/armv7-m\libgcc.a(_aeabi_ldivmod.o)
 .debug_frame   0x00001d48       0x38 c:/program files (x86)/cypress/psoc creator/4.4/psoc creator/import/gnu/arm/5.4.1/bin/../lib/gcc/arm-none-eabi/5.4.1/armv7-m\libgcc.a(_udivmoddi4.o)
 .debug_frame   0x00001d80       0x20 c:/program files (x86)/cypress/psoc creator/4.4/psoc creator/import/gnu/arm/5.4.1/bin/../lib/gcc/arm-none-eabi/5.4.1/../../../../arm-none-eabi/lib/armv7-m\libg_nano.a(lib_a-errno.o)
 .debug_frame   0x00001da0       0x28 c:/program files (x86)/cypress/psoc creator/4.4/psoc creator/import/gnu/arm/5.4.1/bin/../lib/gcc/arm-none-eabi/5.4.1/../../../../arm-none-eabi/lib/armv7-m\libg_nano.a(lib_a-exit.o)
 .debug_frame   0x00001dc8       0x2c c:/program files (x86)/cypress/psoc creator/4.4/psoc creator/import/gnu/arm/5.4.1/bin/../lib/gcc/arm-none-eabi/5.4.1/../../../../arm-none-eabi/lib/armv7-m\libg_nano.a(lib_a-init.o)
 .debug_frame   0x00001df4       0x28 c:/program files (x86)/cypress/psoc creator/4.4/psoc creator/import/gnu/arm/5.4.1/bin/../lib/gcc/arm-none-eabi/5.4.1/../../../../arm-none-eabi/lib/armv7-m\libg_nano.a(lib_a-memcpy-stub.o)
 .debug_frame   0x00001e1c       0x20 c:/program files (x86)/cypress/psoc creator/4.4/psoc creator/import/gnu/arm/5.4.1/bin/../lib/gcc/arm-none-eabi/5.4.1/../../../../arm-none-eabi/lib/armv7-m\libg_nano.a(lib_a-memset.o)
 .debug_frame   0x00001e3c       0x8c c:/program files (x86)/cypress/psoc creator/4.4/psoc creator/import/gnu/arm/5.4.1/bin/../lib/gcc/arm-none-eabi/5.4.1/../../../../arm-none-eabi/lib/armv7-m\libg_nano.a(lib_a-nano-vfprintf_float.o)
 .debug_frame   0x00001ec8       0x60 c:/program files (x86)/cypress/psoc creator/4.4/psoc creator/import/gnu/arm/5.4.1/bin/../lib/gcc/arm-none-eabi/5.4.1/../../../../arm-none-eabi/lib/armv7-m\libg_nano.a(lib_a-nano-vfprintf_i.o)
 .debug_frame   0x00001f28       0x74 c:/program files (x86)/cypress/psoc creator/4.4/psoc creator/import/gnu/arm/5.4.1/bin/../lib/gcc/arm-none-eabi/5.4.1/../../../../arm-none-eabi/lib/armv7-m\libg_nano.a(lib_a-snprintf.o)
 .debug_frame   0x00001f9c       0x70 c:/program files (x86)/cypress/psoc creator/4.4/psoc creator/import/gnu/arm/5.4.1/bin/../lib/gcc/arm-none-eabi/5.4.1/../../../../arm-none-eabi/lib/armv7-m\libg_nano.a(lib_a-sprintf.o)
 .debug_frame   0x0000200c       0x6c c:/program files (x86)/cypress/psoc creator/4.4/psoc creator/import/gnu/arm/5.4.1/bin/../lib/gcc/arm-none-eabi/5.4.1/../../../../arm-none-eabi/lib/armv7-m\libg_nano.a(lib_a-dtoa.o)
 .debug_frame   0x00002078       0x98 c:/program files (x86)/cypress/psoc creator/4.4/psoc creator/import/gnu/arm/5.4.1/bin/../lib/gcc/arm-none-eabi/5.4.1/../../../../arm-none-eabi/lib/armv7-m\libg_nano.a(lib_a-locale.o)
 .debug_frame   0x00002110       0x30 c:/program files (x86)/cypress/psoc creator/4.4/psoc creator/import/gnu/arm/5.4.1/bin/../lib/gcc/arm-none-eabi/5.4.1/../../../../arm-none-eabi/lib/armv7-m\libg_nano.a(lib_a-malloc.o)
 .debug_frame   0x00002140       0x28 c:/program files (x86)/cypress/psoc creator/4.4/psoc creator/import/gnu/arm/5.4.1/bin/../lib/gcc/arm-none-eabi/5.4.1/../../../../arm-none-eabi/lib/armv7-m\libg_nano.a(lib_a-memchr-stub.o)
 .debug_frame   0x00002168      0x234 c:/program files (x86)/cypress/psoc creator/4.4/psoc creator/import/gnu/arm/5.4.1/bin/../lib/gcc/arm-none-eabi/5.4.1/../../../../arm-none-eabi/lib/armv7-m\libg_nano.a(lib_a-mprec.o)
 .debug_frame   0x0000239c       0x2c c:/program files (x86)/cypress/psoc creator/4.4/psoc creator/import/gnu/arm/5.4.1/bin/../lib/gcc/arm-none-eabi/5.4.1/../../../../arm-none-eabi/lib/armv7-m\libg_nano.a(lib_a-nano-callocr.o)
 .debug_frame   0x000023c8       0x38 c:/program files (x86)/cypress/psoc creator/4.4/psoc creator/import/gnu/arm/5.4.1/bin/../lib/gcc/arm-none-eabi/5.4.1/../../../../arm-none-eabi/lib/armv7-m\libg_nano.a(lib_a-nano-freer.o)
 .debug_frame   0x00002400       0x2c c:/program files (x86)/cypress/psoc creator/4.4/psoc creator/import/gnu/arm/5.4.1/bin/../lib/gcc/arm-none-eabi/5.4.1/../../../../arm-none-eabi/lib/armv7-m\libg_nano.a(lib_a-nano-mallocr.o)
 .debug_frame   0x0000242c       0x90 c:/program files (x86)/cypress/psoc creator/4.4/psoc creator/import/gnu/arm/5.4.1/bin/../lib/gcc/arm-none-eabi/5.4.1/../../../../arm-none-eabi/lib/armv7-m\libg_nano.a(lib_a-nano-svfprintf.o)
 .debug_frame   0x000024bc       0x2c c:/program files (x86)/cypress/psoc creator/4.4/psoc creator/import/gnu/arm/5.4.1/bin/../lib/gcc/arm-none-eabi/5.4.1/../../../../arm-none-eabi/lib/armv7-m\libg_nano.a(lib_a-sbrkr.o)
 .debug_frame   0x000024e8       0x20 c:/program files (x86)/cypress/psoc creator/4.4/psoc creator/import/gnu/arm/5.4.1/bin/../lib/gcc/arm-none-eabi/5.4.1/../../../../arm-none-eabi/lib/armv7-m\libg_nano.a(lib_a-strcmp.o)
 .debug_frame   0x00002508       0x28 c:/program files (x86)/cypress/psoc creator/4.4/psoc creator/import/gnu/arm/5.4.1/bin/../lib/gcc/arm-none-eabi/5.4.1/../../../../arm-none-eabi/lib/armv7-m\libg_nano.a(lib_a-memmove.o)
 .debug_frame   0x00002530       0x30 c:/program files (x86)/cypress/psoc creator/4.4/psoc creator/import/gnu/arm/5.4.1/bin/../lib/gcc/arm-none-eabi/5.4.1/../../../../arm-none-eabi/lib/armv7-m\libg_nano.a(lib_a-mlock.o)
 .debug_frame   0x00002560       0x3c c:/program files (x86)/cypress/psoc creator/4.4/psoc creator/import/gnu/arm/5.4.1/bin/../lib/gcc/arm-none-eabi/5.4.1/../../../../arm-none-eabi/lib/armv7-m\libg_nano.a(lib_a-nano-reallocr.o)
 .debug_frame   0x0000259c       0x5c c:/program files (x86)/cypress/psoc creator/4.4/psoc creator/import/gnu/arm/5.4.1/bin/../lib/gcc/arm-none-eabi/5.4.1/../../../../arm-none-eabi/lib/armv7-m\libg_nano.a(lib_a-reent.o)
 .debug_frame   0x000025f8       0x20 c:/program files (x86)/cypress/psoc creator/4.4/psoc creator/import/gnu/arm/5.4.1/bin/../lib/gcc/arm-none-eabi/5.4.1/../../../../arm-none-eabi/lib/armv7-m\libg_nano.a(lib_a-nano-msizer.o)

.debug_str      0x00000000     0x2611
 *(.debug_str)
 .debug_str     0x00000000      0x3a6 .\CortexM3\ARM_GCC_541\Debug\main.o
                                0x3ff (size before relaxing)
 .debug_str     0x000003a6      0x3c6 .\CortexM3\ARM_GCC_541\Debug\ssd1306.o
                                0x630 (size before relaxing)
 .debug_str     0x0000076c      0x1a1 .\CortexM3\ARM_GCC_541\Debug\cyfitter_cfg.o
                                0x31d (size before relaxing)
 .debug_str     0x0000090d       0x75 .\CortexM3\ARM_GCC_541\Debug\cymetadata.o
                                0x1bd (size before relaxing)
 .debug_str     0x00000982      0x13f .\CortexM3\ARM_GCC_541\Debug\Cm3Start.o
                                0x2e3 (size before relaxing)
 .debug_str     0x00000ac1      0x2b8 .\CortexM3\ARM_GCC_541\Debug\Scale.a(UART_1.o)
                                0x48c (size before relaxing)
 .debug_str     0x00000d79      0x13e .\CortexM3\ARM_GCC_541\Debug\Scale.a(isr_uart_rx.o)
                                0x2d3 (size before relaxing)
 .debug_str     0x00000eb7      0x23c .\CortexM3\ARM_GCC_541\Debug\Scale.a(ADC_SAR_1.o)
                                0x496 (size before relaxing)
 .debug_str     0x000010f3       0x35 .\CortexM3\ARM_GCC_541\Debug\Scale.a(ADC_SAR_1_INT.o)
                                0x174 (size before relaxing)
 .debug_str     0x00001128      0x197 .\CortexM3\ARM_GCC_541\Debug\Scale.a(UART_1_IntClock.o)
                                0x327 (size before relaxing)
 .debug_str     0x000012bf      0x16d .\CortexM3\ARM_GCC_541\Debug\Scale.a(ADC_SAR_1_theACLK.o)
                                0x33f (size before relaxing)
 .debug_str     0x0000142c      0x7d2 .\CortexM3\ARM_GCC_541\Debug\Scale.a(CyLib.o)
                                0xa20 (size before relaxing)
 .debug_str     0x00001bfe      0x359 .\CortexM3\ARM_GCC_541\Debug\Scale.a(cyPm.o)
                                0x700 (size before relaxing)
 .debug_str     0x00001f57      0x100 .\CortexM3\ARM_GCC_541\Debug\Scale.a(I2COLED.o)
                                0x2ea (size before relaxing)
 .debug_str     0x00002057       0xa2 .\CortexM3\ARM_GCC_541\Debug\Scale.a(I2COLED_INT.o)
                                0x264 (size before relaxing)
 .debug_str     0x000020f9       0x6a .\CortexM3\ARM_GCC_541\Debug\Scale.a(I2COLED_PM.o)
                                0x27a (size before relaxing)
 .debug_str     0x00002163      0x161 .\CortexM3\ARM_GCC_541\Debug\Scale.a(I2COLED_MASTER.o)
                                0x3d9 (size before relaxing)
 .debug_str     0x000022c4      0x10c .\CortexM3\ARM_GCC_541\Debug\Scale.a(isr_pin_1.o)
                                0x2b7 (size before relaxing)
 .debug_str     0x000023d0      0x195 .\CortexM3\ARM_GCC_541\Debug\Scale.a(CyFlash.o)
                                0x37a (size before relaxing)
 .debug_str     0x00002565       0xac .\CortexM3\ARM_GCC_541\Debug\Scale.a(CySpc.o)
                                0x303 (size before relaxing)

.debug_loc      0x00000000     0x353b
 *(.debug_loc)
 .debug_loc     0x00000000      0x13d .\CortexM3\ARM_GCC_541\Debug\main.o
 .debug_loc     0x0000013d      0xd9c .\CortexM3\ARM_GCC_541\Debug\ssd1306.o
 .debug_loc     0x00000ed9      0x259 .\CortexM3\ARM_GCC_541\Debug\cyfitter_cfg.o
 .debug_loc     0x00001132      0x144 .\CortexM3\ARM_GCC_541\Debug\Cm3Start.o
 .debug_loc     0x00001276      0x258 .\CortexM3\ARM_GCC_541\Debug\Scale.a(UART_1.o)
 .debug_loc     0x000014ce       0x56 .\CortexM3\ARM_GCC_541\Debug\Scale.a(isr_uart_rx.o)
 .debug_loc     0x00001524      0x295 .\CortexM3\ARM_GCC_541\Debug\Scale.a(ADC_SAR_1.o)
 .debug_loc     0x000017b9      0x128 .\CortexM3\ARM_GCC_541\Debug\Scale.a(UART_1_IntClock.o)
 .debug_loc     0x000018e1      0x12c .\CortexM3\ARM_GCC_541\Debug\Scale.a(ADC_SAR_1_theACLK.o)
 .debug_loc     0x00001a0d      0xa11 .\CortexM3\ARM_GCC_541\Debug\Scale.a(CyLib.o)
 .debug_loc     0x0000241e      0x1e4 .\CortexM3\ARM_GCC_541\Debug\Scale.a(cyPm.o)
 .debug_loc     0x00002602       0x39 .\CortexM3\ARM_GCC_541\Debug\Scale.a(I2COLED.o)
 .debug_loc     0x0000263b       0x29 .\CortexM3\ARM_GCC_541\Debug\Scale.a(I2COLED_INT.o)
 .debug_loc     0x00002664       0x13 .\CortexM3\ARM_GCC_541\Debug\Scale.a(I2COLED_PM.o)
 .debug_loc     0x00002677      0x52f .\CortexM3\ARM_GCC_541\Debug\Scale.a(I2COLED_MASTER.o)
 .debug_loc     0x00002ba6       0x56 .\CortexM3\ARM_GCC_541\Debug\Scale.a(isr_pin_1.o)
 .debug_loc     0x00002bfc      0x2f2 .\CortexM3\ARM_GCC_541\Debug\Scale.a(CyFlash.o)
 .debug_loc     0x00002eee      0x64d .\CortexM3\ARM_GCC_541\Debug\Scale.a(CySpc.o)

.debug_macinfo
 *(.debug_macinfo)

.debug_ranges   0x00000000      0xa00
 *(.debug_ranges)
 .debug_ranges  0x00000000       0x78 .\CortexM3\ARM_GCC_541\Debug\main.o
 .debug_ranges  0x00000078      0x120 .\CortexM3\ARM_GCC_541\Debug\ssd1306.o
 .debug_ranges  0x00000198       0x48 .\CortexM3\ARM_GCC_541\Debug\cyfitter_cfg.o
 .debug_ranges  0x000001e0       0x38 .\CortexM3\ARM_GCC_541\Debug\Cm3Start.o
 .debug_ranges  0x00000218       0xe0 .\CortexM3\ARM_GCC_541\Debug\Scale.a(UART_1.o)
 .debug_ranges  0x000002f8       0x70 .\CortexM3\ARM_GCC_541\Debug\Scale.a(isr_uart_rx.o)
 .debug_ranges  0x00000368       0x98 .\CortexM3\ARM_GCC_541\Debug\Scale.a(ADC_SAR_1.o)
 .debug_ranges  0x00000400       0x10 .\CortexM3\ARM_GCC_541\Debug\Scale.a(ADC_SAR_1_INT.o)
 .debug_ranges  0x00000410       0x60 .\CortexM3\ARM_GCC_541\Debug\Scale.a(UART_1_IntClock.o)
 .debug_ranges  0x00000470       0x60 .\CortexM3\ARM_GCC_541\Debug\Scale.a(ADC_SAR_1_theACLK.o)
 .debug_ranges  0x000004d0      0x290 .\CortexM3\ARM_GCC_541\Debug\Scale.a(CyLib.o)
 .debug_ranges  0x00000760       0x88 .\CortexM3\ARM_GCC_541\Debug\Scale.a(cyPm.o)
 .debug_ranges  0x000007e8       0x28 .\CortexM3\ARM_GCC_541\Debug\Scale.a(I2COLED.o)
 .debug_ranges  0x00000810       0x10 .\CortexM3\ARM_GCC_541\Debug\Scale.a(I2COLED_INT.o)
 .debug_ranges  0x00000820       0x28 .\CortexM3\ARM_GCC_541\Debug\Scale.a(I2COLED_PM.o)
 .debug_ranges  0x00000848       0x70 .\CortexM3\ARM_GCC_541\Debug\Scale.a(I2COLED_MASTER.o)
 .debug_ranges  0x000008b8       0x70 .\CortexM3\ARM_GCC_541\Debug\Scale.a(isr_pin_1.o)
 .debug_ranges  0x00000928       0x70 .\CortexM3\ARM_GCC_541\Debug\Scale.a(CyFlash.o)
 .debug_ranges  0x00000998       0x68 .\CortexM3\ARM_GCC_541\Debug\Scale.a(CySpc.o)

.comment        0x00000000       0x6e
 .comment       0x00000000       0x6e .\CortexM3\ARM_GCC_541\Debug\main.o
                                 0x6f (size before relaxing)
 .comment       0x0000006e       0x6f .\CortexM3\ARM_GCC_541\Debug\ssd1306.o
 .comment       0x0000006e       0x6f .\CortexM3\ARM_GCC_541\Debug\cyfitter_cfg.o
 .comment       0x0000006e       0x6f .\CortexM3\ARM_GCC_541\Debug\cymetadata.o
 .comment       0x0000006e       0x6f .\CortexM3\ARM_GCC_541\Debug\Cm3Start.o
 .comment       0x0000006e       0x6f .\CortexM3\ARM_GCC_541\Debug\Scale.a(UART_1.o)
 .comment       0x0000006e       0x6f .\CortexM3\ARM_GCC_541\Debug\Scale.a(isr_uart_rx.o)
 .comment       0x0000006e       0x6f .\CortexM3\ARM_GCC_541\Debug\Scale.a(ADC_SAR_1.o)
 .comment       0x0000006e       0x6f .\CortexM3\ARM_GCC_541\Debug\Scale.a(ADC_SAR_1_INT.o)
 .comment       0x0000006e       0x6f .\CortexM3\ARM_GCC_541\Debug\Scale.a(UART_1_IntClock.o)
 .comment       0x0000006e       0x6f .\CortexM3\ARM_GCC_541\Debug\Scale.a(ADC_SAR_1_theACLK.o)
 .comment       0x0000006e       0x6f .\CortexM3\ARM_GCC_541\Debug\Scale.a(CyLib.o)
 .comment       0x0000006e       0x6f .\CortexM3\ARM_GCC_541\Debug\Scale.a(cyPm.o)
 .comment       0x0000006e       0x6f .\CortexM3\ARM_GCC_541\Debug\Scale.a(I2COLED.o)
 .comment       0x0000006e       0x6f .\CortexM3\ARM_GCC_541\Debug\Scale.a(I2COLED_INT.o)
 .comment       0x0000006e       0x6f .\CortexM3\ARM_GCC_541\Debug\Scale.a(I2COLED_PM.o)
 .comment       0x0000006e       0x6f .\CortexM3\ARM_GCC_541\Debug\Scale.a(I2COLED_MASTER.o)
 .comment       0x0000006e       0x6f .\CortexM3\ARM_GCC_541\Debug\Scale.a(isr_pin_1.o)
 .comment       0x0000006e       0x6f .\CortexM3\ARM_GCC_541\Debug\Scale.a(CyFlash.o)
 .comment       0x0000006e       0x6f .\CortexM3\ARM_GCC_541\Debug\Scale.a(CySpc.o)

.debug_weaknames
 *(.debug_weaknames)

.debug_funcnames
 *(.debug_funcnames)

.debug_typenames
 *(.debug_typenames)

.debug_varnames
 *(.debug_varnames)

.note.gnu.arm.ident
 *(.note.gnu.arm.ident)

.ARM.attributes
                0x00000000       0x29
 *(.ARM.attributes)
 .ARM.attributes
                0x00000000       0x1d c:/program files (x86)/cypress/psoc creator/4.4/psoc creator/import/gnu/arm/5.4.1/bin/../lib/gcc/arm-none-eabi/5.4.1/armv7-m/crti.o
 .ARM.attributes
                0x0000001d       0x2d c:/program files (x86)/cypress/psoc creator/4.4/psoc creator/import/gnu/arm/5.4.1/bin/../lib/gcc/arm-none-eabi/5.4.1/armv7-m/crtbegin.o
 .ARM.attributes
                0x0000004a       0x1b c:/program files (x86)/cypress/psoc creator/4.4/psoc creator/import/gnu/arm/5.4.1/bin/../lib/gcc/arm-none-eabi/5.4.1/../../../../arm-none-eabi/lib/armv7-m/crt0.o
 .ARM.attributes
                0x00000065       0x33 .\CortexM3\ARM_GCC_541\Debug\main.o
 .ARM.attributes
                0x00000098       0x33 .\CortexM3\ARM_GCC_541\Debug\ssd1306.o
 .ARM.attributes
                0x000000cb       0x33 .\CortexM3\ARM_GCC_541\Debug\cyfitter_cfg.o
 .ARM.attributes
                0x000000fe       0x33 .\CortexM3\ARM_GCC_541\Debug\cymetadata.o
 .ARM.attributes
                0x00000131       0x33 .\CortexM3\ARM_GCC_541\Debug\Cm3Start.o
 .ARM.attributes
                0x00000164       0x33 .\CortexM3\ARM_GCC_541\Debug\Scale.a(UART_1.o)
 .ARM.attributes
                0x00000197       0x33 .\CortexM3\ARM_GCC_541\Debug\Scale.a(isr_uart_rx.o)
 .ARM.attributes
                0x000001ca       0x33 .\CortexM3\ARM_GCC_541\Debug\Scale.a(ADC_SAR_1.o)
 .ARM.attributes
                0x000001fd       0x33 .\CortexM3\ARM_GCC_541\Debug\Scale.a(ADC_SAR_1_INT.o)
 .ARM.attributes
                0x00000230       0x33 .\CortexM3\ARM_GCC_541\Debug\Scale.a(UART_1_IntClock.o)
 .ARM.attributes
                0x00000263       0x33 .\CortexM3\ARM_GCC_541\Debug\Scale.a(ADC_SAR_1_theACLK.o)
 .ARM.attributes
                0x00000296       0x33 .\CortexM3\ARM_GCC_541\Debug\Scale.a(CyLib.o)
 .ARM.attributes
                0x000002c9       0x33 .\CortexM3\ARM_GCC_541\Debug\Scale.a(cyPm.o)
 .ARM.attributes
                0x000002fc       0x33 .\CortexM3\ARM_GCC_541\Debug\Scale.a(I2COLED.o)
 .ARM.attributes
                0x0000032f       0x33 .\CortexM3\ARM_GCC_541\Debug\Scale.a(I2COLED_INT.o)
 .ARM.attributes
                0x00000362       0x33 .\CortexM3\ARM_GCC_541\Debug\Scale.a(I2COLED_PM.o)
 .ARM.attributes
                0x00000395       0x33 .\CortexM3\ARM_GCC_541\Debug\Scale.a(I2COLED_MASTER.o)
 .ARM.attributes
                0x000003c8       0x33 .\CortexM3\ARM_GCC_541\Debug\Scale.a(isr_pin_1.o)
 .ARM.attributes
                0x000003fb       0x21 .\CortexM3\ARM_GCC_541\Debug\Scale.a(CyBootAsmGnu.o)
 .ARM.attributes
                0x0000041c       0x33 .\CortexM3\ARM_GCC_541\Debug\Scale.a(CyFlash.o)
 .ARM.attributes
                0x0000044f       0x33 .\CortexM3\ARM_GCC_541\Debug\Scale.a(CySpc.o)
 .ARM.attributes
                0x00000482       0x1d c:/program files (x86)/cypress/psoc creator/4.4/psoc creator/import/gnu/arm/5.4.1/bin/../lib/gcc/arm-none-eabi/5.4.1/armv7-m\libgcc.a(_arm_addsubdf3.o)
 .ARM.attributes
                0x0000049f       0x1d c:/program files (x86)/cypress/psoc creator/4.4/psoc creator/import/gnu/arm/5.4.1/bin/../lib/gcc/arm-none-eabi/5.4.1/armv7-m\libgcc.a(_arm_muldivdf3.o)
 .ARM.attributes
                0x000004bc       0x1d c:/program files (x86)/cypress/psoc creator/4.4/psoc creator/import/gnu/arm/5.4.1/bin/../lib/gcc/arm-none-eabi/5.4.1/armv7-m\libgcc.a(_arm_truncdfsf2.o)
 .ARM.attributes
                0x000004d9       0x1d c:/program files (x86)/cypress/psoc creator/4.4/psoc creator/import/gnu/arm/5.4.1/bin/../lib/gcc/arm-none-eabi/5.4.1/armv7-m\libgcc.a(_arm_addsubsf3.o)
 .ARM.attributes
                0x000004f6       0x1d c:/program files (x86)/cypress/psoc creator/4.4/psoc creator/import/gnu/arm/5.4.1/bin/../lib/gcc/arm-none-eabi/5.4.1/armv7-m\libgcc.a(_arm_muldivsf3.o)
 .ARM.attributes
                0x00000513       0x1d c:/program files (x86)/cypress/psoc creator/4.4/psoc creator/import/gnu/arm/5.4.1/bin/../lib/gcc/arm-none-eabi/5.4.1/armv7-m\libgcc.a(_aeabi_ldivmod.o)
 .ARM.attributes
                0x00000530       0x2d c:/program files (x86)/cypress/psoc creator/4.4/psoc creator/import/gnu/arm/5.4.1/bin/../lib/gcc/arm-none-eabi/5.4.1/armv7-m\libgcc.a(_udivmoddi4.o)
 .ARM.attributes
                0x0000055d       0x1d c:/program files (x86)/cypress/psoc creator/4.4/psoc creator/import/gnu/arm/5.4.1/bin/../lib/gcc/arm-none-eabi/5.4.1/armv7-m\libgcc.a(_dvmd_tls.o)
 .ARM.attributes
                0x0000057a       0x2d c:/program files (x86)/cypress/psoc creator/4.4/psoc creator/import/gnu/arm/5.4.1/bin/../lib/gcc/arm-none-eabi/5.4.1/../../../../arm-none-eabi/lib/armv7-m\libg_nano.a(lib_a-errno.o)
 .ARM.attributes
                0x000005a7       0x2d c:/program files (x86)/cypress/psoc creator/4.4/psoc creator/import/gnu/arm/5.4.1/bin/../lib/gcc/arm-none-eabi/5.4.1/../../../../arm-none-eabi/lib/armv7-m\libg_nano.a(lib_a-exit.o)
 .ARM.attributes
                0x000005d4       0x2d c:/program files (x86)/cypress/psoc creator/4.4/psoc creator/import/gnu/arm/5.4.1/bin/../lib/gcc/arm-none-eabi/5.4.1/../../../../arm-none-eabi/lib/armv7-m\libg_nano.a(lib_a-impure.o)
 .ARM.attributes
                0x00000601       0x2d c:/program files (x86)/cypress/psoc creator/4.4/psoc creator/import/gnu/arm/5.4.1/bin/../lib/gcc/arm-none-eabi/5.4.1/../../../../arm-none-eabi/lib/armv7-m\libg_nano.a(lib_a-init.o)
 .ARM.attributes
                0x0000062e       0x2d c:/program files (x86)/cypress/psoc creator/4.4/psoc creator/import/gnu/arm/5.4.1/bin/../lib/gcc/arm-none-eabi/5.4.1/../../../../arm-none-eabi/lib/armv7-m\libg_nano.a(lib_a-memcpy-stub.o)
 .ARM.attributes
                0x0000065b       0x2d c:/program files (x86)/cypress/psoc creator/4.4/psoc creator/import/gnu/arm/5.4.1/bin/../lib/gcc/arm-none-eabi/5.4.1/../../../../arm-none-eabi/lib/armv7-m\libg_nano.a(lib_a-memset.o)
 .ARM.attributes
                0x00000688       0x2d c:/program files (x86)/cypress/psoc creator/4.4/psoc creator/import/gnu/arm/5.4.1/bin/../lib/gcc/arm-none-eabi/5.4.1/../../../../arm-none-eabi/lib/armv7-m\libg_nano.a(lib_a-nano-vfprintf_float.o)
 .ARM.attributes
                0x000006b5       0x2d c:/program files (x86)/cypress/psoc creator/4.4/psoc creator/import/gnu/arm/5.4.1/bin/../lib/gcc/arm-none-eabi/5.4.1/../../../../arm-none-eabi/lib/armv7-m\libg_nano.a(lib_a-nano-vfprintf_i.o)
 .ARM.attributes
                0x000006e2       0x2d c:/program files (x86)/cypress/psoc creator/4.4/psoc creator/import/gnu/arm/5.4.1/bin/../lib/gcc/arm-none-eabi/5.4.1/../../../../arm-none-eabi/lib/armv7-m\libg_nano.a(lib_a-snprintf.o)
 .ARM.attributes
                0x0000070f       0x2d c:/program files (x86)/cypress/psoc creator/4.4/psoc creator/import/gnu/arm/5.4.1/bin/../lib/gcc/arm-none-eabi/5.4.1/../../../../arm-none-eabi/lib/armv7-m\libg_nano.a(lib_a-sprintf.o)
 .ARM.attributes
                0x0000073c       0x17 c:/program files (x86)/cypress/psoc creator/4.4/psoc creator/import/gnu/arm/5.4.1/bin/../lib/gcc/arm-none-eabi/5.4.1/../../../../arm-none-eabi/lib/armv7-m\libg_nano.a(lib_a-strlen.o)
 .ARM.attributes
                0x00000753       0x2d c:/program files (x86)/cypress/psoc creator/4.4/psoc creator/import/gnu/arm/5.4.1/bin/../lib/gcc/arm-none-eabi/5.4.1/../../../../arm-none-eabi/lib/armv7-m\libg_nano.a(lib_a-dtoa.o)
 .ARM.attributes
                0x00000780       0x2d c:/program files (x86)/cypress/psoc creator/4.4/psoc creator/import/gnu/arm/5.4.1/bin/../lib/gcc/arm-none-eabi/5.4.1/../../../../arm-none-eabi/lib/armv7-m\libg_nano.a(lib_a-locale.o)
 .ARM.attributes
                0x000007ad       0x2d c:/program files (x86)/cypress/psoc creator/4.4/psoc creator/import/gnu/arm/5.4.1/bin/../lib/gcc/arm-none-eabi/5.4.1/../../../../arm-none-eabi/lib/armv7-m\libg_nano.a(lib_a-malloc.o)
 .ARM.attributes
                0x000007da       0x2d c:/program files (x86)/cypress/psoc creator/4.4/psoc creator/import/gnu/arm/5.4.1/bin/../lib/gcc/arm-none-eabi/5.4.1/../../../../arm-none-eabi/lib/armv7-m\libg_nano.a(lib_a-memchr-stub.o)
 .ARM.attributes
                0x00000807       0x2d c:/program files (x86)/cypress/psoc creator/4.4/psoc creator/import/gnu/arm/5.4.1/bin/../lib/gcc/arm-none-eabi/5.4.1/../../../../arm-none-eabi/lib/armv7-m\libg_nano.a(lib_a-mprec.o)
 .ARM.attributes
                0x00000834       0x2d c:/program files (x86)/cypress/psoc creator/4.4/psoc creator/import/gnu/arm/5.4.1/bin/../lib/gcc/arm-none-eabi/5.4.1/../../../../arm-none-eabi/lib/armv7-m\libg_nano.a(lib_a-nano-callocr.o)
 .ARM.attributes
                0x00000861       0x2d c:/program files (x86)/cypress/psoc creator/4.4/psoc creator/import/gnu/arm/5.4.1/bin/../lib/gcc/arm-none-eabi/5.4.1/../../../../arm-none-eabi/lib/armv7-m\libg_nano.a(lib_a-nano-freer.o)
 .ARM.attributes
                0x0000088e       0x2d c:/program files (x86)/cypress/psoc creator/4.4/psoc creator/import/gnu/arm/5.4.1/bin/../lib/gcc/arm-none-eabi/5.4.1/../../../../arm-none-eabi/lib/armv7-m\libg_nano.a(lib_a-nano-mallocr.o)
 .ARM.attributes
                0x000008bb       0x2d c:/program files (x86)/cypress/psoc creator/4.4/psoc creator/import/gnu/arm/5.4.1/bin/../lib/gcc/arm-none-eabi/5.4.1/../../../../arm-none-eabi/lib/armv7-m\libg_nano.a(lib_a-nano-svfprintf.o)
 .ARM.attributes
                0x000008e8       0x2d c:/program files (x86)/cypress/psoc creator/4.4/psoc creator/import/gnu/arm/5.4.1/bin/../lib/gcc/arm-none-eabi/5.4.1/../../../../arm-none-eabi/lib/armv7-m\libg_nano.a(lib_a-sbrkr.o)
 .ARM.attributes
                0x00000915       0x1b c:/program files (x86)/cypress/psoc creator/4.4/psoc creator/import/gnu/arm/5.4.1/bin/../lib/gcc/arm-none-eabi/5.4.1/../../../../arm-none-eabi/lib/armv7-m\libg_nano.a(lib_a-strcmp.o)
 .ARM.attributes
                0x00000930       0x2d c:/program files (x86)/cypress/psoc creator/4.4/psoc creator/import/gnu/arm/5.4.1/bin/../lib/gcc/arm-none-eabi/5.4.1/../../../../arm-none-eabi/lib/armv7-m\libg_nano.a(lib_a-memmove.o)
 .ARM.attributes
                0x0000095d       0x2d c:/program files (x86)/cypress/psoc creator/4.4/psoc creator/import/gnu/arm/5.4.1/bin/../lib/gcc/arm-none-eabi/5.4.1/../../../../arm-none-eabi/lib/armv7-m\libg_nano.a(lib_a-mlock.o)
 .ARM.attributes
                0x0000098a       0x2d c:/program files (x86)/cypress/psoc creator/4.4/psoc creator/import/gnu/arm/5.4.1/bin/../lib/gcc/arm-none-eabi/5.4.1/../../../../arm-none-eabi/lib/armv7-m\libg_nano.a(lib_a-nano-reallocr.o)
 .ARM.attributes
                0x000009b7       0x2d c:/program files (x86)/cypress/psoc creator/4.4/psoc creator/import/gnu/arm/5.4.1/bin/../lib/gcc/arm-none-eabi/5.4.1/../../../../arm-none-eabi/lib/armv7-m\libg_nano.a(lib_a-reent.o)
 .ARM.attributes
                0x000009e4       0x2d c:/program files (x86)/cypress/psoc creator/4.4/psoc creator/import/gnu/arm/5.4.1/bin/../lib/gcc/arm-none-eabi/5.4.1/../../../../arm-none-eabi/lib/armv7-m\libg_nano.a(lib_a-nano-msizer.o)
 .ARM.attributes
                0x00000a11       0x1d c:/program files (x86)/cypress/psoc creator/4.4/psoc creator/import/gnu/arm/5.4.1/bin/../lib/gcc/arm-none-eabi/5.4.1/armv7-m\libgcc.a(_arm_cmpdf2.o)
 .ARM.attributes
                0x00000a2e       0x1d c:/program files (x86)/cypress/psoc creator/4.4/psoc creator/import/gnu/arm/5.4.1/bin/../lib/gcc/arm-none-eabi/5.4.1/armv7-m\libgcc.a(_arm_unorddf2.o)
 .ARM.attributes
                0x00000a4b       0x1d c:/program files (x86)/cypress/psoc creator/4.4/psoc creator/import/gnu/arm/5.4.1/bin/../lib/gcc/arm-none-eabi/5.4.1/armv7-m\libgcc.a(_arm_fixdfsi.o)
 .ARM.attributes
                0x00000a68       0x2d c:/program files (x86)/cypress/psoc creator/4.4/psoc creator/import/gnu/arm/5.4.1/bin/../lib/gcc/arm-none-eabi/5.4.1/armv7-m/crtend.o
 .ARM.attributes
                0x00000a95       0x1d c:/program files (x86)/cypress/psoc creator/4.4/psoc creator/import/gnu/arm/5.4.1/bin/../lib/gcc/arm-none-eabi/5.4.1/armv7-m/crtn.o

/DISCARD/
 *(.note.GNU-stack)
OUTPUT(C:\au\gsv\lab3\Scale.cydsn\CortexM3\ARM_GCC_541\Debug\Scale.elf elf32-littlearm)
